Component: ARM Compiler 5.06 update 6 (build 750) Tool: armlink [4d35ed]

==============================================================================

Section Cross References

    startup_stm32f103xb.o(STACK) refers (Special) to heapauxi.o(.text) for __use_two_region_memory
    startup_stm32f103xb.o(HEAP) refers (Special) to heapauxi.o(.text) for __use_two_region_memory
    startup_stm32f103xb.o(RESET) refers (Special) to heapauxi.o(.text) for __use_two_region_memory
    startup_stm32f103xb.o(RESET) refers to startup_stm32f103xb.o(STACK) for __initial_sp
    startup_stm32f103xb.o(RESET) refers to startup_stm32f103xb.o(.text) for Reset_Handler
    startup_stm32f103xb.o(RESET) refers to stm32f1xx_it.o(i.NMI_Handler) for NMI_Handler
    startup_stm32f103xb.o(RESET) refers to stm32f1xx_it.o(i.HardFault_Handler) for HardFault_Handler
    startup_stm32f103xb.o(RESET) refers to stm32f1xx_it.o(i.MemManage_Handler) for MemManage_Handler
    startup_stm32f103xb.o(RESET) refers to stm32f1xx_it.o(i.BusFault_Handler) for BusFault_Handler
    startup_stm32f103xb.o(RESET) refers to stm32f1xx_it.o(i.UsageFault_Handler) for UsageFault_Handler
    startup_stm32f103xb.o(RESET) refers to stm32f1xx_it.o(i.SVC_Handler) for SVC_Handler
    startup_stm32f103xb.o(RESET) refers to stm32f1xx_it.o(i.DebugMon_Handler) for DebugMon_Handler
    startup_stm32f103xb.o(RESET) refers to stm32f1xx_it.o(i.PendSV_Handler) for PendSV_Handler
    startup_stm32f103xb.o(RESET) refers to stm32f1xx_it.o(i.SysTick_Handler) for SysTick_Handler
    startup_stm32f103xb.o(RESET) refers to stm32f1xx_it.o(i.TIM2_IRQHandler) for TIM2_IRQHandler
    startup_stm32f103xb.o(RESET) refers to stm32f1xx_it.o(i.USART1_IRQHandler) for USART1_IRQHandler
    startup_stm32f103xb.o(.text) refers (Special) to heapauxi.o(.text) for __use_two_region_memory
    startup_stm32f103xb.o(.text) refers to system_stm32f1xx.o(i.SystemInit) for SystemInit
    startup_stm32f103xb.o(.text) refers to __main.o(!!!main) for __main
    startup_stm32f103xb.o(.text) refers to startup_stm32f103xb.o(HEAP) for Heap_Mem
    startup_stm32f103xb.o(.text) refers to startup_stm32f103xb.o(STACK) for Stack_Mem
    main.o(i.ADC_Read) refers to stm32f1xx_hal_adc.o(i.HAL_ADC_Start) for HAL_ADC_Start
    main.o(i.ADC_Read) refers to stm32f1xx_hal_adc.o(i.HAL_ADC_PollForConversion) for HAL_ADC_PollForConversion
    main.o(i.ADC_Read) refers to stm32f1xx_hal_adc.o(i.HAL_ADC_GetValue) for HAL_ADC_GetValue
    main.o(i.ADC_Read) refers to adc.o(.bss) for hadc1
    main.o(i.HAL_DelayUs) refers to system_stm32f1xx.o(.data) for SystemCoreClock
    main.o(i.SystemClock_Config) refers to rt_memclr_w.o(.text) for __aeabi_memclr4
    main.o(i.SystemClock_Config) refers to stm32f1xx_hal_rcc.o(i.HAL_RCC_OscConfig) for HAL_RCC_OscConfig
    main.o(i.SystemClock_Config) refers to stm32f1xx_hal_rcc.o(i.HAL_RCC_ClockConfig) for HAL_RCC_ClockConfig
    main.o(i.SystemClock_Config) refers to stm32f1xx_hal_rcc_ex.o(i.HAL_RCCEx_PeriphCLKConfig) for HAL_RCCEx_PeriphCLKConfig
    main.o(i.main) refers to stm32f1xx_hal.o(i.HAL_Init) for HAL_Init
    main.o(i.main) refers to main.o(i.SystemClock_Config) for SystemClock_Config
    main.o(i.main) refers to gpio.o(i.MX_GPIO_Init) for MX_GPIO_Init
    main.o(i.main) refers to adc.o(i.MX_ADC1_Init) for MX_ADC1_Init
    main.o(i.main) refers to tim.o(i.MX_TIM2_Init) for MX_TIM2_Init
    main.o(i.main) refers to usart.o(i.MX_USART2_UART_Init) for MX_USART2_UART_Init
    main.o(i.main) refers to usart.o(i.MX_USART1_UART_Init) for MX_USART1_UART_Init
    main.o(i.main) refers to stm32f1xx_hal_tim.o(i.HAL_TIM_PWM_Start) for HAL_TIM_PWM_Start
    main.o(i.main) refers to main.o(i.ADC_Read) for ADC_Read
    main.o(i.main) refers to tim.o(i.PWM_SetDutyCycle) for PWM_SetDutyCycle
    main.o(i.main) refers to usart.o(i.USART2_SendDark) for USART2_SendDark
    main.o(i.main) refers to usart.o(i.USART1_SendLight) for USART1_SendLight
    main.o(i.main) refers to tim.o(i.HCSR04_Measure) for HCSR04_Measure
    main.o(i.main) refers to usart.o(i.USART1_SendDistance) for USART1_SendDistance
    main.o(i.main) refers to stm32f1xx_hal.o(i.HAL_Delay) for HAL_Delay
    main.o(i.main) refers to usart.o(i.USART2_SendBright) for USART2_SendBright
    main.o(i.main) refers to usart.o(i.USART2_SendWarning) for USART2_SendWarning
    main.o(i.main) refers to tim.o(.bss) for htim2
    main.o(i.main) refers to main.o(.constdata) for .constdata
    main.o(i.main) refers to main.o(.data) for .data
    gpio.o(i.MX_GPIO_Init) refers to stm32f1xx_hal_gpio.o(i.HAL_GPIO_WritePin) for HAL_GPIO_WritePin
    gpio.o(i.MX_GPIO_Init) refers to stm32f1xx_hal_gpio.o(i.HAL_GPIO_Init) for HAL_GPIO_Init
    adc.o(i.HAL_ADC_MspDeInit) refers to stm32f1xx_hal_gpio.o(i.HAL_GPIO_DeInit) for HAL_GPIO_DeInit
    adc.o(i.HAL_ADC_MspInit) refers to stm32f1xx_hal_gpio.o(i.HAL_GPIO_Init) for HAL_GPIO_Init
    adc.o(i.MX_ADC1_Init) refers to stm32f1xx_hal_adc.o(i.HAL_ADC_Init) for HAL_ADC_Init
[...]
    ..\Drivers\STM32F1xx_HAL_Driver\Src\stm32f1xx_hal_adc_ex.c 0x00000000   Number         0  stm32f1xx_hal_adc_ex.o ABSOLUTE
    ..\Drivers\STM32F1xx_HAL_Driver\Src\stm32f1xx_hal_cortex.c 0x00000000   Number         0  stm32f1xx_hal_cortex.o ABSOLUTE
    ..\Drivers\STM32F1xx_HAL_Driver\Src\stm32f1xx_hal_dma.c 0x00000000   Number         0  stm32f1xx_hal_dma.o ABSOLUTE
    ..\Drivers\STM32F1xx_HAL_Driver\Src\stm32f1xx_hal_exti.c 0x00000000   Number         0  stm32f1xx_hal_exti.o ABSOLUTE
    ..\Drivers\STM32F1xx_HAL_Driver\Src\stm32f1xx_hal_flash.c 0x00000000   Number         0  stm32f1xx_hal_flash.o ABSOLUTE
    ..\Drivers\STM32F1xx_HAL_Driver\Src\stm32f1xx_hal_flash_ex.c 0x00000000   Number         0  stm32f1xx_hal_flash_ex.o ABSOLUTE
    ..\Drivers\STM32F1xx_HAL_Driver\Src\stm32f1xx_hal_gpio.c 0x00000000   Number         0  stm32f1xx_hal_gpio.o ABSOLUTE
    ..\Drivers\STM32F1xx_HAL_Driver\Src\stm32f1xx_hal_gpio_ex.c 0x00000000   Number         0  stm32f1xx_hal_gpio_ex.o ABSOLUTE
    ..\Drivers\STM32F1xx_HAL_Driver\Src\stm32f1xx_hal_pwr.c 0x00000000   Number         0  stm32f1xx_hal_pwr.o ABSOLUTE
    ..\Drivers\STM32F1xx_HAL_Driver\Src\stm32f1xx_hal_rcc.c 0x00000000   Number         0  stm32f1xx_hal_rcc.o ABSOLUTE
    ..\Drivers\STM32F1xx_HAL_Driver\Src\stm32f1xx_hal_rcc_ex.c 0x00000000   Number         0  stm32f1xx_hal_rcc_ex.o ABSOLUTE
    ..\Drivers\STM32F1xx_HAL_Driver\Src\stm32f1xx_hal_tim.c 0x00000000   Number         0  stm32f1xx_hal_tim.o ABSOLUTE
    ..\Drivers\STM32F1xx_HAL_Driver\Src\stm32f1xx_hal_tim_ex.c 0x00000000   Number         0  stm32f1xx_hal_tim_ex.o ABSOLUTE
    ..\Drivers\STM32F1xx_HAL_Driver\Src\stm32f1xx_hal_uart.c 0x00000000   Number         0  stm32f1xx_hal_uart.o ABSOLUTE
    dc.s                                     0x00000000   Number         0  dc.o ABSOLUTE
    startup_stm32f103xb.s                    0x00000000   Number         0  startup_stm32f103xb.o ABSOLUTE
    RESET                                    0x08000000   Section      236  startup_stm32f103xb.o(RESET)
    !!!main                                  0x080000ec   Section        8  __main.o(!!!main)
    !!!scatter                               0x080000f4   Section       52  __scatter.o(!!!scatter)
    !!handler_copy                           0x08000128   Section       26  __scatter_copy.o(!!handler_copy)
    !!handler_zi                             0x08000144   Section       28  __scatter_zi.o(!!handler_zi)
    .ARM.Collect$$_printf_percent$$00000000  0x08000160   Section        0  _printf_percent.o(.ARM.Collect$$_printf_percent$$00000000)
    .ARM.Collect$$_printf_percent$$00000003  0x08000160   Section        6  _printf_f.o(.ARM.Collect$$_printf_percent$$00000003)
    .ARM.Collect$$_printf_percent$$00000009  0x08000166   Section        6  _printf_d.o(.ARM.Collect$$_printf_percent$$00000009)
    .ARM.Collect$$_printf_percent$$00000017  0x0800016c   Section        4  _printf_percent_end.o(.ARM.Collect$$_printf_percent$$00000017)
    .ARM.Collect$$libinit$$00000000          0x08000170   Section        2  libinit.o(.ARM.Collect$$libinit$$00000000)
    .ARM.Collect$$libinit$$00000002          0x08000172   Section        0  libinit2.o(.ARM.Collect$$libinit$$00000002)
    .ARM.Collect$$libinit$$00000004          0x08000172   Section        0  libinit2.o(.ARM.Collect$$libinit$$00000004)
    .ARM.Collect$$libinit$$0000000A          0x08000172   Section        0  libinit2.o(.ARM.Collect$$libinit$$0000000A)
    .ARM.Collect$$libinit$$0000000C          0x08000172   Section        0  libinit2.o(.ARM.Collect$$libinit$$0000000C)
    .ARM.Collect$$libinit$$0000000E          0x08000172   Section        0  libinit2.o(.ARM.Collect$$libinit$$0000000E)
    .ARM.Collect$$libinit$$0000000F          0x08000172   Section        6  libinit2.o(.ARM.Collect$$libinit$$0000000F)
    .ARM.Collect$$libinit$$00000011          0x08000178   Section        0  libinit2.o(.ARM.Collect$$libinit$$00000011)
    .ARM.Collect$$libinit$$00000013          0x08000178   Section        0  libinit2.o(.ARM.Collect$$libinit$$00000013)
    .ARM.Collect$$libinit$$00000015          0x08000178   Section        0  libinit2.o(.ARM.Collect$$libinit$$00000015)
    .ARM.Collect$$libinit$$00000016          0x08000178   Section       10  libinit2.o(.ARM.Collect$$libinit$$00000016)
    .ARM.Collect$$libinit$$00000017          0x08000182   Section        0  libinit2.o(.ARM.Collect$$libinit$$00000017)
    .ARM.Collect$$libinit$$00000019          0x08000182   Section        0  libinit2.o(.ARM.Collect$$libinit$$00000019)
    .ARM.Collect$$libinit$$0000001B          0x08000182   Section        0  libinit2.o(.ARM.Collect$$libinit$$0000001B)
    .ARM.Collect$$libinit$$0000001D          0x08000182   Section        0  libinit2.o(.ARM.Collect$$libinit$$0000001D)
    .ARM.Collect$$libinit$$0000001F          0x08000182   Section        0  libinit2.o(.ARM.Collect$$libinit$$0000001F)
    .ARM.Collect$$libinit$$00000021          0x08000182   Section        0  libinit2.o(.ARM.Collect$$libinit$$00000021)
    .ARM.Collect$$libinit$$00000023          0x08000182   Section        0  libinit2.o(.ARM.Collect$$libinit$$00000023)
    .ARM.Collect$$libinit$$00000025          0x08000182   Section        0  libinit2.o(.ARM.Collect$$libinit$$00000025)
    .ARM.Collect$$libinit$$0000002C          0x08000182   Section        0  libinit2.o(.ARM.Collect$$libinit$$0000002C)
    .ARM.Collect$$libinit$$0000002E          0x08000182   Section        0  libinit2.o(.ARM.Collect$$libinit$$0000002E)
    .ARM.Collect$$libinit$$00000030          0x08000182   Section        0  libinit2.o(.ARM.Collect$$libinit$$00000030)
    .ARM.Collect$$libinit$$00000032          0x08000182   Section        0  libinit2.o(.ARM.Collect$$libinit$$00000032)
    .ARM.Collect$$libinit$$00000033          0x08000182   Section        2  libinit2.o(.ARM.Collect$$libinit$$00000033)
    .ARM.Collect$$libshutdown$$00000000      0x08000184   Section        2  libshutdown.o(.ARM.Collect$$libshutdown$$00000000)
    .ARM.Collect$$libshutdown$$00000002      0x08000186   Section        0  libshutdown2.o(.ARM.Collect$$libshutdown$$00000002)
    .ARM.Collect$$libshutdown$$00000004      0x08000186   Section        0  libshutdown2.o(.ARM.Collect$$libshutdown$$00000004)
    .ARM.Collect$$libshutdown$$00000007      0x08000186   Section        0  libshutdown2.o(.ARM.Collect$$libshutdown$$00000007)
    .ARM.Collect$$libshutdown$$0000000A      0x08000186   Section        0  libshutdown2.o(.ARM.Collect$$libshutdown$$0000000A)
    .ARM.Collect$$libshutdown$$0000000C      0x08000186   Section        0  libshutdown2.o(.ARM.Collect$$libshutdown$$0000000C)
    .ARM.Collect$$libshutdown$$0000000F      0x08000186   Section        0  libshutdown2.o(.ARM.Collect$$libshutdown$$0000000F)
    .ARM.Collect$$libshutdown$$00000010      0x08000186   Section        2  libshutdown2.o(.ARM.Collect$$libshutdown$$00000010)
    .ARM.Collect$$rtentry$$00000000          0x08000188   Section        0  __rtentry.o(.ARM.Collect$$rtentry$$00000000)
    .ARM.Collect$$rtentry$$00000002          0x08000188   Section        0  __rtentry2.o(.ARM.Collect$$rtentry$$00000002)
    .ARM.Collect$$rtentry$$00000004          0x08000188   Section        6  __rtentry4.o(.ARM.Collect$$rtentry$$00000004)
    .ARM.Collect$$rtentry$$00000009          0x0800018e   Section        0  __rtentry2.o(.ARM.Collect$$rtentry$$00000009)
    .ARM.Collect$$rtentry$$0000000A          0x0800018e   Section        4  __rtentry2.o(.ARM.Collect$$rtentry$$0000000A)
    .ARM.Collect$$rtentry$$0000000C          0x08000192   Section        0  __rtentry2.o(.ARM.Collect$$rtentry$$0000000C)
    .ARM.Collect$$rtentry$$0000000D          0x08000192   Section        8  __rtentry2.o(.ARM.Collect$$rtentry$$0000000D)
    .ARM.Collect$$rtexit$$00000000           0x0800019a   Section        2  rtexit.o(.ARM.Collect$$rtexit$$00000000)
    .ARM.Collect$$rtexit$$00000002           0x0800019c   Section        0  rtexit2.o(.ARM.Collect$$rtexit$$00000002)
    .ARM.Collect$$rtexit$$00000003           0x0800019c   Section        4  rtexit2.o(.ARM.Collect$$rtexit$$00000003)
    .ARM.Collect$$rtexit$$00000004           0x080001a0   Section        6  rtexit2.o(.ARM.Collect$$rtexit$$00000004)
    .text                                    0x080001a8   Section       64  startup_stm32f103xb.o(.text)
    .text                                    0x080001e8   Section        0  __2snprintf.o(.text)
    .text                                    0x08000220   Section        0  _printf_dec.o(.text)
    .text                                    0x08000298   Section        0  __printf_wp.o(.text)
    .text                                    0x080003a6   Section      100  rt_memcpy_w.o(.text)
    .text                                    0x0800040a   Section       78  rt_memclr_w.o(.text)
    .text                                    0x08000458   Section        0  heapauxi.o(.text)
    .text                                    0x0800045e   Section        0  _printf_intcommon.o(.text)
    .text                                    0x08000510   Section        0  _printf_fp_dec.o(.text)
    _fp_digits                               0x08000513   Thumb Code   432  _printf_fp_dec.o(.text)
    .text                                    0x08000930   Section        0  _printf_char_common.o(.text)
    _printf_input_char                       0x08000931   Thumb Code    10  _printf_char_common.o(.text)
    .text                                    0x08000960   Section        0  _sputc.o(.text)
    .text                                    0x0800096a   Section        0  _snputc.o(.text)
    .text                                    0x0800097c   Section        8  rt_locale_intlibspace.o(.text)
    .text                                    0x08000984   Section      138  lludiv10.o(.text)
    .text                                    0x08000a10   Section        0  _printf_fp_infnan.o(.text)
    .text                                    0x08000a90   Section        0  bigflt0.o(.text)
    .text                                    0x08000b74   Section        8  libspace.o(.text)
    .text                                    0x08000b7c   Section       74  sys_stackheap_outer.o(.text)
    .text                                    0x08000bc6   Section        0  exit.o(.text)
    .text                                    0x08000bd8   Section      128  strcmpv7m.o(.text)
    .text                                    0x08000c58   Section        0  sys_exit.o(.text)
    .text                                    0x08000c64   Section        2  use_no_semi.o(.text)
    .text                                    0x08000c66   Section        0  indicate_semi.o(.text)
    CL$$btod_d2e                             0x08000c66   Section       62  btod.o(CL$$btod_d2e)
    CL$$btod_d2e_denorm_low                  0x08000ca4   Section       70  btod.o(CL$$btod_d2e_denorm_low)
    CL$$btod_d2e_norm_op1                    0x08000cea   Section       96  btod.o(CL$$btod_d2e_norm_op1)
    CL$$btod_div_common                      0x08000d4a   Section      824  btod.o(CL$$btod_div_common)
    CL$$btod_e2e                             0x08001082   Section      220  btod.o(CL$$btod_e2e)
    CL$$btod_ediv                            0x0800115e   Section       42  btod.o(CL$$btod_ediv)
    CL$$btod_emul                            0x08001188   Section       42  btod.o(CL$$btod_emul)
    CL$$btod_mult_common                     0x080011b2   Section      580  btod.o(CL$$btod_mult_common)
    i.ADC_ConversionStop_Disable             0x080013f8   Section        0  stm32f1xx_hal_adc.o(i.ADC_ConversionStop_Disable)
    i.ADC_Enable                             0x08001450   Section        0  stm32f1xx_hal_adc.o(i.ADC_Enable)
    i.ADC_Read                               0x080014cc   Section        0  main.o(i.ADC_Read)
    i.BusFault_Handler                       0x080014f0   Section        0  stm32f1xx_it.o(i.BusFault_Handler)
    i.DebugMon_Handler                       0x080014f2   Section        0  stm32f1xx_it.o(i.DebugMon_Handler)
    i.Error_Handler                          0x080014f4   Section        0  main.o(i.Error_Handler)
    i.HAL_ADC_ConfigChannel                  0x080014f8   Section        0  stm32f1xx_hal_adc.o(i.HAL_ADC_ConfigChannel)
    i.HAL_ADC_GetValue                       0x080015f4   Section        0  stm32f1xx_hal_adc.o(i.HAL_ADC_GetValue)
    i.HAL_ADC_Init                           0x080015fc   Section        0  stm32f1xx_hal_adc.o(i.HAL_ADC_Init)
    i.HAL_ADC_MspInit                        0x08001718   Section        0  adc.o(i.HAL_ADC_MspInit)
    i.HAL_ADC_PollForConversion              0x08001770   Section        0  stm32f1xx_hal_adc.o(i.HAL_ADC_PollForConversion)
    i.HAL_ADC_Start                          0x080018ac   Section        0  stm32f1xx_hal_adc.o(i.HAL_ADC_Start)
    i.HAL_DMA_Abort                          0x0800196c   Section        0  stm32f1xx_hal_dma.o(i.HAL_DMA_Abort)
    i.HAL_DMA_Abort_IT                       0x080019b4   Section        0  stm32f1xx_hal_dma.o(i.HAL_DMA_Abort_IT)
    i.HAL_Delay                              0x08001a4c   Section        0  stm32f1xx_hal.o(i.HAL_Delay)
    i.HAL_GPIO_Init                          0x08001a70   Section        0  stm32f1xx_hal_gpio.o(i.HAL_GPIO_Init)
    i.HAL_GPIO_ReadPin                       0x08001c50   Section        0  stm32f1xx_hal_gpio.o(i.HAL_GPIO_ReadPin)
    i.HAL_GPIO_WritePin                      0x08001c5a   Section        0  stm32f1xx_hal_gpio.o(i.HAL_GPIO_WritePin)
    i.HAL_GetTick                            0x08001c64   Section        0  stm32f1xx_hal.o(i.HAL_GetTick)
    i.HAL_IncTick                            0x08001c70   Section        0  stm32f1xx_hal.o(i.HAL_IncTick)
    i.HAL_Init                               0x08001c80   Section        0  stm32f1xx_hal.o(i.HAL_Init)
    i.HAL_InitTick                           0x08001ca4   Section        0  stm32f1xx_hal.o(i.HAL_InitTick)
    i.HAL_MspInit                            0x08001ce4   Section        0  stm32f1xx_hal_msp.o(i.HAL_MspInit)
    i.HAL_NVIC_EnableIRQ                     0x08001d20   Section        0  stm32f1xx_hal_cortex.o(i.HAL_NVIC_EnableIRQ)
    i.HAL_NVIC_SetPriority                   0x08001d3c   Section        0  stm32f1xx_hal_cortex.o(i.HAL_NVIC_SetPriority)
    i.HAL_NVIC_SetPriorityGrouping           0x08001d7c   Section        0  stm32f1xx_hal_cortex.o(i.HAL_NVIC_SetPriorityGrouping)
    i.HAL_RCCEx_GetPeriphCLKFreq             0x08001da0   Section        0  stm32f1xx_hal_rcc_ex.o(i.HAL_RCCEx_GetPeriphCLKFreq)
    i.HAL_RCCEx_PeriphCLKConfig              0x08001e44   Section        0  stm32f1xx_hal_rcc_ex.o(i.HAL_RCCEx_PeriphCLKConfig)
    i.HAL_RCC_ClockConfig                    0x08001f30   Section        0  stm32f1xx_hal_rcc.o(i.HAL_RCC_ClockConfig)
    i.HAL_RCC_GetPCLK1Freq                   0x0800205c   Section        0  stm32f1xx_hal_rcc.o(i.HAL_RCC_GetPCLK1Freq)
    i.HAL_RCC_GetPCLK2Freq                   0x0800207c   Section        0  stm32f1xx_hal_rcc.o(i.HAL_RCC_GetPCLK2Freq)
    i.HAL_RCC_GetSysClockFreq                0x0800209c   Section        0  stm32f1xx_hal_rcc.o(i.HAL_RCC_GetSysClockFreq)
    i.HAL_RCC_OscConfig                      0x080020e8   Section        0  stm32f1xx_hal_rcc.o(i.HAL_RCC_OscConfig)
    i.HAL_SYSTICK_Config                     0x08002408   Section        0  stm32f1xx_hal_cortex.o(i.HAL_SYSTICK_Config)
    i.HAL_TIMEx_BreakCallback                0x08002430   Section        0  stm32f1xx_hal_tim_ex.o(i.HAL_TIMEx_BreakCallback)
    i.HAL_TIMEx_CommutCallback               0x08002432   Section        0  stm32f1xx_hal_tim_ex.o(i.HAL_TIMEx_CommutCallback)
    i.HAL_TIMEx_MasterConfigSynchronization  0x08002434   Section        0  stm32f1xx_hal_tim_ex.o(i.HAL_TIMEx_MasterConfigSynchronization)
    i.HAL_TIM_Base_Init                      0x0800249c   Section        0  stm32f1xx_hal_tim.o(i.HAL_TIM_Base_Init)
    i.HAL_TIM_Base_MspInit                   0x080024f8   Section        0  tim.o(i.HAL_TIM_Base_MspInit)
    i.HAL_TIM_ConfigClockSource              0x08002530   Section        0  stm32f1xx_hal_tim.o(i.HAL_TIM_ConfigClockSource)
    i.HAL_TIM_IC_CaptureCallback             0x0800260c   Section        0  stm32f1xx_hal_tim.o(i.HAL_TIM_IC_CaptureCallback)
    i.HAL_TIM_IRQHandler                     0x0800260e   Section        0  stm32f1xx_hal_tim.o(i.HAL_TIM_IRQHandler)
    i.HAL_TIM_MspPostInit                    0x08002740   Section        0  tim.o(i.HAL_TIM_MspPostInit)
    i.HAL_TIM_OC_DelayElapsedCallback        0x080027a0   Section        0  stm32f1xx_hal_tim.o(i.HAL_TIM_OC_DelayElapsedCallback)
    i.HAL_TIM_PWM_ConfigChannel              0x080027a2   Section        0  stm32f1xx_hal_tim.o(i.HAL_TIM_PWM_ConfigChannel)
    i.HAL_TIM_PWM_Init                       0x0800286e   Section        0  stm32f1xx_hal_tim.o(i.HAL_TIM_PWM_Init)
    i.HAL_TIM_PWM_MspInit                    0x080028c8   Section        0  stm32f1xx_hal_tim.o(i.HAL_TIM_PWM_MspInit)
    i.HAL_TIM_PWM_PulseFinishedCallback      0x080028ca   Section        0  stm32f1xx_hal_tim.o(i.HAL_TIM_PWM_PulseFinishedCallback)
    i.HAL_TIM_PWM_Start                      0x080028cc   Section        0  stm32f1xx_hal_tim.o(i.HAL_TIM_PWM_Start)
    i.HAL_TIM_PeriodElapsedCallback          0x08002968   Section        0  stm32f1xx_hal_tim.o(i.HAL_TIM_PeriodElapsedCallback)
    i.HAL_TIM_TriggerCallback                0x0800296a   Section        0  stm32f1xx_hal_tim.o(i.HAL_TIM_TriggerCallback)
    i.HAL_UARTEx_RxEventCallback             0x0800296c   Section        0  stm32f1xx_hal_uart.o(i.HAL_UARTEx_RxEventCallback)
    i.HAL_UART_ErrorCallback                 0x0800296e   Section        0  stm32f1xx_hal_uart.o(i.HAL_UART_ErrorCallback)
    i.HAL_UART_IRQHandler                    0x08002970   Section        0  stm32f1xx_hal_uart.o(i.HAL_UART_IRQHandler)
    i.HAL_UART_Init                          0x08002bdc   Section        0  stm32f1xx_hal_uart.o(i.HAL_UART_Init)
    i.HAL_UART_MspInit                       0x08002c40   Section        0  usart.o(i.HAL_UART_MspInit)
    i.HAL_UART_RxCpltCallback                0x08002d0c   Section        0  stm32f1xx_hal_uart.o(i.HAL_UART_RxCpltCallback)
    i.HAL_UART_Transmit                      0x08002d0e   Section        0  stm32f1xx_hal_uart.o(i.HAL_UART_Transmit)
    i.HAL_UART_TxCpltCallback                0x08002dae   Section        0  stm32f1xx_hal_uart.o(i.HAL_UART_TxCpltCallback)
    i.HCSR04_Measure                         0x08002db0   Section        0  tim.o(i.HCSR04_Measure)
    i.HC_SR04_DelayUs                        0x08002e58   Section        0  tim.o(i.HC_SR04_DelayUs)
    i.HardFault_Handler                      0x08002e90   Section        0  stm32f1xx_it.o(i.HardFault_Handler)
    i.MX_ADC1_Init                           0x08002e94   Section        0  adc.o(i.MX_ADC1_Init)
    i.MX_GPIO_Init                           0x08002ee4   Section        0  gpio.o(i.MX_GPIO_Init)
    i.MX_TIM2_Init                           0x08002f64   Section        0  tim.o(i.MX_TIM2_Init)
    i.MX_USART1_UART_Init                    0x08002ffc   Section        0  usart.o(i.MX_USART1_UART_Init)
    i.MX_USART2_UART_Init                    0x08003034   Section        0  usart.o(i.MX_USART2_UART_Init)
    i.MemManage_Handler                      0x0800306c   Section        0  stm32f1xx_it.o(i.MemManage_Handler)
    i.NMI_Handler                            0x0800306e   Section        0  stm32f1xx_it.o(i.NMI_Handler)
    i.PWM_SetDutyCycle                       0x08003070   Section        0  tim.o(i.PWM_SetDutyCycle)
    i.PendSV_Handler                         0x0800307c   Section        0  stm32f1xx_it.o(i.PendSV_Handler)
    i.SVC_Handler                            0x0800307e   Section        0  stm32f1xx_it.o(i.SVC_Handler)
    i.SysTick_Handler                        0x08003080   Section        0  stm32f1xx_it.o(i.SysTick_Handler)
    i.SystemClock_Config                     0x08003084   Section        0  main.o(i.SystemClock_Config)
    i.SystemInit                             0x080030fc   Section        0  system_stm32f1xx.o(i.SystemInit)
    i.TIM2_IRQHandler                        0x08003100   Section        0  stm32f1xx_it.o(i.TIM2_IRQHandler)
    i.TIM_Base_SetConfig                     0x0800310c   Section        0  stm32f1xx_hal_tim.o(i.TIM_Base_SetConfig)
    i.TIM_CCxChannelCmd                      0x08003184   Section        0  stm32f1xx_hal_tim.o(i.TIM_CCxChannelCmd)
    i.TIM_ETR_SetConfig                      0x0800319e   Section        0  stm32f1xx_hal_tim.o(i.TIM_ETR_SetConfig)
    i.TIM_ITRx_SetConfig                     0x080031b2   Section        0  stm32f1xx_hal_tim.o(i.TIM_ITRx_SetConfig)
    TIM_ITRx_SetConfig                       0x080031b3   Thumb Code    16  stm32f1xx_hal_tim.o(i.TIM_ITRx_SetConfig)
    i.TIM_OC1_SetConfig                      0x080031c4   Section        0  stm32f1xx_hal_tim.o(i.TIM_OC1_SetConfig)
    TIM_OC1_SetConfig                        0x080031c5   Thumb Code    74  stm32f1xx_hal_tim.o(i.TIM_OC1_SetConfig)
    i.TIM_OC2_SetConfig                      0x08003214   Section        0  stm32f1xx_hal_tim.o(i.TIM_OC2_SetConfig)
    i.TIM_OC3_SetConfig                      0x0800326c   Section        0  stm32f1xx_hal_tim.o(i.TIM_OC3_SetConfig)
    TIM_OC3_SetConfig                        0x0800326d   Thumb Code    82  stm32f1xx_hal_tim.o(i.TIM_OC3_SetConfig)
    i.TIM_OC4_SetConfig                      0x080032c4   Section        0  stm32f1xx_hal_tim.o(i.TIM_OC4_SetConfig)
    TIM_OC4_SetConfig                        0x080032c5   Thumb Code    64  stm32f1xx_hal_tim.o(i.TIM_OC4_SetConfig)
    i.TIM_TI1_ConfigInputStage               0x08003308   Section        0  stm32f1xx_hal_tim.o(i.TIM_TI1_ConfigInputStage)
    TIM_TI1_ConfigInputStage                 0x08003309   Thumb Code    34  stm32f1xx_hal_tim.o(i.TIM_TI1_ConfigInputStage)
    i.TIM_TI2_ConfigInputStage               0x0800332a   Section        0  stm32f1xx_hal_tim.o(i.TIM_TI2_ConfigInputStage)
    TIM_TI2_ConfigInputStage                 0x0800332b   Thumb Code    36  stm32f1xx_hal_tim.o(i.TIM_TI2_ConfigInputStage)
    i.UART_DMAAbortOnError                   0x0800334e   Section        0  stm32f1xx_hal_uart.o(i.UART_DMAAbortOnError)
    UART_DMAAbortOnError                     0x0800334f   Thumb Code    16  stm32f1xx_hal_uart.o(i.UART_DMAAbortOnError)
    i.UART_EndRxTransfer                     0x0800335e   Section        0  stm32f1xx_hal_uart.o(i.UART_EndRxTransfer)
    UART_EndRxTransfer                       0x0800335f   Thumb Code    78  stm32f1xx_hal_uart.o(i.UART_EndRxTransfer)
    i.UART_Receive_IT                        0x080033ac   Section        0  stm32f1xx_hal_uart.o(i.UART_Receive_IT)
    UART_Receive_IT                          0x080033ad   Thumb Code   194  stm32f1xx_hal_uart.o(i.UART_Receive_IT)
    i.UART_SetConfig                         0x08003470   Section        0  stm32f1xx_hal_uart.o(i.UART_SetConfig)
    UART_SetConfig                           0x08003471   Thumb Code   178  stm32f1xx_hal_uart.o(i.UART_SetConfig)
    i.UART_WaitOnFlagUntilTimeout            0x08003528   Section        0  stm32f1xx_hal_uart.o(i.UART_WaitOnFlagUntilTimeout)
    UART_WaitOnFlagUntilTimeout              0x08003529   Thumb Code   114  stm32f1xx_hal_uart.o(i.UART_WaitOnFlagUntilTimeout)
    i.USART1_IRQHandler                      0x0800359c   Section        0  stm32f1xx_it.o(i.USART1_IRQHandler)
    i.USART1_SendDistance                    0x080035a8   Section        0  usart.o(i.USART1_SendDistance)
    i.USART1_SendLight                       0x080035dc   Section        0  usart.o(i.USART1_SendLight)
    i.USART2_SendBright                      0x08003610   Section        0  usart.o(i.USART2_SendBright)
    i.USART2_SendDark                        0x08003648   Section        0  usart.o(i.USART2_SendDark)
    i.USART2_SendWarning                     0x08003680   Section        0  usart.o(i.USART2_SendWarning)
    i.UsageFault_Handler                     0x080036b8   Section        0  stm32f1xx_it.o(i.UsageFault_Handler)
    i.__ARM_fpclassify                       0x080036ba   Section        0  fpclassify.o(i.__ARM_fpclassify)
    i.__NVIC_SetPriority                     0x080036e2   Section        0  stm32f1xx_hal_cortex.o(i.__NVIC_SetPriority)
    __NVIC_SetPriority                       0x080036e3   Thumb Code    32  stm32f1xx_hal_cortex.o(i.__NVIC_SetPriority)
    i._is_digit                              0x08003702   Section        0  __printf_wp.o(i._is_digit)
    i.main                                   0x08003710   Section        0  main.o(i.main)
    locale$$code                             0x0800384c   Section       44  lc_numeric_c.o(locale$$code)
    x$fpl$dretinf                            0x08003878   Section       12  dretinf.o(x$fpl$dretinf)
    x$fpl$f2d                                0x08003884   Section       86  f2d.o(x$fpl$f2d)
    x$fpl$fcheck1                            0x080038dc   Section       12  fcheck1.o(x$fpl$fcheck1)
    x$fpl$ffltu                              0x080038e8   Section       38  fflt_clz.o(x$fpl$ffltu)
    x$fpl$fmul                               0x08003910   Section      258  fmul.o(x$fpl$fmul)
    x$fpl$fnaninf                            0x08003a12   Section      140  fnaninf.o(x$fpl$fnaninf)
    x$fpl$fretinf                            0x08003a9e   Section       10  fretinf.o(x$fpl$fretinf)
    x$fpl$printf1                            0x08003aa8   Section        4  printf1.o(x$fpl$printf1)
    x$fpl$retnan                             0x08003aac   Section      100  retnan.o(x$fpl$retnan)
    x$fpl$scalbnf                            0x08003b10   Section       76  scalbnf.o(x$fpl$scalbnf)
    x$fpl$trapveneer                         0x08003b5c   Section       48  trapv.o(x$fpl$trapveneer)
    .constdata                               0x08003b8c   Section       10  main.o(.constdata)
    x$fpl$usenofp                            0x08003b8c   Section        0  usenofp.o(x$fpl$usenofp)
    .constdata                               0x08003b96   Section       18  stm32f1xx_hal_rcc.o(.constdata)
    aPredivFactorTable                       0x08003b96   Data           2  stm32f1xx_hal_rcc.o(.constdata)
    aPLLMULFactorTable                       0x08003b98   Data          16  stm32f1xx_hal_rcc.o(.constdata)
    .constdata                               0x08003ba8   Section       18  stm32f1xx_hal_rcc_ex.o(.constdata)
    aPredivFactorTable                       0x08003ba8   Data           2  stm32f1xx_hal_rcc_ex.o(.constdata)
    aPLLMULFactorTable                       0x08003baa   Data          16  stm32f1xx_hal_rcc_ex.o(.constdata)
    .constdata                               0x08003bba   Section       16  system_stm32f1xx.o(.constdata)
    .constdata                               0x08003bca   Section        8  system_stm32f1xx.o(.constdata)
    .constdata                               0x08003bd4   Section      148  bigflt0.o(.constdata)
    tenpwrs_x                                0x08003bd4   Data          60  bigflt0.o(.constdata)
    tenpwrs_i                                0x08003c10   Data          64  bigflt0.o(.constdata)
    locale$$data                             0x08003c88   Section       28  lc_numeric_c.o(locale$$data)
    __lcnum_c_name                           0x08003c8c   Data           2  lc_numeric_c.o(locale$$data)
    __lcnum_c_start                          0x08003c94   Data           0  lc_numeric_c.o(locale$$data)
    __lcnum_c_point                          0x08003ca0   Data           0  lc_numeric_c.o(locale$$data)
    __lcnum_c_thousands                      0x08003ca2   Data           0  lc_numeric_c.o(locale$$data)
    __lcnum_c_grouping                       0x08003ca3   Data           0  lc_numeric_c.o(locale$$data)
    __lcnum_c_end                            0x08003ca4   Data           0  lc_numeric_c.o(locale$$data)
    .data                                    0x20000000   Section        4  main.o(.data)
    current_level                            0x20000000   Data           1  main.o(.data)
    alarm_sent                               0x20000001   Data           1  main.o(.data)
    dark_sent                                0x20000002   Data           1  main.o(.data)
    bright_sent                              0x20000003   Data           1  main.o(.data)
    .data                                    0x20000004   Section       12  stm32f1xx_hal.o(.data)
    .data                                    0x20000010   Section        4  system_stm32f1xx.o(.data)
    .bss                                     0x20000014   Section       48  adc.o(.bss)
    .bss                                     0x20000044   Section       72  tim.o(.bss)
    .bss                                     0x2000008c   Section      144  usart.o(.bss)
    .bss                                     0x2000011c   Section       96  libspace.o(.bss)
    HEAP                                     0x20000180   Section      512  startup_stm32f103xb.o(HEAP)
    Heap_Mem                                 0x20000180   Data         512  startup_stm32f103xb.o(HEAP)
    STACK                                    0x20000380   Section     1024  startup_stm32f103xb.o(STACK)
    Stack_Mem                                0x20000380   Data        1024  startup_stm32f103xb.o(STACK)
    __initial_sp                             0x20000780   Data           0  startup_stm32f103xb.o(STACK)

    Global Symbols

    Symbol Name                              Value     Ov Type        Size  Object(Section)

    BuildAttributes$$THM_ISAv4$P$D$K$B$S$PE$A:L22UL41UL21$X:L11$S22US41US21$IEEE1$IW$USESV6$~STKCKD$USESV7$~SHL$OTIME$ROPI$IEEEJ$EBA8$UX$STANDARDLIB$REQ8$PRES8$EABIv2 0x00000000   Number         0  anon$$obj.o ABSOLUTE
    __ARM_use_no_argv                        0x00000000   Number         0  main.o ABSOLUTE
    _printf_flags                            0x00000000   Number         0  printf_stubs.o ABSOLUTE
    _printf_return_value                     0x00000000   Number         0  printf_stubs.o ABSOLUTE
    _printf_sizespec                         0x00000000   Number         0  printf_stubs.o ABSOLUTE
    _printf_widthprec                        0x00000000   Number         0  printf_stubs.o ABSOLUTE
    __ARM_exceptions_init                     - Undefined Weak Reference
    __alloca_initialize                       - Undefined Weak Reference
    __arm_preinit_                            - Undefined Weak Reference
    __cpp_initialize__aeabi_                  - Undefined Weak Reference
    __cxa_finalize                            - Undefined Weak Reference
    __sigvec_lookup                           - Undefined Weak Reference
    _atexit_init                              - Undefined Weak Reference
    _call_atexit_fns                          - Undefined Weak Reference
    _clock_init                               - Undefined Weak Reference
    _fp_trap_init                             - Undefined Weak Reference
    _fp_trap_shutdown                         - Undefined Weak Reference
    _get_lc_collate                           - Undefined Weak Reference
    _get_lc_ctype                             - Undefined Weak Reference
    _get_lc_monetary                          - Undefined Weak Reference
    _get_lc_time                              - Undefined Weak Reference
    _getenv_init                              - Undefined Weak Reference
    _handle_redirection                       - Undefined Weak Reference
    _init_alloc                               - Undefined Weak Reference
    _init_user_alloc                          - Undefined Weak Reference
    _initio                                   - Undefined Weak Reference
    _printf_post_padding                      - Undefined Weak Reference
    _printf_pre_padding                       - Undefined Weak Reference
    _printf_truncate_signed                   - Undefined Weak Reference
    _printf_truncate_unsigned                 - Undefined Weak Reference
    _rand_init                                - Undefined Weak Reference
    _signal_finish                            - Undefined Weak Reference
    _signal_init                              - Undefined Weak Reference
    _terminate_alloc                          - Undefined Weak Reference
    _terminate_user_alloc                     - Undefined Weak Reference
    _terminateio                              - Undefined Weak Reference
    __Vectors_Size                           0x000000ec   Number         0  startup_stm32f103xb.o ABSOLUTE
    __Vectors                                0x08000000   Data           4  startup_stm32f103xb.o(RESET)
    __Vectors_End                            0x080000ec   Data           0  startup_stm32f103xb.o(RESET)
    __main                                   0x080000ed   Thumb Code     8  __main.o(!!!main)
    __scatterload                            0x080000f5   Thumb Code     0  __scatter.o(!!!scatter)
    __scatterload_rt2                        0x080000f5   Thumb Code    44  __scatter.o(!!!scatter)
    __scatterload_rt2_thumb_only             0x080000f5   Thumb Code     0  __scatter.o(!!!scatter)
    __scatterload_null                       0x08000103   Thumb Code     0  __scatter.o(!!!scatter)
    __scatterload_copy                       0x08000129   Thumb Code    26  __scatter_copy.o(!!handler_copy)
    __scatterload_zeroinit                   0x08000145   Thumb Code    28  __scatter_zi.o(!!handler_zi)
    _printf_f                                0x08000161   Thumb Code     0  _printf_f.o(.ARM.Collect$$_printf_percent$$00000003)
    _printf_percent                          0x08000161   Thumb Code     0  _printf_percent.o(.ARM.Collect$$_printf_percent$$00000000)
    _printf_d                                0x08000167   Thumb Code     0  _printf_d.o(.ARM.Collect$$_printf_percent$$00000009)
    _printf_percent_end                      0x0800016d   Thumb Code     0  _printf_percent_end.o(.ARM.Collect$$_printf_percent$$00000017)
    __rt_lib_init                            0x08000171   Thumb Code     0  libinit.o(.ARM.Collect$$libinit$$00000000)
    __rt_lib_init_fp_1                       0x08000173   Thumb Code     0  libinit2.o(.ARM.Collect$$libinit$$00000002)
    __rt_lib_init_heap_1                     0x08000173   Thumb Code     0  libinit2.o(.ARM.Collect$$libinit$$0000000A)
    __rt_lib_init_lc_common                  0x08000173   Thumb Code     0  libinit2.o(.ARM.Collect$$libinit$$0000000F)
    __rt_lib_init_preinit_1                  0x08000173   Thumb Code     0  libinit2.o(.ARM.Collect$$libinit$$00000004)
    __rt_lib_init_rand_1                     0x08000173   Thumb Code     0  libinit2.o(.ARM.Collect$$libinit$$0000000E)
    __rt_lib_init_user_alloc_1               0x08000173   Thumb Code     0  libinit2.o(.ARM.Collect$$libinit$$0000000C)
    __rt_lib_init_lc_collate_1               0x08000179   Thumb Code     0  libinit2.o(.ARM.Collect$$libinit$$00000011)
    __rt_lib_init_lc_ctype_1                 0x08000179   Thumb Code     0  libinit2.o(.ARM.Collect$$libinit$$00000013)
    __rt_lib_init_lc_monetary_1              0x08000179   Thumb Code     0  libinit2.o(.ARM.Collect$$libinit$$00000015)
    __rt_lib_init_lc_numeric_2               0x08000179   Thumb Code     0  libinit2.o(.ARM.Collect$$libinit$$00000016)
    __rt_lib_init_alloca_1                   0x08000183   Thumb Code     0  libinit2.o(.ARM.Collect$$libinit$$0000002E)
    __rt_lib_init_argv_1                     0x08000183   Thumb Code     0  libinit2.o(.ARM.Collect$$libinit$$0000002C)
    __rt_lib_init_atexit_1                   0x08000183   Thumb Code     0  libinit2.o(.ARM.Collect$$libinit$$0000001B)
    __rt_lib_init_clock_1                    0x08000183   Thumb Code     0  libinit2.o(.ARM.Collect$$libinit$$00000021)
    __rt_lib_init_cpp_1                      0x08000183   Thumb Code     0  libinit2.o(.ARM.Collect$$libinit$$00000032)
    __rt_lib_init_exceptions_1               0x08000183   Thumb Code     0  libinit2.o(.ARM.Collect$$libinit$$00000030)
    __rt_lib_init_fp_trap_1                  0x08000183   Thumb Code     0  libinit2.o(.ARM.Collect$$libinit$$0000001F)
    __rt_lib_init_getenv_1                   0x08000183   Thumb Code     0  libinit2.o(.ARM.Collect$$libinit$$00000023)
    __rt_lib_init_lc_numeric_1               0x08000183   Thumb Code     0  libinit2.o(.ARM.Collect$$libinit$$00000017)
    __rt_lib_init_lc_time_1                  0x08000183   Thumb Code     0  libinit2.o(.ARM.Collect$$libinit$$00000019)
    __rt_lib_init_return                     0x08000183   Thumb Code     0  libinit2.o(.ARM.Collect$$libinit$$00000033)
    __rt_lib_init_signal_1                   0x08000183   Thumb Code     0  libinit2.o(.ARM.Collect$$libinit$$0000001D)
    __rt_lib_init_stdio_1                    0x08000183   Thumb Code     0  libinit2.o(.ARM.Collect$$libinit$$00000025)
    __rt_lib_shutdown                        0x08000185   Thumb Code     0  libshutdown.o(.ARM.Collect$$libshutdown$$00000000)
    __rt_lib_shutdown_cpp_1                  0x08000187   Thumb Code     0  libshutdown2.o(.ARM.Collect$$libshutdown$$00000002)
    __rt_lib_shutdown_fp_trap_1              0x08000187   Thumb Code     0  libshutdown2.o(.ARM.Collect$$libshutdown$$00000007)
    __rt_lib_shutdown_heap_1                 0x08000187   Thumb Code     0  libshutdown2.o(.ARM.Collect$$libshutdown$$0000000F)
    __rt_lib_shutdown_return                 0x08000187   Thumb Code     0  libshutdown2.o(.ARM.Collect$$libshutdown$$00000010)
    __rt_lib_shutdown_signal_1               0x08000187   Thumb Code     0  libshutdown2.o(.ARM.Collect$$libshutdown$$0000000A)
    __rt_lib_shutdown_stdio_1                0x08000187   Thumb Code     0  libshutdown2.o(.ARM.Collect$$libshutdown$$00000004)
    __rt_lib_shutdown_user_alloc_1           0x08000187   Thumb Code     0  libshutdown2.o(.ARM.Collect$$libshutdown$$0000000C)
    __rt_entry                               0x08000189   Thumb Code     0  __rtentry.o(.ARM.Collect$$rtentry$$00000000)
    __rt_entry_presh_1                       0x08000189   Thumb Code     0  __rtentry2.o(.ARM.Collect$$rtentry$$00000002)
    __rt_entry_sh                            0x08000189   Thumb Code     0  __rtentry4.o(.ARM.Collect$$rtentry$$00000004)
    __rt_entry_li                            0x0800018f   Thumb Code     0  __rtentry2.o(.ARM.Collect$$rtentry$$0000000A)
    __rt_entry_postsh_1                      0x0800018f   Thumb Code     0  __rtentry2.o(.ARM.Collect$$rtentry$$00000009)
    __rt_entry_main                          0x08000193   Thumb Code     0  __rtentry2.o(.ARM.Collect$$rtentry$$0000000D)
    __rt_entry_postli_1                      0x08000193   Thumb Code     0  __rtentry2.o(.ARM.Collect$$rtentry$$0000000C)
    __rt_exit                                0x0800019b   Thumb Code     0  rtexit.o(.ARM.Collect$$rtexit$$00000000)
    __rt_exit_ls                             0x0800019d   Thumb Code     0  rtexit2.o(.ARM.Collect$$rtexit$$00000003)
    __rt_exit_prels_1                        0x0800019d   Thumb Code     0  rtexit2.o(.ARM.Collect$$rtexit$$00000002)
    __rt_exit_exit                           0x080001a1   Thumb Code     0  rtexit2.o(.ARM.Collect$$rtexit$$00000004)
    Reset_Handler                            0x080001a9   Thumb Code     8  startup_stm32f103xb.o(.text)
    ADC1_2_IRQHandler                        0x080001c3   Thumb Code     0  startup_stm32f103xb.o(.text)
    CAN1_RX1_IRQHandler                      0x080001c3   Thumb Code     0  startup_stm32f103xb.o(.text)
    CAN1_SCE_IRQHandler                      0x080001c3   Thumb Code     0  startup_stm32f103xb.o(.text)
    DMA1_Channel1_IRQHandler                 0x080001c3   Thumb Code     0  startup_stm32f103xb.o(.text)
    DMA1_Channel2_IRQHandler                 0x080001c3   Thumb Code     0  startup_stm32f103xb.o(.text)
    DMA1_Channel3_IRQHandler                 0x080001c3   Thumb Code     0  startup_stm32f103xb.o(.text)
    DMA1_Channel4_IRQHandler                 0x080001c3   Thumb Code     0  startup_stm32f103xb.o(.text)
    DMA1_Channel5_IRQHandler                 0x080001c3   Thumb Code     0  startup_stm32f103xb.o(.text)
    DMA1_Channel6_IRQHandler                 0x080001c3   Thumb Code     0  startup_stm32f103xb.o(.text)
    DMA1_Channel7_IRQHandler                 0x080001c3   Thumb Code     0  startup_stm32f103xb.o(.text)
    EXTI0_IRQHandler                         0x080001c3   Thumb Code     0  startup_stm32f103xb.o(.text)
    EXTI15_10_IRQHandler                     0x080001c3   Thumb Code     0  startup_stm32f103xb.o(.text)
    EXTI1_IRQHandler                         0x080001c3   Thumb Code     0  startup_stm32f103xb.o(.text)
    EXTI2_IRQHandler                         0x080001c3   Thumb Code     0  startup_stm32f103xb.o(.text)
    EXTI3_IRQHandler                         0x080001c3   Thumb Code     0  startup_stm32f103xb.o(.text)
    EXTI4_IRQHandler                         0x080001c3   Thumb Code     0  startup_stm32f103xb.o(.text)
    EXTI9_5_IRQHandler                       0x080001c3   Thumb Code     0  startup_stm32f103xb.o(.text)
    FLASH_IRQHandler                         0x080001c3   Thumb Code     0  startup_stm32f103xb.o(.text)
    I2C1_ER_IRQHandler                       0x080001c3   Thumb Code     0  startup_stm32f103xb.o(.text)
    I2C1_EV_IRQHandler                       0x080001c3   Thumb Code     0  startup_stm32f103xb.o(.text)
    I2C2_ER_IRQHandler                       0x080001c3   Thumb Code     0  startup_stm32f103xb.o(.text)
    I2C2_EV_IRQHandler                       0x080001c3   Thumb Code     0  startup_stm32f103xb.o(.text)
    PVD_IRQHandler                           0x080001c3   Thumb Code     0  startup_stm32f103xb.o(.text)
    RCC_IRQHandler                           0x080001c3   Thumb Code     0  startup_stm32f103xb.o(.text)
    RTC_Alarm_IRQHandler                     0x080001c3   Thumb Code     0  startup_stm32f103xb.o(.text)
    RTC_IRQHandler                           0x080001c3   Thumb Code     0  startup_stm32f103xb.o(.text)
    SPI1_IRQHandler                          0x080001c3   Thumb Code     0  startup_stm32f103xb.o(.text)
    SPI2_IRQHandler                          0x080001c3   Thumb Code     0  startup_stm32f103xb.o(.text)
    TAMPER_IRQHandler                        0x080001c3   Thumb Code     0  startup_stm32f103xb.o(.text)
    TIM1_BRK_IRQHandler                      0x080001c3   Thumb Code     0  startup_stm32f103xb.o(.text)
    TIM1_CC_IRQHandler                       0x080001c3   Thumb Code     0  startup_stm32f103xb.o(.text)
    TIM1_TRG_COM_IRQHandler                  0x080001c3   Thumb Code     0  startup_stm32f103xb.o(.text)
    TIM1_UP_IRQHandler                       0x080001c3   Thumb Code     0  startup_stm32f103xb.o(.text)
    TIM3_IRQHandler                          0x080001c3   Thumb Code     0  startup_stm32f103xb.o(.text)
    TIM4_IRQHandler                          0x080001c3   Thumb Code     0  startup_stm32f103xb.o(.text)
    USART2_IRQHandler                        0x080001c3   Thumb Code     0  startup_stm32f103xb.o(.text)
    USART3_IRQHandler                        0x080001c3   Thumb Code     0  startup_stm32f103xb.o(.text)
    USBWakeUp_IRQHandler                     0x080001c3   Thumb Code     0  startup_stm32f103xb.o(.text)
    USB_HP_CAN1_TX_IRQHandler                0x080001c3   Thumb Code     0  startup_stm32f103xb.o(.text)
    USB_LP_CAN1_RX0_IRQHandler               0x080001c3   Thumb Code     0  startup_stm32f103xb.o(.text)
    WWDG_IRQHandler                          0x080001c3   Thumb Code     0  startup_stm32f103xb.o(.text)
    __user_initial_stackheap                 0x080001c5   Thumb Code     0  startup_stm32f103xb.o(.text)
    __2snprintf                              0x080001e9   Thumb Code    50  __2snprintf.o(.text)
    _printf_int_dec                          0x08000221   Thumb Code   104  _printf_dec.o(.text)
    __printf                                 0x08000299   Thumb Code   270  __printf_wp.o(.text)
    __aeabi_memcpy4                          0x080003a7   Thumb Code     0  rt_memcpy_w.o(.text)
    __aeabi_memcpy8                          0x080003a7   Thumb Code     0  rt_memcpy_w.o(.text)
    __rt_memcpy_w                            0x080003a7   Thumb Code   100  rt_memcpy_w.o(.text)
    _memcpy_lastbytes_aligned                0x080003ef   Thumb Code     0  rt_memcpy_w.o(.text)
    __aeabi_memclr4                          0x0800040b   Thumb Code     0  rt_memclr_w.o(.text)
    __aeabi_memclr8                          0x0800040b   Thumb Code     0  rt_memclr_w.o(.text)
    __rt_memclr_w                            0x0800040b   Thumb Code    78  rt_memclr_w.o(.text)
    _memset_w                                0x0800040f   Thumb Code     0  rt_memclr_w.o(.text)
    __use_two_region_memory                  0x08000459   Thumb Code     2  heapauxi.o(.text)
    __rt_heap_escrow$2region                 0x0800045b   Thumb Code     2  heapauxi.o(.text)
    __rt_heap_expand$2region                 0x0800045d   Thumb Code     2  heapauxi.o(.text)
    _printf_int_common                       0x0800045f   Thumb Code   178  _printf_intcommon.o(.text)
    __lib_sel_fp_printf                      0x08000511   Thumb Code     2  _printf_fp_dec.o(.text)
    _printf_fp_dec_real                      0x080006c3   Thumb Code   620  _printf_fp_dec.o(.text)
    _printf_char_common                      0x0800093b   Thumb Code    32  _printf_char_common.o(.text)
    _sputc                                   0x08000961   Thumb Code    10  _sputc.o(.text)
    _snputc                                  0x0800096b   Thumb Code    16  _snputc.o(.text)
    __rt_locale                              0x0800097d   Thumb Code     8  rt_locale_intlibspace.o(.text)
    _ll_udiv10                               0x08000985   Thumb Code   138  lludiv10.o(.text)
    _printf_fp_infnan                        0x08000a11   Thumb Code   112  _printf_fp_infnan.o(.text)
    _btod_etento                             0x08000a91   Thumb Code   224  bigflt0.o(.text)
    __user_libspace                          0x08000b75   Thumb Code     8  libspace.o(.text)
    __user_perproc_libspace                  0x08000b75   Thumb Code     0  libspace.o(.text)
    __user_perthread_libspace                0x08000b75   Thumb Code     0  libspace.o(.text)
    __user_setup_stackheap                   0x08000b7d   Thumb Code    74  sys_stackheap_outer.o(.text)
    exit                                     0x08000bc7   Thumb Code    18  exit.o(.text)
    strcmp                                   0x08000bd9   Thumb Code   128  strcmpv7m.o(.text)
    _sys_exit                                0x08000c59   Thumb Code     8  sys_exit.o(.text)
    __I$use$semihosting                      0x08000c65   Thumb Code     0  use_no_semi.o(.text)
    __use_no_semihosting_swi                 0x08000c65   Thumb Code     2  use_no_semi.o(.text)
    __semihosting_library_function           0x08000c67   Thumb Code     0  indicate_semi.o(.text)
    _btod_d2e                                0x08000c67   Thumb Code    62  btod.o(CL$$btod_d2e)
    _d2e_denorm_low                          0x08000ca5   Thumb Code    70  btod.o(CL$$btod_d2e_denorm_low)
    _d2e_norm_op1                            0x08000ceb   Thumb Code    96  btod.o(CL$$btod_d2e_norm_op1)
    __btod_div_common                        0x08000d4b   Thumb Code   696  btod.o(CL$$btod_div_common)
    _e2e                                     0x08001083   Thumb Code   220  btod.o(CL$$btod_e2e)
    _btod_ediv                               0x0800115f   Thumb Code    42  btod.o(CL$$btod_ediv)
    _btod_emul                               0x08001189   Thumb Code    42  btod.o(CL$$btod_emul)
    __btod_mult_common                       0x080011b3   Thumb Code   580  btod.o(CL$$btod_mult_common)
    ADC_ConversionStop_Disable               0x080013f9   Thumb Code    86  stm32f1xx_hal_adc.o(i.ADC_ConversionStop_Disable)
    ADC_Enable                               0x08001451   Thumb Code   114  stm32f1xx_hal_adc.o(i.ADC_Enable)
    ADC_Read                                 0x080014cd   Thumb Code    32  main.o(i.ADC_Read)
    BusFault_Handler                         0x080014f1   Thumb Code     2  stm32f1xx_it.o(i.BusFault_Handler)
    DebugMon_Handler                         0x080014f3   Thumb Code     2  stm32f1xx_it.o(i.DebugMon_Handler)
    Error_Handler                            0x080014f5   Thumb Code     4  main.o(i.Error_Handler)
    HAL_ADC_ConfigChannel                    0x080014f9   Thumb Code   240  stm32f1xx_hal_adc.o(i.HAL_ADC_ConfigChannel)
    HAL_ADC_GetValue                         0x080015f5   Thumb Code     6  stm32f1xx_hal_adc.o(i.HAL_ADC_GetValue)
    HAL_ADC_Init                             0x080015fd   Thumb Code   272  stm32f1xx_hal_adc.o(i.HAL_ADC_Init)
    HAL_ADC_MspInit                          0x08001719   Thumb Code    76  adc.o(i.HAL_ADC_MspInit)
    HAL_ADC_PollForConversion                0x08001771   Thumb Code   304  stm32f1xx_hal_adc.o(i.HAL_ADC_PollForConversion)
    HAL_ADC_Start                            0x080018ad   Thumb Code   184  stm32f1xx_hal_adc.o(i.HAL_ADC_Start)
    HAL_DMA_Abort                            0x0800196d   Thumb Code    70  stm32f1xx_hal_dma.o(i.HAL_DMA_Abort)
    HAL_DMA_Abort_IT                         0x080019b5   Thumb Code   148  stm32f1xx_hal_dma.o(i.HAL_DMA_Abort_IT)
    HAL_Delay                                0x08001a4d   Thumb Code    32  stm32f1xx_hal.o(i.HAL_Delay)
    HAL_GPIO_Init                            0x08001a71   Thumb Code   446  stm32f1xx_hal_gpio.o(i.HAL_GPIO_Init)
    HAL_GPIO_ReadPin                         0x08001c51   Thumb Code    10  stm32f1xx_hal_gpio.o(i.HAL_GPIO_ReadPin)
    HAL_GPIO_WritePin                        0x08001c5b   Thumb Code    10  stm32f1xx_hal_gpio.o(i.HAL_GPIO_WritePin)
    HAL_GetTick                              0x08001c65   Thumb Code     6  stm32f1xx_hal.o(i.HAL_GetTick)
    HAL_IncTick                              0x08001c71   Thumb Code    12  stm32f1xx_hal.o(i.HAL_IncTick)
    HAL_Init                                 0x08001c81   Thumb Code    32  stm32f1xx_hal.o(i.HAL_Init)
    HAL_InitTick                             0x08001ca5   Thumb Code    54  stm32f1xx_hal.o(i.HAL_InitTick)
    HAL_MspInit                              0x08001ce5   Thumb Code    52  stm32f1xx_hal_msp.o(i.HAL_MspInit)
    HAL_NVIC_EnableIRQ                       0x08001d21   Thumb Code    26  stm32f1xx_hal_cortex.o(i.HAL_NVIC_EnableIRQ)
    HAL_NVIC_SetPriority                     0x08001d3d   Thumb Code    60  stm32f1xx_hal_cortex.o(i.HAL_NVIC_SetPriority)
    HAL_NVIC_SetPriorityGrouping             0x08001d7d   Thumb Code    26  stm32f1xx_hal_cortex.o(i.HAL_NVIC_SetPriorityGrouping)
    HAL_RCCEx_GetPeriphCLKFreq               0x08001da1   Thumb Code   148  stm32f1xx_hal_rcc_ex.o(i.HAL_RCCEx_GetPeriphCLKFreq)
    HAL_RCCEx_PeriphCLKConfig                0x08001e45   Thumb Code   224  stm32f1xx_hal_rcc_ex.o(i.HAL_RCCEx_PeriphCLKConfig)
    HAL_RCC_ClockConfig                      0x08001f31   Thumb Code   280  stm32f1xx_hal_rcc.o(i.HAL_RCC_ClockConfig)
    HAL_RCC_GetPCLK1Freq                     0x0800205d   Thumb Code    20  stm32f1xx_hal_rcc.o(i.HAL_RCC_GetPCLK1Freq)
    HAL_RCC_GetPCLK2Freq                     0x0800207d   Thumb Code    20  stm32f1xx_hal_rcc.o(i.HAL_RCC_GetPCLK2Freq)
    HAL_RCC_GetSysClockFreq                  0x0800209d   Thumb Code    58  stm32f1xx_hal_rcc.o(i.HAL_RCC_GetSysClockFreq)
    HAL_RCC_OscConfig                        0x080020e9   Thumb Code   778  stm32f1xx_hal_rcc.o(i.HAL_RCC_OscConfig)
    HAL_SYSTICK_Config                       0x08002409   Thumb Code    40  stm32f1xx_hal_cortex.o(i.HAL_SYSTICK_Config)
    HAL_TIMEx_BreakCallback                  0x08002431   Thumb Code     2  stm32f1xx_hal_tim_ex.o(i.HAL_TIMEx_BreakCallback)
    HAL_TIMEx_CommutCallback                 0x08002433   Thumb Code     2  stm32f1xx_hal_tim_ex.o(i.HAL_TIMEx_CommutCallback)
    HAL_TIMEx_MasterConfigSynchronization    0x08002435   Thumb Code    92  stm32f1xx_hal_tim_ex.o(i.HAL_TIMEx_MasterConfigSynchronization)
    HAL_TIM_Base_Init                        0x0800249d   Thumb Code    90  stm32f1xx_hal_tim.o(i.HAL_TIM_Base_Init)
    HAL_TIM_Base_MspInit                     0x080024f9   Thumb Code    50  tim.o(i.HAL_TIM_Base_MspInit)
    HAL_TIM_ConfigClockSource                0x08002531   Thumb Code   220  stm32f1xx_hal_tim.o(i.HAL_TIM_ConfigClockSource)
    HAL_TIM_IC_CaptureCallback               0x0800260d   Thumb Code     2  stm32f1xx_hal_tim.o(i.HAL_TIM_IC_CaptureCallback)
    HAL_TIM_IRQHandler                       0x0800260f   Thumb Code   304  stm32f1xx_hal_tim.o(i.HAL_TIM_IRQHandler)
    HAL_TIM_MspPostInit                      0x08002741   Thumb Code    82  tim.o(i.HAL_TIM_MspPostInit)
    HAL_TIM_OC_DelayElapsedCallback          0x080027a1   Thumb Code     2  stm32f1xx_hal_tim.o(i.HAL_TIM_OC_DelayElapsedCallback)
    HAL_TIM_PWM_ConfigChannel                0x080027a3   Thumb Code   204  stm32f1xx_hal_tim.o(i.HAL_TIM_PWM_ConfigChannel)
    HAL_TIM_PWM_Init                         0x0800286f   Thumb Code    90  stm32f1xx_hal_tim.o(i.HAL_TIM_PWM_Init)
    HAL_TIM_PWM_MspInit                      0x080028c9   Thumb Code     2  stm32f1xx_hal_tim.o(i.HAL_TIM_PWM_MspInit)
    HAL_TIM_PWM_PulseFinishedCallback        0x080028cb   Thumb Code     2  stm32f1xx_hal_tim.o(i.HAL_TIM_PWM_PulseFinishedCallback)
    HAL_TIM_PWM_Start                        0x080028cd   Thumb Code   144  stm32f1xx_hal_tim.o(i.HAL_TIM_PWM_Start)
    HAL_TIM_PeriodElapsedCallback            0x08002969   Thumb Code     2  stm32f1xx_hal_tim.o(i.HAL_TIM_PeriodElapsedCallback)
    HAL_TIM_TriggerCallback                  0x0800296b   Thumb Code     2  stm32f1xx_hal_tim.o(i.HAL_TIM_TriggerCallback)
    HAL_UARTEx_RxEventCallback               0x0800296d   Thumb Code     2  stm32f1xx_hal_uart.o(i.HAL_UARTEx_RxEventCallback)
    HAL_UART_ErrorCallback                   0x0800296f   Thumb Code     2  stm32f1xx_hal_uart.o(i.HAL_UART_ErrorCallback)
    HAL_UART_IRQHandler                      0x08002971   Thumb Code   616  stm32f1xx_hal_uart.o(i.HAL_UART_IRQHandler)
    HAL_UART_Init                            0x08002bdd   Thumb Code   100  stm32f1xx_hal_uart.o(i.HAL_UART_Init)
    HAL_UART_MspInit                         0x08002c41   Thumb Code   186  usart.o(i.HAL_UART_MspInit)
    HAL_UART_RxCpltCallback                  0x08002d0d   Thumb Code     2  stm32f1xx_hal_uart.o(i.HAL_UART_RxCpltCallback)
    HAL_UART_Transmit                        0x08002d0f   Thumb Code   160  stm32f1xx_hal_uart.o(i.HAL_UART_Transmit)
    HAL_UART_TxCpltCallback                  0x08002daf   Thumb Code     2  stm32f1xx_hal_uart.o(i.HAL_UART_TxCpltCallback)
    HCSR04_Measure                           0x08002db1   Thumb Code   154  tim.o(i.HCSR04_Measure)
    HC_SR04_DelayUs                          0x08002e59   Thumb Code    46  tim.o(i.HC_SR04_DelayUs)
    HardFault_Handler                        0x08002e91   Thumb Code     2  stm32f1xx_it.o(i.HardFault_Handler)
    MX_ADC1_Init                             0x08002e95   Thumb Code    70  adc.o(i.MX_ADC1_Init)
    MX_GPIO_Init                             0x08002ee5   Thumb Code   118  gpio.o(i.MX_GPIO_Init)
    MX_TIM2_Init                             0x08002f65   Thumb Code   148  tim.o(i.MX_TIM2_Init)
    MX_USART1_UART_Init                      0x08002ffd   Thumb Code    48  usart.o(i.MX_USART1_UART_Init)
    MX_USART2_UART_Init                      0x08003035   Thumb Code    48  usart.o(i.MX_USART2_UART_Init)
    MemManage_Handler                        0x0800306d   Thumb Code     2  stm32f1xx_it.o(i.MemManage_Handler)
    NMI_Handler                              0x0800306f   Thumb Code     2  stm32f1xx_it.o(i.NMI_Handler)
    PWM_SetDutyCycle                         0x08003071   Thumb Code     8  tim.o(i.PWM_SetDutyCycle)
    PendSV_Handler                           0x0800307d   Thumb Code     2  stm32f1xx_it.o(i.PendSV_Handler)
    SVC_Handler                              0x0800307f   Thumb Code     2  stm32f1xx_it.o(i.SVC_Handler)
    SysTick_Handler                          0x08003081   Thumb Code     4  stm32f1xx_it.o(i.SysTick_Handler)
    SystemClock_Config                       0x08003085   Thumb Code   120  main.o(i.SystemClock_Config)
    SystemInit                               0x080030fd   Thumb Code     2  system_stm32f1xx.o(i.SystemInit)
    TIM2_IRQHandler                          0x08003101   Thumb Code     6  stm32f1xx_it.o(i.TIM2_IRQHandler)
    TIM_Base_SetConfig                       0x0800310d   Thumb Code   108  stm32f1xx_hal_tim.o(i.TIM_Base_SetConfig)
    TIM_CCxChannelCmd                        0x08003185   Thumb Code    26  stm32f1xx_hal_tim.o(i.TIM_CCxChannelCmd)
    TIM_ETR_SetConfig                        0x0800319f   Thumb Code    20  stm32f1xx_hal_tim.o(i.TIM_ETR_SetConfig)
    TIM_OC2_SetConfig                        0x08003215   Thumb Code    84  stm32f1xx_hal_tim.o(i.TIM_OC2_SetConfig)
    USART1_IRQHandler                        0x0800359d   Thumb Code     6  stm32f1xx_it.o(i.USART1_IRQHandler)
    USART1_SendDistance                      0x080035a9   Thumb Code    40  usart.o(i.USART1_SendDistance)
    USART1_SendLight                         0x080035dd   Thumb Code    34  usart.o(i.USART1_SendLight)
    USART2_SendBright                        0x08003611   Thumb Code    32  usart.o(i.USART2_SendBright)
    USART2_SendDark                          0x08003649   Thumb Code    32  usart.o(i.USART2_SendDark)
    USART2_SendWarning                       0x08003681   Thumb Code    32  usart.o(i.USART2_SendWarning)
    UsageFault_Handler                       0x080036b9   Thumb Code     2  stm32f1xx_it.o(i.UsageFault_Handler)
    __ARM_fpclassify                         0x080036bb   Thumb Code    40  fpclassify.o(i.__ARM_fpclassify)
    _is_digit                                0x08003703   Thumb Code    14  __printf_wp.o(i._is_digit)
    main                                     0x08003711   Thumb Code   298  main.o(i.main)
    _get_lc_numeric                          0x0800384d   Thumb Code    44  lc_numeric_c.o(locale$$code)
    __fpl_dretinf                            0x08003879   Thumb Code    12  dretinf.o(x$fpl$dretinf)
    __aeabi_f2d                              0x08003885   Thumb Code     0  f2d.o(x$fpl$f2d)
    _f2d                                     0x08003885   Thumb Code    86  f2d.o(x$fpl$f2d)
    __fpl_fcheck_NaN1                        0x080038dd   Thumb Code     6  fcheck1.o(x$fpl$fcheck1)
    __aeabi_ui2f                             0x080038e9   Thumb Code     0  fflt_clz.o(x$fpl$ffltu)
    _ffltu                                   0x080038e9   Thumb Code    38  fflt_clz.o(x$fpl$ffltu)
    __aeabi_fmul                             0x08003911   Thumb Code     0  fmul.o(x$fpl$fmul)
    _fmul                                    0x08003911   Thumb Code   258  fmul.o(x$fpl$fmul)
    __fpl_fnaninf                            0x08003a13   Thumb Code   140  fnaninf.o(x$fpl$fnaninf)
    __fpl_fretinf                            0x08003a9f   Thumb Code    10  fretinf.o(x$fpl$fretinf)
    _printf_fp_dec                           0x08003aa9   Thumb Code     4  printf1.o(x$fpl$printf1)
    __fpl_return_NaN                         0x08003aad   Thumb Code   100  retnan.o(x$fpl$retnan)
    __ARM_scalbnf                            0x08003b11   Thumb Code    76  scalbnf.o(x$fpl$scalbnf)
    __fpl_cmpreturn                          0x08003b5d   Thumb Code    48  trapv.o(x$fpl$trapveneer)
    __I$use$fp                               0x08003b8c   Number         0  usenofp.o(x$fpl$usenofp)
    AHBPrescTable                            0x08003bba   Data          16  system_stm32f1xx.o(.constdata)
    APBPrescTable                            0x08003bca   Data           8  system_stm32f1xx.o(.constdata)
    Region$$Table$$Base                      0x08003c68   Number         0  anon$$obj.o(Region$$Table)
    Region$$Table$$Limit                     0x08003c88   Number         0  anon$$obj.o(Region$$Table)
    uwTickFreq                               0x20000004   Data           1  stm32f1xx_hal.o(.data)
    uwTickPrio                               0x20000008   Data           4  stm32f1xx_hal.o(.data)
    uwTick                                   0x2000000c   Data           4  stm32f1xx_hal.o(.data)
    SystemCoreClock                          0x20000010   Data           4  system_stm32f1xx.o(.data)
    hadc1                                    0x20000014   Data          48  adc.o(.bss)
    htim2                                    0x20000044   Data          72  tim.o(.bss)
    huart1                                   0x2000008c   Data          72  usart.o(.bss)
    huart2                                   0x200000d4   Data          72  usart.o(.bss)
    __libspace_start                         0x2000011c   Data          96  libspace.o(.bss)
    __temporary_stack_top$libspace           0x2000017c   Data           0  libspace.o(.bss)



==============================================================================

Memory Map of the image

  Image Entry point : 0x080000ed

  Load Region LR_IROM1 (Base: 0x08000000, Size: 0x00003cb8, Max: 0x00010000, ABSOLUTE)

    Execution Region ER_IROM1 (Exec base: 0x08000000, Load base: 0x08000000, Size: 0x00003ca4, Max: 0x00010000, ABSOLUTE)

    Exec Addr    Load Addr    Size         Type   Attr      Idx    E Section Name        Object

    0x08000000   0x08000000   0x000000ec   Data   RO            3    RESET               startup_stm32f103xb.o
    0x080000ec   0x080000ec   0x00000008   Code   RO         3201  * !!!main             c_w.l(__main.o)
    0x080000f4   0x080000f4   0x00000034   Code   RO         3441    !!!scatter          c_w.l(__scatter.o)
    0x08000128   0x08000128   0x0000001a   Code   RO         3443    !!handler_copy      c_w.l(__scatter_copy.o)
    0x08000142   0x08000142   0x00000002   PAD
    0x08000144   0x08000144   0x0000001c   Code   RO         3445    !!handler_zi        c_w.l(__scatter_zi.o)
    0x08000160   0x08000160   0x00000000   Code   RO         3194    .ARM.Collect$$_printf_percent$$00000000  c_w.l(_printf_percent.o)
    0x08000160   0x08000160   0x00000006   Code   RO         3193    .ARM.Collect$$_printf_percent$$00000003  c_w.l(_printf_f.o)
    0x08000166   0x08000166   0x00000006   Code   RO         3192    .ARM.Collect$$_printf_percent$$00000009  c_w.l(_printf_d.o)
    0x0800016c   0x0800016c   0x00000004   Code   RO         3228    .ARM.Collect$$_printf_percent$$00000017  c_w.l(_printf_percent_end.o)
    0x08000170   0x08000170   0x00000002   Code   RO         3312    .ARM.Collect$$libinit$$00000000  c_w.l(libinit.o)
    0x08000172   0x08000172   0x00000000   Code   RO         3314    .ARM.Collect$$libinit$$00000002  c_w.l(libinit2.o)
    0x08000172   0x08000172   0x00000000   Code   RO         3316    .ARM.Collect$$libinit$$00000004  c_w.l(libinit2.o)
    0x08000172   0x08000172   0x00000000   Code   RO         3319    .ARM.Collect$$libinit$$0000000A  c_w.l(libinit2.o)
    0x08000172   0x08000172   0x00000000   Code   RO         3321    .ARM.Collect$$libinit$$0000000C  c_w.l(libinit2.o)
    0x08000172   0x08000172   0x00000000   Code   RO         3323    .ARM.Collect$$libinit$$0000000E  c_w.l(libinit2.o)
    0x08000172   0x08000172   0x00000006   Code   RO         3324    .ARM.Collect$$libinit$$0000000F  c_w.l(libinit2.o)
    0x08000178   0x08000178   0x00000000   Code   RO         3326    .ARM.Collect$$libinit$$00000011  c_w.l(libinit2.o)
    0x08000178   0x08000178   0x00000000   Code   RO         3328    .ARM.Collect$$libinit$$00000013  c_w.l(libinit2.o)
    0x08000178   0x08000178   0x00000000   Code   RO         3330    .ARM.Collect$$libinit$$00000015  c_w.l(libinit2.o)
    0x08000178   0x08000178   0x0000000a   Code   RO         3331    .ARM.Collect$$libinit$$00000016  c_w.l(libinit2.o)
    0x08000182   0x08000182   0x00000000   Code   RO         3332    .ARM.Collect$$libinit$$00000017  c_w.l(libinit2.o)
    0x08000182   0x08000182   0x00000000   Code   RO         3334    .ARM.Collect$$libinit$$00000019  c_w.l(libinit2.o)
    0x08000182   0x08000182   0x00000000   Code   RO         3336    .ARM.Collect$$libinit$$0000001B  c_w.l(libinit2.o)
    0x08000182   0x08000182   0x00000000   Code   RO         3338    .ARM.Collect$$libinit$$0000001D  c_w.l(libinit2.o)
    0x08000182   0x08000182   0x00000000   Code   RO         3340    .ARM.Collect$$libinit$$0000001F  c_w.l(libinit2.o)
    0x08000182   0x08000182   0x00000000   Code   RO         3342    .ARM.Collect$$libinit$$00000021  c_w.l(libinit2.o)
    0x08000182   0x08000182   0x00000000   Code   RO         3344    .ARM.Collect$$libinit$$00000023  c_w.l(libinit2.o)
    0x08000182   0x08000182   0x00000000   Code   RO         3346    .ARM.Collect$$libinit$$00000025  c_w.l(libinit2.o)
    0x08000182   0x08000182   0x00000000   Code   RO         3350    .ARM.Collect$$libinit$$0000002C  c_w.l(libinit2.o)
    0x08000182   0x08000182   0x00000000   Code   RO         3352    .ARM.Collect$$libinit$$0000002E  c_w.l(libinit2.o)
    0x08000182   0x08000182   0x00000000   Code   RO         3354    .ARM.Collect$$libinit$$00000030  c_w.l(libinit2.o)
    0x08000182   0x08000182   0x00000000   Code   RO         3356    .ARM.Collect$$libinit$$00000032  c_w.l(libinit2.o)
    0x08000182   0x08000182   0x00000002   Code   RO         3357    .ARM.Collect$$libinit$$00000033  c_w.l(libinit2.o)
    0x08000184   0x08000184   0x00000002   Code   RO         3389    .ARM.Collect$$libshutdown$$00000000  c_w.l(libshutdown.o)
    0x08000186   0x08000186   0x00000000   Code   RO         3400    .ARM.Collect$$libshutdown$$00000002  c_w.l(libshutdown2.o)
    0x08000186   0x08000186   0x00000000   Code   RO         3402    .ARM.Collect$$libshutdown$$00000004  c_w.l(libshutdown2.o)
    0x08000186   0x08000186   0x00000000   Code   RO         3405    .ARM.Collect$$libshutdown$$00000007  c_w.l(libshutdown2.o)
    0x08000186   0x08000186   0x00000000   Code   RO         3408    .ARM.Collect$$libshutdown$$0000000A  c_w.l(libshutdown2.o)
    0x08000186   0x08000186   0x00000000   Code   RO         3410    .ARM.Collect$$libshutdown$$0000000C  c_w.l(libshutdown2.o)
    0x08000186   0x08000186   0x00000000   Code   RO         3413    .ARM.Collect$$libshutdown$$0000000F  c_w.l(libshutdown2.o)
    0x08000186   0x08000186   0x00000002   Code   RO         3414    .ARM.Collect$$libshutdown$$00000010  c_w.l(libshutdown2.o)
    0x08000188   0x08000188   0x00000000   Code   RO         3217    .ARM.Collect$$rtentry$$00000000  c_w.l(__rtentry.o)
    0x08000188   0x08000188   0x00000000   Code   RO         3239    .ARM.Collect$$rtentry$$00000002  c_w.l(__rtentry2.o)
    0x08000188   0x08000188   0x00000006   Code   RO         3251    .ARM.Collect$$rtentry$$00000004  c_w.l(__rtentry4.o)
    0x0800018e   0x0800018e   0x00000000   Code   RO         3241    .ARM.Collect$$rtentry$$00000009  c_w.l(__rtentry2.o)
    0x0800018e   0x0800018e   0x00000004   Code   RO         3242    .ARM.Collect$$rtentry$$0000000A  c_w.l(__rtentry2.o)
    0x08000192   0x08000192   0x00000000   Code   RO         3244    .ARM.Collect$$rtentry$$0000000C  c_w.l(__rtentry2.o)
    0x08000192   0x08000192   0x00000008   Code   RO         3245    .ARM.Collect$$rtentry$$0000000D  c_w.l(__rtentry2.o)
    0x0800019a   0x0800019a   0x00000002   Code   RO         3360    .ARM.Collect$$rtexit$$00000000  c_w.l(rtexit.o)
    0x0800019c   0x0800019c   0x00000000   Code   RO         3367    .ARM.Collect$$rtexit$$00000002  c_w.l(rtexit2.o)
    0x0800019c   0x0800019c   0x00000004   Code   RO         3368    .ARM.Collect$$rtexit$$00000003  c_w.l(rtexit2.o)
    0x080001a0   0x080001a0   0x00000006   Code   RO         3369    .ARM.Collect$$rtexit$$00000004  c_w.l(rtexit2.o)
    0x080001a6   0x080001a6   0x00000002   PAD
    0x080001a8   0x080001a8   0x00000040   Code   RO            4    .text               startup_stm32f103xb.o
    0x080001e8   0x080001e8   0x00000038   Code   RO         3164    .text               c_w.l(__2snprintf.o)
    0x08000220   0x08000220   0x00000078   Code   RO         3170    .text               c_w.l(_printf_dec.o)
    0x08000298   0x08000298   0x0000010e   Code   RO         3180    .text               c_w.l(__printf_wp.o)
    0x080003a6   0x080003a6   0x00000064   Code   RO         3195    .text               c_w.l(rt_memcpy_w.o)
    0x0800040a   0x0800040a   0x0000004e   Code   RO         3197    .text               c_w.l(rt_memclr_w.o)
    0x08000458   0x08000458   0x00000006   Code   RO         3199    .text               c_w.l(heapauxi.o)
    0x0800045e   0x0800045e   0x000000b2   Code   RO         3218    .text               c_w.l(_printf_intcommon.o)
    0x08000510   0x08000510   0x0000041e   Code   RO         3220    .text               c_w.l(_printf_fp_dec.o)
    0x0800092e   0x0800092e   0x00000002   PAD
    0x08000930   0x08000930   0x00000030   Code   RO         3222    .text               c_w.l(_printf_char_common.o)
    0x08000960   0x08000960   0x0000000a   Code   RO         3224    .text               c_w.l(_sputc.o)
    0x0800096a   0x0800096a   0x00000010   Code   RO         3226    .text               c_w.l(_snputc.o)
    0x0800097a   0x0800097a   0x00000002   PAD
    0x0800097c   0x0800097c   0x00000008   Code   RO         3256    .text               c_w.l(rt_locale_intlibspace.o)
    0x08000984   0x08000984   0x0000008a   Code   RO         3258    .text               c_w.l(lludiv10.o)
    0x08000a0e   0x08000a0e   0x00000002   PAD
    0x08000a10   0x08000a10   0x00000080   Code   RO         3260    .text               c_w.l(_printf_fp_infnan.o)
    0x08000a90   0x08000a90   0x000000e4   Code   RO         3264    .text               c_w.l(bigflt0.o)
    0x08000b74   0x08000b74   0x00000008   Code   RO         3298    .text               c_w.l(libspace.o)
    0x08000b7c   0x08000b7c   0x0000004a   Code   RO         3301    .text               c_w.l(sys_stackheap_outer.o)
    0x08000bc6   0x08000bc6   0x00000012   Code   RO         3303    .text               c_w.l(exit.o)
    0x08000bd8   0x08000bd8   0x00000080   Code   RO         3305    .text               c_w.l(strcmpv7m.o)
    0x08000c58   0x08000c58   0x0000000c   Code   RO         3379    .text               c_w.l(sys_exit.o)
    0x08000c64   0x08000c64   0x00000002   Code   RO         3390    .text               c_w.l(use_no_semi.o)
    0x08000c66   0x08000c66   0x00000000   Code   RO         3392    .text               c_w.l(indicate_semi.o)
    0x08000c66   0x08000c66   0x0000003e   Code   RO         3267    CL$$btod_d2e        c_w.l(btod.o)
    0x08000ca4   0x08000ca4   0x00000046   Code   RO         3269    CL$$btod_d2e_denorm_low  c_w.l(btod.o)
    0x08000cea   0x08000cea   0x00000060   Code   RO         3268    CL$$btod_d2e_norm_op1  c_w.l(btod.o)
    0x08000d4a   0x08000d4a   0x00000338   Code   RO         3277    CL$$btod_div_common  c_w.l(btod.o)
    0x08001082   0x08001082   0x000000dc   Code   RO         3274    CL$$btod_e2e        c_w.l(btod.o)
    0x0800115e   0x0800115e   0x0000002a   Code   RO         3271    CL$$btod_ediv       c_w.l(btod.o)
    0x08001188   0x08001188   0x0000002a   Code   RO         3270    CL$$btod_emul       c_w.l(btod.o)
    0x080011b2   0x080011b2   0x00000244   Code   RO         3276    CL$$btod_mult_common  c_w.l(btod.o)
    0x080013f6   0x080013f6   0x00000002   PAD
    0x080013f8   0x080013f8   0x00000056   Code   RO          536    i.ADC_ConversionStop_Disable  stm32f1xx_hal_adc.o
    0x0800144e   0x0800144e   0x00000002   PAD
    0x08001450   0x08001450   0x0000007c   Code   RO          540    i.ADC_Enable        stm32f1xx_hal_adc.o
    0x080014cc   0x080014cc   0x00000024   Code   RO           13    i.ADC_Read          main.o
    0x080014f0   0x080014f0   0x00000002   Code   RO          388    i.BusFault_Handler  stm32f1xx_it.o
    0x080014f2   0x080014f2   0x00000002   Code   RO          389    i.DebugMon_Handler  stm32f1xx_it.o
    0x080014f4   0x080014f4   0x00000004   Code   RO           14    i.Error_Handler     main.o
    0x080014f8   0x080014f8   0x000000fc   Code   RO          542    i.HAL_ADC_ConfigChannel  stm32f1xx_hal_adc.o
    0x080015f4   0x080015f4   0x00000006   Code   RO          549    i.HAL_ADC_GetValue  stm32f1xx_hal_adc.o
    0x080015fa   0x080015fa   0x00000002   PAD
    0x080015fc   0x080015fc   0x0000011c   Code   RO          551    i.HAL_ADC_Init      stm32f1xx_hal_adc.o
    0x08001718   0x08001718   0x00000058   Code   RO          203    i.HAL_ADC_MspInit   adc.o
    0x08001770   0x08001770   0x0000013c   Code   RO          555    i.HAL_ADC_PollForConversion  stm32f1xx_hal_adc.o
    0x080018ac   0x080018ac   0x000000c0   Code   RO          557    i.HAL_ADC_Start     stm32f1xx_hal_adc.o
    0x0800196c   0x0800196c   0x00000046   Code   RO         1193    i.HAL_DMA_Abort     stm32f1xx_hal_dma.o
    0x080019b2   0x080019b2   0x00000002   PAD
    0x080019b4   0x080019b4   0x00000098   Code   RO         1194    i.HAL_DMA_Abort_IT  stm32f1xx_hal_dma.o
    0x08001a4c   0x08001a4c   0x00000024   Code   RO          819    i.HAL_Delay         stm32f1xx_hal.o
    0x08001a70   0x08001a70   0x000001e0   Code   RO         1129    i.HAL_GPIO_Init     stm32f1xx_hal_gpio.o
    0x08001c50   0x08001c50   0x0000000a   Code   RO         1131    i.HAL_GPIO_ReadPin  stm32f1xx_hal_gpio.o
    0x08001c5a   0x08001c5a   0x0000000a   Code   RO         1133    i.HAL_GPIO_WritePin  stm32f1xx_hal_gpio.o
    0x08001c64   0x08001c64   0x0000000c   Code   RO          823    i.HAL_GetTick       stm32f1xx_hal.o
    0x08001c70   0x08001c70   0x00000010   Code   RO          829    i.HAL_IncTick       stm32f1xx_hal.o
    0x08001c80   0x08001c80   0x00000024   Code   RO          830    i.HAL_Init          stm32f1xx_hal.o
    0x08001ca4   0x08001ca4   0x00000040   Code   RO          831    i.HAL_InitTick      stm32f1xx_hal.o
    0x08001ce4   0x08001ce4   0x0000003c   Code   RO          476    i.HAL_MspInit       stm32f1xx_hal_msp.o
    0x08001d20   0x08001d20   0x0000001a   Code   RO         1289    i.HAL_NVIC_EnableIRQ  stm32f1xx_hal_cortex.o
    0x08001d3a   0x08001d3a   0x00000002   PAD
    0x08001d3c   0x08001d3c   0x00000040   Code   RO         1295    i.HAL_NVIC_SetPriority  stm32f1xx_hal_cortex.o
    0x08001d7c   0x08001d7c   0x00000024   Code   RO         1296    i.HAL_NVIC_SetPriorityGrouping  stm32f1xx_hal_cortex.o
    0x08001da0   0x08001da0   0x000000a4   Code   RO         1090    i.HAL_RCCEx_GetPeriphCLKFreq  stm32f1xx_hal_rcc_ex.o
    0x08001e44   0x08001e44   0x000000ec   Code   RO         1091    i.HAL_RCCEx_PeriphCLKConfig  stm32f1xx_hal_rcc_ex.o
    0x08001f30   0x08001f30   0x0000012c   Code   RO          987    i.HAL_RCC_ClockConfig  stm32f1xx_hal_rcc.o
    0x0800205c   0x0800205c   0x00000020   Code   RO          994    i.HAL_RCC_GetPCLK1Freq  stm32f1xx_hal_rcc.o
    0x0800207c   0x0800207c   0x00000020   Code   RO          995    i.HAL_RCC_GetPCLK2Freq  stm32f1xx_hal_rcc.o
    0x0800209c   0x0800209c   0x0000004c   Code   RO          996    i.HAL_RCC_GetSysClockFreq  stm32f1xx_hal_rcc.o
    0x080020e8   0x080020e8   0x00000320   Code   RO          999    i.HAL_RCC_OscConfig  stm32f1xx_hal_rcc.o
    0x08002408   0x08002408   0x00000028   Code   RO         1300    i.HAL_SYSTICK_Config  stm32f1xx_hal_cortex.o
    0x08002430   0x08002430   0x00000002   Code   RO         2495    i.HAL_TIMEx_BreakCallback  stm32f1xx_hal_tim_ex.o
    0x08002432   0x08002432   0x00000002   Code   RO         2496    i.HAL_TIMEx_CommutCallback  stm32f1xx_hal_tim_ex.o
    0x08002434   0x08002434   0x00000068   Code   RO         2514    i.HAL_TIMEx_MasterConfigSynchronization  stm32f1xx_hal_tim_ex.o
    0x0800249c   0x0800249c   0x0000005a   Code   RO         1791    i.HAL_TIM_Base_Init  stm32f1xx_hal_tim.o
    0x080024f6   0x080024f6   0x00000002   PAD
    0x080024f8   0x080024f8   0x00000038   Code   RO          245    i.HAL_TIM_Base_MspInit  tim.o
    0x08002530   0x08002530   0x000000dc   Code   RO         1800    i.HAL_TIM_ConfigClockSource  stm32f1xx_hal_tim.o
    0x0800260c   0x0800260c   0x00000002   Code   RO         1825    i.HAL_TIM_IC_CaptureCallback  stm32f1xx_hal_tim.o
    0x0800260e   0x0800260e   0x00000130   Code   RO         1839    i.HAL_TIM_IRQHandler  stm32f1xx_hal_tim.o
    0x0800273e   0x0800273e   0x00000002   PAD
    0x08002740   0x08002740   0x00000060   Code   RO          246    i.HAL_TIM_MspPostInit  tim.o
    0x080027a0   0x080027a0   0x00000002   Code   RO         1842    i.HAL_TIM_OC_DelayElapsedCallback  stm32f1xx_hal_tim.o
    0x080027a2   0x080027a2   0x000000cc   Code   RO         1863    i.HAL_TIM_PWM_ConfigChannel  stm32f1xx_hal_tim.o
    0x0800286e   0x0800286e   0x0000005a   Code   RO         1866    i.HAL_TIM_PWM_Init  stm32f1xx_hal_tim.o
    0x080028c8   0x080028c8   0x00000002   Code   RO         1868    i.HAL_TIM_PWM_MspInit  stm32f1xx_hal_tim.o
    0x080028ca   0x080028ca   0x00000002   Code   RO         1869    i.HAL_TIM_PWM_PulseFinishedCallback  stm32f1xx_hal_tim.o
    0x080028cc   0x080028cc   0x0000009c   Code   RO         1871    i.HAL_TIM_PWM_Start  stm32f1xx_hal_tim.o
    0x08002968   0x08002968   0x00000002   Code   RO         1877    i.HAL_TIM_PeriodElapsedCallback  stm32f1xx_hal_tim.o
    0x0800296a   0x0800296a   0x00000002   Code   RO         1882    i.HAL_TIM_TriggerCallback  stm32f1xx_hal_tim.o
    0x0800296c   0x0800296c   0x00000002   Code   RO         2774    i.HAL_UARTEx_RxEventCallback  stm32f1xx_hal_uart.o
    0x0800296e   0x0800296e   0x00000002   Code   RO         2788    i.HAL_UART_ErrorCallback  stm32f1xx_hal_uart.o
    0x08002970   0x08002970   0x0000026c   Code   RO         2791    i.HAL_UART_IRQHandler  stm32f1xx_hal_uart.o
    0x08002bdc   0x08002bdc   0x00000064   Code   RO         2792    i.HAL_UART_Init     stm32f1xx_hal_uart.o
    0x08002c40   0x08002c40   0x000000cc   Code   RO          311    i.HAL_UART_MspInit  usart.o
    0x08002d0c   0x08002d0c   0x00000002   Code   RO         2798    i.HAL_UART_RxCpltCallback  stm32f1xx_hal_uart.o
    0x08002d0e   0x08002d0e   0x000000a0   Code   RO         2800    i.HAL_UART_Transmit  stm32f1xx_hal_uart.o
    0x08002dae   0x08002dae   0x00000002   Code   RO         2803    i.HAL_UART_TxCpltCallback  stm32f1xx_hal_uart.o
    0x08002db0   0x08002db0   0x000000a8   Code   RO          247    i.HCSR04_Measure    tim.o
    0x08002e58   0x08002e58   0x00000038   Code   RO          248    i.HC_SR04_DelayUs   tim.o
    0x08002e90   0x08002e90   0x00000002   Code   RO          390    i.HardFault_Handler  stm32f1xx_it.o
    0x08002e92   0x08002e92   0x00000002   PAD
    0x08002e94   0x08002e94   0x00000050   Code   RO          204    i.MX_ADC1_Init      adc.o
    0x08002ee4   0x08002ee4   0x00000080   Code   RO          178    i.MX_GPIO_Init      gpio.o
    0x08002f64   0x08002f64   0x00000098   Code   RO          249    i.MX_TIM2_Init      tim.o
    0x08002ffc   0x08002ffc   0x00000038   Code   RO          312    i.MX_USART1_UART_Init  usart.o
    0x08003034   0x08003034   0x00000038   Code   RO          313    i.MX_USART2_UART_Init  usart.o
    0x0800306c   0x0800306c   0x00000002   Code   RO          391    i.MemManage_Handler  stm32f1xx_it.o
    0x0800306e   0x0800306e   0x00000002   Code   RO          392    i.NMI_Handler       stm32f1xx_it.o
    0x08003070   0x08003070   0x0000000c   Code   RO          250    i.PWM_SetDutyCycle  tim.o
    0x0800307c   0x0800307c   0x00000002   Code   RO          393    i.PendSV_Handler    stm32f1xx_it.o
    0x0800307e   0x0800307e   0x00000002   Code   RO          394    i.SVC_Handler       stm32f1xx_it.o
    0x08003080   0x08003080   0x00000004   Code   RO          395    i.SysTick_Handler   stm32f1xx_it.o
    0x08003084   0x08003084   0x00000078   Code   RO           16    i.SystemClock_Config  main.o
    0x080030fc   0x080030fc   0x00000002   Code   RO         3126    i.SystemInit        system_stm32f1xx.o
    0x080030fe   0x080030fe   0x00000002   PAD
    0x08003100   0x08003100   0x0000000c   Code   RO          396    i.TIM2_IRQHandler   stm32f1xx_it.o
    0x0800310c   0x0800310c   0x00000078   Code   RO         1884    i.TIM_Base_SetConfig  stm32f1xx_hal_tim.o
    0x08003184   0x08003184   0x0000001a   Code   RO         1885    i.TIM_CCxChannelCmd  stm32f1xx_hal_tim.o
    0x0800319e   0x0800319e   0x00000014   Code   RO         1895    i.TIM_ETR_SetConfig  stm32f1xx_hal_tim.o
    0x080031b2   0x080031b2   0x00000010   Code   RO         1896    i.TIM_ITRx_SetConfig  stm32f1xx_hal_tim.o
    0x080031c2   0x080031c2   0x00000002   PAD
    0x080031c4   0x080031c4   0x00000050   Code   RO         1897    i.TIM_OC1_SetConfig  stm32f1xx_hal_tim.o
    0x08003214   0x08003214   0x00000058   Code   RO         1898    i.TIM_OC2_SetConfig  stm32f1xx_hal_tim.o
    0x0800326c   0x0800326c   0x00000058   Code   RO         1899    i.TIM_OC3_SetConfig  stm32f1xx_hal_tim.o
    0x080032c4   0x080032c4   0x00000044   Code   RO         1900    i.TIM_OC4_SetConfig  stm32f1xx_hal_tim.o
    0x08003308   0x08003308   0x00000022   Code   RO         1902    i.TIM_TI1_ConfigInputStage  stm32f1xx_hal_tim.o
    0x0800332a   0x0800332a   0x00000024   Code   RO         1904    i.TIM_TI2_ConfigInputStage  stm32f1xx_hal_tim.o
    0x0800334e   0x0800334e   0x00000010   Code   RO         2805    i.UART_DMAAbortOnError  stm32f1xx_hal_uart.o
    0x0800335e   0x0800335e   0x0000004e   Code   RO         2815    i.UART_EndRxTransfer  stm32f1xx_hal_uart.o
    0x080033ac   0x080033ac   0x000000c2   Code   RO         2817    i.UART_Receive_IT   stm32f1xx_hal_uart.o
    0x0800346e   0x0800346e   0x00000002   PAD
    0x08003470   0x08003470   0x000000b8   Code   RO         2818    i.UART_SetConfig    stm32f1xx_hal_uart.o
    0x08003528   0x08003528   0x00000072   Code   RO         2821    i.UART_WaitOnFlagUntilTimeout  stm32f1xx_hal_uart.o
    0x0800359a   0x0800359a   0x00000002   PAD
    0x0800359c   0x0800359c   0x0000000c   Code   RO          397    i.USART1_IRQHandler  stm32f1xx_it.o
    0x080035a8   0x080035a8   0x00000034   Code   RO          314    i.USART1_SendDistance  usart.o
    0x080035dc   0x080035dc   0x00000034   Code   RO          315    i.USART1_SendLight  usart.o
    0x08003610   0x08003610   0x00000038   Code   RO          316    i.USART2_SendBright  usart.o
    0x08003648   0x08003648   0x00000038   Code   RO          317    i.USART2_SendDark   usart.o
    0x08003680   0x08003680   0x00000038   Code   RO          318    i.USART2_SendWarning  usart.o
    0x080036b8   0x080036b8   0x00000002   Code   RO          398    i.UsageFault_Handler  stm32f1xx_it.o
    0x080036ba   0x080036ba   0x00000028   Code   RO         3296    i.__ARM_fpclassify  m_ws.l(fpclassify.o)
    0x080036e2   0x080036e2   0x00000020   Code   RO         1302    i.__NVIC_SetPriority  stm32f1xx_hal_cortex.o
    0x08003702   0x08003702   0x0000000e   Code   RO         3182    i._is_digit         c_w.l(__printf_wp.o)
    0x08003710   0x08003710   0x0000013c   Code   RO           17    i.main              main.o
    0x0800384c   0x0800384c   0x0000002c   Code   RO         3290    locale$$code        c_w.l(lc_numeric_c.o)
    0x08003878   0x08003878   0x0000000c   Code   RO         3229    x$fpl$dretinf       fz_ws.l(dretinf.o)
    0x08003884   0x08003884   0x00000056   Code   RO         3203    x$fpl$f2d           fz_ws.l(f2d.o)
    0x080038da   0x080038da   0x00000002   PAD
    0x080038dc   0x080038dc   0x0000000c   Code   RO         3231    x$fpl$fcheck1       fz_ws.l(fcheck1.o)
    0x080038e8   0x080038e8   0x00000026   Code   RO         3205    x$fpl$ffltu         fz_ws.l(fflt_clz.o)
    0x0800390e   0x0800390e   0x00000002   PAD
    0x08003910   0x08003910   0x00000102   Code   RO         3211    x$fpl$fmul          fz_ws.l(fmul.o)
    0x08003a12   0x08003a12   0x0000008c   Code   RO         3233    x$fpl$fnaninf       fz_ws.l(fnaninf.o)
    0x08003a9e   0x08003a9e   0x0000000a   Code   RO         3235    x$fpl$fretinf       fz_ws.l(fretinf.o)
    0x08003aa8   0x08003aa8   0x00000004   Code   RO         3213    x$fpl$printf1       fz_ws.l(printf1.o)
    0x08003aac   0x08003aac   0x00000064   Code   RO         3294    x$fpl$retnan        fz_ws.l(retnan.o)
    0x08003b10   0x08003b10   0x0000004c   Code   RO         3215    x$fpl$scalbnf       fz_ws.l(scalbnf.o)
    0x08003b5c   0x08003b5c   0x00000030   Code   RO         3358    x$fpl$trapveneer    fz_ws.l(trapv.o)
    0x08003b8c   0x08003b8c   0x00000000   Code   RO         3237    x$fpl$usenofp       fz_ws.l(usenofp.o)
    0x08003b8c   0x08003b8c   0x0000000a   Data   RO           18    .constdata          main.o
    0x08003b96   0x08003b96   0x00000012   Data   RO         1000    .constdata          stm32f1xx_hal_rcc.o
    0x08003ba8   0x08003ba8   0x00000012   Data   RO         1092    .constdata          stm32f1xx_hal_rcc_ex.o
    0x08003bba   0x08003bba   0x00000010   Data   RO         3127    .constdata          system_stm32f1xx.o
    0x08003bca   0x08003bca   0x00000008   Data   RO         3128    .constdata          system_stm32f1xx.o
    0x08003bd2   0x08003bd2   0x00000002   PAD
    0x08003bd4   0x08003bd4   0x00000094   Data   RO         3265    .constdata          c_w.l(bigflt0.o)
    0x08003c68   0x08003c68   0x00000020   Data   RO         3439    Region$$Table       anon$$obj.o
    0x08003c88   0x08003c88   0x0000001c   Data   RO         3289    locale$$data        c_w.l(lc_numeric_c.o)


    Execution Region RW_IRAM1 (Exec base: 0x20000000, Load base: 0x08003ca4, Size: 0x00000780, Max: 0x00005000, ABSOLUTE)

    Exec Addr    Load Addr    Size         Type   Attr      Idx    E Section Name        Object

    0x20000000   0x08003ca4   0x00000004   Data   RW           19    .data               main.o
    0x20000004   0x08003ca8   0x0000000c   Data   RW          837    .data               stm32f1xx_hal.o
    0x20000010   0x08003cb4   0x00000004   Data   RW         3129    .data               system_stm32f1xx.o
    0x20000014        -       0x00000030   Zero   RW          205    .bss                adc.o
    0x20000044        -       0x00000048   Zero   RW          251    .bss                tim.o
    0x2000008c        -       0x00000090   Zero   RW          319    .bss                usart.o
    0x2000011c        -       0x00000060   Zero   RW         3299    .bss                c_w.l(libspace.o)
    0x2000017c   0x08003cb8   0x00000004   PAD
    0x20000180        -       0x00000200   Zero   RW            2    HEAP                startup_stm32f103xb.o
    0x20000380        -       0x00000400   Zero   RW            1    STACK               startup_stm32f103xb.o


==============================================================================

Image component sizes


      Code (inc. data)   RO Data    RW Data    ZI Data      Debug   Object Name

       168         22          0          0         48       1613   adc.o
       128         10          0          0          0        907   gpio.o
       476         28         10          4          0     443481   main.o
        64         26        236          0       1536        804   startup_stm32f103xb.o
       164         28          0         12          0       5845   stm32f1xx_hal.o
      1260         54          0          0          0       6468   stm32f1xx_hal_adc.o
       198         14          0          0          0      28899   stm32f1xx_hal_cortex.o
       222          4          0          0          0       1747   stm32f1xx_hal_dma.o
       500         34          0          0          0       3487   stm32f1xx_hal_gpio.o
        60          8          0          0          0        862   stm32f1xx_hal_msp.o
      1240         84         18          0          0       5068   stm32f1xx_hal_rcc.o
       400         28         18          0          0       2449   stm32f1xx_hal_rcc_ex.o
      1652         44          0          0          0      15798   stm32f1xx_hal_tim.o
       108         12          0          0          0       2373   stm32f1xx_hal_tim_ex.o
      1474         10          0          0          0      10008   stm32f1xx_hal_uart.o
        44         12          0          0          0       4656   stm32f1xx_it.o
         2          0         24          4          0       1095   system_stm32f1xx.o
       540         52          0          0         72       4050   tim.o
       588        136          0          0        144       5031   usart.o

    ----------------------------------------------------------------------
      9310        606        340         20       1800     544641   Object Totals
         0          0         32          0          0          0   (incl. Generated)
        22          0          2          0          0          0   (incl. Padding)

    ----------------------------------------------------------------------

      Code (inc. data)   RO Data    RW Data    ZI Data      Debug   Library Member Name

        56          6          0          0          0         88   __2snprintf.o
         8          0          0          0          0         68   __main.o
       284          0          0          0          0        156   __printf_wp.o
         0          0          0          0          0          0   __rtentry.o
        12          0          0          0          0          0   __rtentry2.o
         6          0          0          0          0          0   __rtentry4.o
        52          8          0          0          0          0   __scatter.o
        26          0          0          0          0          0   __scatter_copy.o
        28          0          0          0          0          0   __scatter_zi.o
        48          6          0          0          0         96   _printf_char_common.o
         6          0          0          0          0          0   _printf_d.o
       120         16          0          0          0         92   _printf_dec.o
         6          0          0          0          0          0   _printf_f.o
      1054          0          0          0          0        216   _printf_fp_dec.o
       128         16          0          0          0         84   _printf_fp_infnan.o
       178          0          0          0          0         88   _printf_intcommon.o
         0          0          0          0          0          0   _printf_percent.o
         4          0          0          0          0          0   _printf_percent_end.o
        16          0          0          0          0         68   _snputc.o
        10          0          0          0          0         68   _sputc.o
       228          4        148          0          0         96   bigflt0.o
      1936        128          0          0          0        672   btod.o
        18          0          0          0          0         80   exit.o
         6          0          0          0          0        152   heapauxi.o
         0          0          0          0          0          0   indicate_semi.o
        44         10         28          0          0         76   lc_numeric_c.o
         2          0          0          0          0          0   libinit.o
        18          0          0          0          0          0   libinit2.o
         2          0          0          0          0          0   libshutdown.o
         2          0          0          0          0          0   libshutdown2.o
         8          4          0          0         96         68   libspace.o
       138          0          0          0          0         80   lludiv10.o
         8          4          0          0          0         68   rt_locale_intlibspace.o
        78          0          0          0          0         80   rt_memclr_w.o
       100          0          0          0          0         80   rt_memcpy_w.o
         2          0          0          0          0          0   rtexit.o
        10          0          0          0          0          0   rtexit2.o
       128          0          0          0          0         68   strcmpv7m.o
        12          4          0          0          0         68   sys_exit.o
        74          0          0          0          0         80   sys_stackheap_outer.o
         2          0          0          0          0         68   use_no_semi.o
        12          0          0          0          0         68   dretinf.o
        86          4          0          0          0         84   f2d.o
        12          4          0          0          0         68   fcheck1.o
        38          0          0          0          0         68   fflt_clz.o
       258          4          0          0          0         84   fmul.o
       140          4          0          0          0         84   fnaninf.o
        10          0          0          0          0         68   fretinf.o
         4          0          0          0          0         68   printf1.o
       100          0          0          0          0         68   retnan.o
        76          0          0          0          0         68   scalbnf.o
        48          0          0          0          0         68   trapv.o
         0          0          0          0          0          0   usenofp.o
        40          0          0          0          0         68   fpclassify.o

    ----------------------------------------------------------------------
      5698        222        176          0        100       3624   Library Totals
        16          0          0          0          4          0   (incl. Padding)

    ----------------------------------------------------------------------

      Code (inc. data)   RO Data    RW Data    ZI Data      Debug   Library Name

      4858        206        176          0         96       2760   c_w.l
       784         16          0          0          0        796   fz_ws.l
        40          0          0          0          0         68   m_ws.l

    ----------------------------------------------------------------------
      5698        222        176          0        100       3624   Library Totals

    ----------------------------------------------------------------------

==============================================================================


      Code (inc. data)   RO Data    RW Data    ZI Data      Debug   

     15008        828        516         20       1900     541241   Grand Totals
     15008        828        516         20       1900     541241   ELF Image Totals
     15008        828        516         20          0          0   ROM Totals

==============================================================================

    Total RO  Size (Code + RO Data)                15524 (  15.16kB)
    Total RW  Size (RW Data + ZI Data)              1920 (   1.88kB)
    Total ROM Size (Code + RO Data + RW Data)      15544 (  15.18kB)

==============================================================================

