Component: ARM Compiler 5.06 update 6 (build 750) Tool: armlink [4d35ed]

==============================================================================

Section Cross References

    startup_stm32f103xb.o(STACK) refers (Special) to heapauxi.o(.text) for __use_two_region_memory
    startup_stm32f103xb.o(HEAP) refers (Special) to heapauxi.o(.text) for __use_two_region_memory
    startup_stm32f103xb.o(RESET) refers (Special) to heapauxi.o(.text) for __use_two_region_memory
    startup_stm32f103xb.o(RESET) refers to startup_stm32f103xb.o(STACK) for __initial_sp
    startup_stm32f103xb.o(RESET) refers to startup_stm32f103xb.o(.text) for Reset_Handler
    startup_stm32f103xb.o(RESET) refers to stm32f1xx_it.o(i.NMI_Handler) for NMI_Handler
    startup_stm32f103xb.o(RESET) refers to stm32f1xx_it.o(i.HardFault_Handler) for HardFault_Handler
    startup_stm32f103xb.o(RESET) refers to stm32f1xx_it.o(i.MemManage_Handler) for MemManage_Handler
    startup_stm32f103xb.o(RESET) refers to stm32f1xx_it.o(i.BusFault_Handler) for BusFault_Handler
    startup_stm32f103xb.o(RESET) refers to stm32f1xx_it.o(i.UsageFault_Handler) for UsageFault_Handler
    startup_stm32f103xb.o(RESET) refers to stm32f1xx_it.o(i.SVC_Handler) for SVC_Handler
    startup_stm32f103xb.o(RESET) refers to stm32f1xx_it.o(i.DebugMon_Handler) for DebugMon_Handler
    startup_stm32f103xb.o(RESET) refers to stm32f1xx_it.o(i.PendSV_Handler) for PendSV_Handler
    startup_stm32f103xb.o(RESET) refers to stm32f1xx_it.o(i.SysTick_Handler) for SysTick_Handler
    startup_stm32f103xb.o(RESET) refers to stm32f1xx_it.o(i.TIM2_IRQHandler) for TIM2_IRQHandler
    startup_stm32f103xb.o(RESET) refers to stm32f1xx_it.o(i.USART1_IRQHandler) for USART1_IRQHandler
    startup_stm32f103xb.o(.text) refers (Special) to heapauxi.o(.text) for __use_two_region_memory
    startup_stm32f103xb.o(.text) refers to system_stm32f1xx.o(i.SystemInit) for SystemInit
    startup_stm32f103xb.o(.text) refers to __main.o(!!!main) for __main
    startup_stm32f103xb.o(.text) refers to startup_stm32f103xb.o(HEAP) for Heap_Mem
    startup_stm32f103xb.o(.text) refers to startup_stm32f103xb.o(STACK) for Stack_Mem
    main.o(i.ADC_Read) refers to stm32f1xx_hal_adc.o(i.HAL_ADC_Start) for HAL_ADC_Start
    main.o(i.ADC_Read) refers to stm32f1xx_hal_adc.o(i.HAL_ADC_PollForConversion) for HAL_ADC_PollForConversion
    main.o(i.ADC_Read) refers to stm32f1xx_hal_adc.o(i.HAL_ADC_GetValue) for HAL_ADC_GetValue
    main.o(i.ADC_Read) refers to adc.o(.bss) for hadc1
    main.o(i.DistanceThreshold_Init) refers to main.o(i.Flash_ReadData) for Flash_ReadData
    main.o(i.DistanceThreshold_Init) refers to main.o(i.Flash_WriteData) for Flash_WriteData
    main.o(i.DistanceThreshold_Init) refers to main.o(.data) for .data
    main.o(i.DistanceThreshold_Set) refers to main.o(i.Flash_WriteData) for Flash_WriteData
    main.o(i.DistanceThreshold_Set) refers to main.o(.data) for .data
    main.o(i.Flash_WriteData) refers to stm32f1xx_hal_flash.o(i.HAL_FLASH_Unlock) for HAL_FLASH_Unlock
    main.o(i.Flash_WriteData) refers to stm32f1xx_hal_flash_ex.o(i.HAL_FLASHEx_Erase) for HAL_FLASHEx_Erase
    main.o(i.Flash_WriteData) refers to stm32f1xx_hal_flash.o(i.HAL_FLASH_Program) for HAL_FLASH_Program
    main.o(i.Flash_WriteData) refers to stm32f1xx_hal_flash.o(i.HAL_FLASH_Lock) for HAL_FLASH_Lock
    main.o(i.HAL_DelayUs) refers to system_stm32f1xx.o(.data) for SystemCoreClock
    main.o(i.LED_ManualOff) refers to tim.o(i.PWM_SetDutyCycle) for PWM_SetDutyCycle
    main.o(i.LED_ManualOff) refers to stm32f1xx_hal.o(i.HAL_GetTick) for HAL_GetTick
    main.o(i.LED_ManualOff) refers to main.o(.data) for .data
    main.o(i.LED_ManualOn) refers to tim.o(i.PWM_SetDutyCycle) for PWM_SetDutyCycle
    main.o(i.LED_ManualOn) refers to main.o(.data) for .data
    main.o(i.SystemClock_Config) refers to rt_memclr_w.o(.text) for __aeabi_memclr4
    main.o(i.SystemClock_Config) refers to stm32f1xx_hal_rcc.o(i.HAL_RCC_OscConfig) for HAL_RCC_OscConfig
    main.o(i.SystemClock_Config) refers to stm32f1xx_hal_rcc.o(i.HAL_RCC_ClockConfig) for HAL_RCC_ClockConfig
    main.o(i.SystemClock_Config) refers to stm32f1xx_hal_rcc_ex.o(i.HAL_RCCEx_PeriphCLKConfig) for HAL_RCCEx_PeriphCLKConfig
    main.o(i.main) refers to stm32f1xx_hal.o(i.HAL_Init) for HAL_Init
    main.o(i.main) refers to main.o(i.SystemClock_Config) for SystemClock_Config
    main.o(i.main) refers to gpio.o(i.MX_GPIO_Init) for MX_GPIO_Init
    main.o(i.main) refers to adc.o(i.MX_ADC1_Init) for MX_ADC1_Init
    main.o(i.main) refers to tim.o(i.MX_TIM2_Init) for MX_TIM2_Init
    main.o(i.main) refers to usart.o(i.MX_USART2_UART_Init) for MX_USART2_UART_Init
    main.o(i.main) refers to usart.o(i.MX_USART1_UART_Init) for MX_USART1_UART_Init
    main.o(i.main) refers to stm32f1xx_hal_tim.o(i.HAL_TIM_PWM_Start) for HAL_TIM_PWM_Start
    main.o(i.main) refers to main.o(i.DistanceThreshold_Init) for DistanceThreshold_Init
[...]
    i.HAL_ADC_GetValue                       0x08001a24   Section        0  stm32f1xx_hal_adc.o(i.HAL_ADC_GetValue)
    i.HAL_ADC_Init                           0x08001a2c   Section        0  stm32f1xx_hal_adc.o(i.HAL_ADC_Init)
    i.HAL_ADC_MspInit                        0x08001b48   Section        0  adc.o(i.HAL_ADC_MspInit)
    i.HAL_ADC_PollForConversion              0x08001ba0   Section        0  stm32f1xx_hal_adc.o(i.HAL_ADC_PollForConversion)
    i.HAL_ADC_Start                          0x08001cdc   Section        0  stm32f1xx_hal_adc.o(i.HAL_ADC_Start)
    i.HAL_DMA_Abort                          0x08001d9c   Section        0  stm32f1xx_hal_dma.o(i.HAL_DMA_Abort)
    i.HAL_DMA_Abort_IT                       0x08001de4   Section        0  stm32f1xx_hal_dma.o(i.HAL_DMA_Abort_IT)
    i.HAL_Delay                              0x08001e7c   Section        0  stm32f1xx_hal.o(i.HAL_Delay)
    i.HAL_FLASHEx_Erase                      0x08001ea0   Section        0  stm32f1xx_hal_flash_ex.o(i.HAL_FLASHEx_Erase)
    i.HAL_FLASH_Lock                         0x08001f48   Section        0  stm32f1xx_hal_flash.o(i.HAL_FLASH_Lock)
    i.HAL_FLASH_Program                      0x08001f5c   Section        0  stm32f1xx_hal_flash.o(i.HAL_FLASH_Program)
    i.HAL_FLASH_Unlock                       0x08001fdc   Section        0  stm32f1xx_hal_flash.o(i.HAL_FLASH_Unlock)
    i.HAL_GPIO_Init                          0x08002004   Section        0  stm32f1xx_hal_gpio.o(i.HAL_GPIO_Init)
    i.HAL_GPIO_ReadPin                       0x080021e4   Section        0  stm32f1xx_hal_gpio.o(i.HAL_GPIO_ReadPin)
    i.HAL_GPIO_WritePin                      0x080021ee   Section        0  stm32f1xx_hal_gpio.o(i.HAL_GPIO_WritePin)
    i.HAL_GetTick                            0x080021f8   Section        0  stm32f1xx_hal.o(i.HAL_GetTick)
    i.HAL_IncTick                            0x08002204   Section        0  stm32f1xx_hal.o(i.HAL_IncTick)
    i.HAL_Init                               0x08002214   Section        0  stm32f1xx_hal.o(i.HAL_Init)
    i.HAL_InitTick                           0x08002238   Section        0  stm32f1xx_hal.o(i.HAL_InitTick)
    i.HAL_MspInit                            0x08002278   Section        0  stm32f1xx_hal_msp.o(i.HAL_MspInit)
    i.HAL_NVIC_EnableIRQ                     0x080022b4   Section        0  stm32f1xx_hal_cortex.o(i.HAL_NVIC_EnableIRQ)
    i.HAL_NVIC_SetPriority                   0x080022d0   Section        0  stm32f1xx_hal_cortex.o(i.HAL_NVIC_SetPriority)
    i.HAL_NVIC_SetPriorityGrouping           0x08002310   Section        0  stm32f1xx_hal_cortex.o(i.HAL_NVIC_SetPriorityGrouping)
    i.HAL_RCCEx_GetPeriphCLKFreq             0x08002334   Section        0  stm32f1xx_hal_rcc_ex.o(i.HAL_RCCEx_GetPeriphCLKFreq)
    i.HAL_RCCEx_PeriphCLKConfig              0x080023d8   Section        0  stm32f1xx_hal_rcc_ex.o(i.HAL_RCCEx_PeriphCLKConfig)
    i.HAL_RCC_ClockConfig                    0x080024c4   Section        0  stm32f1xx_hal_rcc.o(i.HAL_RCC_ClockConfig)
    i.HAL_RCC_GetPCLK1Freq                   0x080025f0   Section        0  stm32f1xx_hal_rcc.o(i.HAL_RCC_GetPCLK1Freq)
    i.HAL_RCC_GetPCLK2Freq                   0x08002610   Section        0  stm32f1xx_hal_rcc.o(i.HAL_RCC_GetPCLK2Freq)
    i.HAL_RCC_GetSysClockFreq                0x08002630   Section        0  stm32f1xx_hal_rcc.o(i.HAL_RCC_GetSysClockFreq)
    i.HAL_RCC_OscConfig                      0x0800267c   Section        0  stm32f1xx_hal_rcc.o(i.HAL_RCC_OscConfig)
    i.HAL_SYSTICK_Config                     0x0800299c   Section        0  stm32f1xx_hal_cortex.o(i.HAL_SYSTICK_Config)
    i.HAL_TIMEx_BreakCallback                0x080029c4   Section        0  stm32f1xx_hal_tim_ex.o(i.HAL_TIMEx_BreakCallback)
    i.HAL_TIMEx_CommutCallback               0x080029c6   Section        0  stm32f1xx_hal_tim_ex.o(i.HAL_TIMEx_CommutCallback)
    i.HAL_TIMEx_MasterConfigSynchronization  0x080029c8   Section        0  stm32f1xx_hal_tim_ex.o(i.HAL_TIMEx_MasterConfigSynchronization)
    i.HAL_TIM_Base_Init                      0x08002a30   Section        0  stm32f1xx_hal_tim.o(i.HAL_TIM_Base_Init)
    i.HAL_TIM_Base_MspInit                   0x08002a8c   Section        0  tim.o(i.HAL_TIM_Base_MspInit)
    i.HAL_TIM_ConfigClockSource              0x08002ac4   Section        0  stm32f1xx_hal_tim.o(i.HAL_TIM_ConfigClockSource)
    i.HAL_TIM_IC_CaptureCallback             0x08002ba0   Section        0  stm32f1xx_hal_tim.o(i.HAL_TIM_IC_CaptureCallback)
    i.HAL_TIM_IRQHandler                     0x08002ba2   Section        0  stm32f1xx_hal_tim.o(i.HAL_TIM_IRQHandler)
    i.HAL_TIM_MspPostInit                    0x08002cd4   Section        0  tim.o(i.HAL_TIM_MspPostInit)
    i.HAL_TIM_OC_DelayElapsedCallback        0x08002d34   Section        0  stm32f1xx_hal_tim.o(i.HAL_TIM_OC_DelayElapsedCallback)
    i.HAL_TIM_PWM_ConfigChannel              0x08002d36   Section        0  stm32f1xx_hal_tim.o(i.HAL_TIM_PWM_ConfigChannel)
    i.HAL_TIM_PWM_Init                       0x08002e02   Section        0  stm32f1xx_hal_tim.o(i.HAL_TIM_PWM_Init)
    i.HAL_TIM_PWM_MspInit                    0x08002e5c   Section        0  stm32f1xx_hal_tim.o(i.HAL_TIM_PWM_MspInit)
    i.HAL_TIM_PWM_PulseFinishedCallback      0x08002e5e   Section        0  stm32f1xx_hal_tim.o(i.HAL_TIM_PWM_PulseFinishedCallback)
    i.HAL_TIM_PWM_Start                      0x08002e60   Section        0  stm32f1xx_hal_tim.o(i.HAL_TIM_PWM_Start)
    i.HAL_TIM_PeriodElapsedCallback          0x08002efc   Section        0  stm32f1xx_hal_tim.o(i.HAL_TIM_PeriodElapsedCallback)
    i.HAL_TIM_TriggerCallback                0x08002efe   Section        0  stm32f1xx_hal_tim.o(i.HAL_TIM_TriggerCallback)
    i.HAL_UARTEx_RxEventCallback             0x08002f00   Section        0  stm32f1xx_hal_uart.o(i.HAL_UARTEx_RxEventCallback)
    i.HAL_UART_ErrorCallback                 0x08002f02   Section        0  stm32f1xx_hal_uart.o(i.HAL_UART_ErrorCallback)
    i.HAL_UART_IRQHandler                    0x08002f04   Section        0  stm32f1xx_hal_uart.o(i.HAL_UART_IRQHandler)
    i.HAL_UART_Init                          0x08003170   Section        0  stm32f1xx_hal_uart.o(i.HAL_UART_Init)
    i.HAL_UART_MspInit                       0x080031d4   Section        0  usart.o(i.HAL_UART_MspInit)
    i.HAL_UART_Receive_IT                    0x080032a0   Section        0  stm32f1xx_hal_uart.o(i.HAL_UART_Receive_IT)
    i.HAL_UART_RxCpltCallback                0x080032bc   Section        0  usart.o(i.HAL_UART_RxCpltCallback)
    i.HAL_UART_Transmit                      0x08003304   Section        0  stm32f1xx_hal_uart.o(i.HAL_UART_Transmit)
    i.HAL_UART_TxCpltCallback                0x080033a4   Section        0  stm32f1xx_hal_uart.o(i.HAL_UART_TxCpltCallback)
    i.HCSR04_Measure                         0x080033a8   Section        0  tim.o(i.HCSR04_Measure)
    i.HC_SR04_DelayUs                        0x08003450   Section        0  tim.o(i.HC_SR04_DelayUs)
    i.HardFault_Handler                      0x08003488   Section        0  stm32f1xx_it.o(i.HardFault_Handler)
    i.LED_ManualOff                          0x0800348c   Section        0  main.o(i.LED_ManualOff)
    i.LED_ManualOn                           0x080034a8   Section        0  main.o(i.LED_ManualOn)
    i.MX_ADC1_Init                           0x080034b8   Section        0  adc.o(i.MX_ADC1_Init)
    i.MX_GPIO_Init                           0x08003508   Section        0  gpio.o(i.MX_GPIO_Init)
    i.MX_TIM2_Init                           0x08003588   Section        0  tim.o(i.MX_TIM2_Init)
    i.MX_USART1_UART_Init                    0x08003620   Section        0  usart.o(i.MX_USART1_UART_Init)
    i.MX_USART2_UART_Init                    0x08003658   Section        0  usart.o(i.MX_USART2_UART_Init)
    i.MemManage_Handler                      0x08003690   Section        0  stm32f1xx_it.o(i.MemManage_Handler)
    i.NMI_Handler                            0x08003692   Section        0  stm32f1xx_it.o(i.NMI_Handler)
    i.PWM_SetDutyCycle                       0x08003694   Section        0  tim.o(i.PWM_SetDutyCycle)
    i.PendSV_Handler                         0x080036a0   Section        0  stm32f1xx_it.o(i.PendSV_Handler)
    i.SVC_Handler                            0x080036a2   Section        0  stm32f1xx_it.o(i.SVC_Handler)
    i.SysTick_Handler                        0x080036a4   Section        0  stm32f1xx_it.o(i.SysTick_Handler)
    i.SystemClock_Config                     0x080036a8   Section        0  main.o(i.SystemClock_Config)
    i.SystemInit                             0x08003720   Section        0  system_stm32f1xx.o(i.SystemInit)
    i.TIM2_IRQHandler                        0x08003724   Section        0  stm32f1xx_it.o(i.TIM2_IRQHandler)
    i.TIM_Base_SetConfig                     0x08003730   Section        0  stm32f1xx_hal_tim.o(i.TIM_Base_SetConfig)
    i.TIM_CCxChannelCmd                      0x080037a8   Section        0  stm32f1xx_hal_tim.o(i.TIM_CCxChannelCmd)
    i.TIM_ETR_SetConfig                      0x080037c2   Section        0  stm32f1xx_hal_tim.o(i.TIM_ETR_SetConfig)
    i.TIM_ITRx_SetConfig                     0x080037d6   Section        0  stm32f1xx_hal_tim.o(i.TIM_ITRx_SetConfig)
    TIM_ITRx_SetConfig                       0x080037d7   Thumb Code    16  stm32f1xx_hal_tim.o(i.TIM_ITRx_SetConfig)
    i.TIM_OC1_SetConfig                      0x080037e8   Section        0  stm32f1xx_hal_tim.o(i.TIM_OC1_SetConfig)
    TIM_OC1_SetConfig                        0x080037e9   Thumb Code    74  stm32f1xx_hal_tim.o(i.TIM_OC1_SetConfig)
    i.TIM_OC2_SetConfig                      0x08003838   Section        0  stm32f1xx_hal_tim.o(i.TIM_OC2_SetConfig)
    i.TIM_OC3_SetConfig                      0x08003890   Section        0  stm32f1xx_hal_tim.o(i.TIM_OC3_SetConfig)
    TIM_OC3_SetConfig                        0x08003891   Thumb Code    82  stm32f1xx_hal_tim.o(i.TIM_OC3_SetConfig)
    i.TIM_OC4_SetConfig                      0x080038e8   Section        0  stm32f1xx_hal_tim.o(i.TIM_OC4_SetConfig)
    TIM_OC4_SetConfig                        0x080038e9   Thumb Code    64  stm32f1xx_hal_tim.o(i.TIM_OC4_SetConfig)
    i.TIM_TI1_ConfigInputStage               0x0800392c   Section        0  stm32f1xx_hal_tim.o(i.TIM_TI1_ConfigInputStage)
    TIM_TI1_ConfigInputStage                 0x0800392d   Thumb Code    34  stm32f1xx_hal_tim.o(i.TIM_TI1_ConfigInputStage)
    i.TIM_TI2_ConfigInputStage               0x0800394e   Section        0  stm32f1xx_hal_tim.o(i.TIM_TI2_ConfigInputStage)
    TIM_TI2_ConfigInputStage                 0x0800394f   Thumb Code    36  stm32f1xx_hal_tim.o(i.TIM_TI2_ConfigInputStage)
    i.UART_DMAAbortOnError                   0x08003972   Section        0  stm32f1xx_hal_uart.o(i.UART_DMAAbortOnError)
    UART_DMAAbortOnError                     0x08003973   Thumb Code    16  stm32f1xx_hal_uart.o(i.UART_DMAAbortOnError)
    i.UART_EndRxTransfer                     0x08003982   Section        0  stm32f1xx_hal_uart.o(i.UART_EndRxTransfer)
    UART_EndRxTransfer                       0x08003983   Thumb Code    78  stm32f1xx_hal_uart.o(i.UART_EndRxTransfer)
    i.UART_Receive_IT                        0x080039d0   Section        0  stm32f1xx_hal_uart.o(i.UART_Receive_IT)
    UART_Receive_IT                          0x080039d1   Thumb Code   194  stm32f1xx_hal_uart.o(i.UART_Receive_IT)
    i.UART_SetConfig                         0x08003a94   Section        0  stm32f1xx_hal_uart.o(i.UART_SetConfig)
    UART_SetConfig                           0x08003a95   Thumb Code   178  stm32f1xx_hal_uart.o(i.UART_SetConfig)
    i.UART_Start_Receive_IT                  0x08003b4c   Section        0  stm32f1xx_hal_uart.o(i.UART_Start_Receive_IT)
    i.UART_WaitOnFlagUntilTimeout            0x08003b82   Section        0  stm32f1xx_hal_uart.o(i.UART_WaitOnFlagUntilTimeout)
    UART_WaitOnFlagUntilTimeout              0x08003b83   Thumb Code   114  stm32f1xx_hal_uart.o(i.UART_WaitOnFlagUntilTimeout)
    i.USART1_IRQHandler                      0x08003bf4   Section        0  stm32f1xx_it.o(i.USART1_IRQHandler)
    i.USART1_ProcessCommand                  0x08003c00   Section        0  usart.o(i.USART1_ProcessCommand)
    i.USART1_SendDistance                    0x08003c7c   Section        0  usart.o(i.USART1_SendDistance)
    i.USART1_SendLight                       0x08003cb0   Section        0  usart.o(i.USART1_SendLight)
    i.USART1_SendThresholdSet                0x08003ce4   Section        0  usart.o(i.USART1_SendThresholdSet)
    i.USART1_StartRx                         0x08003d1c   Section        0  usart.o(i.USART1_StartRx)
    i.USART2_SendBright                      0x08003d30   Section        0  usart.o(i.USART2_SendBright)
    i.USART2_SendDark                        0x08003d68   Section        0  usart.o(i.USART2_SendDark)
    i.USART2_SendWarning                     0x08003da0   Section        0  usart.o(i.USART2_SendWarning)
    i.UsageFault_Handler                     0x08003dd8   Section        0  stm32f1xx_it.o(i.UsageFault_Handler)
    i.__ARM_fpclassify                       0x08003dda   Section        0  fpclassify.o(i.__ARM_fpclassify)
    i.__NVIC_SetPriority                     0x08003e02   Section        0  stm32f1xx_hal_cortex.o(i.__NVIC_SetPriority)
    __NVIC_SetPriority                       0x08003e03   Thumb Code    32  stm32f1xx_hal_cortex.o(i.__NVIC_SetPriority)
    i._is_digit                              0x08003e22   Section        0  __printf_wp.o(i._is_digit)
    i.main                                   0x08003e30   Section        0  main.o(i.main)
    locale$$code                             0x08003f9c   Section       44  lc_numeric_c.o(locale$$code)
    locale$$code                             0x08003fc8   Section       44  lc_ctype_c.o(locale$$code)
    x$fpl$dretinf                            0x08003ff4   Section       12  dretinf.o(x$fpl$dretinf)
    x$fpl$f2d                                0x08004000   Section       86  f2d.o(x$fpl$f2d)
    x$fpl$fcheck1                            0x08004058   Section       12  fcheck1.o(x$fpl$fcheck1)
    x$fpl$fcmpinf                            0x08004064   Section       24  fcmpi.o(x$fpl$fcmpinf)
    x$fpl$ffltu                              0x0800407c   Section       38  fflt_clz.o(x$fpl$ffltu)
    x$fpl$fleqf                              0x080040a4   Section      104  fleqf.o(x$fpl$fleqf)
    x$fpl$fmul                               0x0800410c   Section      258  fmul.o(x$fpl$fmul)
    x$fpl$fnaninf                            0x0800420e   Section      140  fnaninf.o(x$fpl$fnaninf)
    x$fpl$fretinf                            0x0800429a   Section       10  fretinf.o(x$fpl$fretinf)
    x$fpl$frleqf                             0x080042a4   Section       98  frleqf.o(x$fpl$frleqf)
    x$fpl$printf1                            0x08004306   Section        4  printf1.o(x$fpl$printf1)
    x$fpl$retnan                             0x0800430a   Section      100  retnan.o(x$fpl$retnan)
    x$fpl$scalbnf                            0x0800436e   Section       76  scalbnf.o(x$fpl$scalbnf)
    x$fpl$trapveneer                         0x080043ba   Section       48  trapv.o(x$fpl$trapveneer)
    x$fpl$usenofp                            0x080043ea   Section        0  usenofp.o(x$fpl$usenofp)
    .constdata                               0x080043ec   Section       10  main.o(.constdata)
    .constdata                               0x080043f6   Section       18  stm32f1xx_hal_rcc.o(.constdata)
    aPredivFactorTable                       0x080043f6   Data           2  stm32f1xx_hal_rcc.o(.constdata)
    aPLLMULFactorTable                       0x080043f8   Data          16  stm32f1xx_hal_rcc.o(.constdata)
    .constdata                               0x08004408   Section       18  stm32f1xx_hal_rcc_ex.o(.constdata)
    aPredivFactorTable                       0x08004408   Data           2  stm32f1xx_hal_rcc_ex.o(.constdata)
    aPLLMULFactorTable                       0x0800440a   Data          16  stm32f1xx_hal_rcc_ex.o(.constdata)
    .constdata                               0x0800441a   Section       16  system_stm32f1xx.o(.constdata)
    .constdata                               0x0800442a   Section        8  system_stm32f1xx.o(.constdata)
    .constdata                               0x08004434   Section      148  bigflt0.o(.constdata)
    tenpwrs_x                                0x08004434   Data          60  bigflt0.o(.constdata)
    tenpwrs_i                                0x08004470   Data          64  bigflt0.o(.constdata)
    locale$$data                             0x080044e8   Section       28  lc_numeric_c.o(locale$$data)
    __lcnum_c_name                           0x080044ec   Data           2  lc_numeric_c.o(locale$$data)
    __lcnum_c_start                          0x080044f4   Data           0  lc_numeric_c.o(locale$$data)
    __lcnum_c_point                          0x08004500   Data           0  lc_numeric_c.o(locale$$data)
    __lcnum_c_thousands                      0x08004502   Data           0  lc_numeric_c.o(locale$$data)
    __lcnum_c_grouping                       0x08004503   Data           0  lc_numeric_c.o(locale$$data)
    locale$$data                             0x08004504   Section      272  lc_ctype_c.o(locale$$data)
    __lcnum_c_end                            0x08004504   Data           0  lc_numeric_c.o(locale$$data)
    __lcctype_c_name                         0x08004508   Data           2  lc_ctype_c.o(locale$$data)
    __lcctype_c_start                        0x08004510   Data           0  lc_ctype_c.o(locale$$data)
    __lcctype_c_end                          0x08004614   Data           0  lc_ctype_c.o(locale$$data)
    .data                                    0x20000000   Section       12  main.o(.data)
    current_level                            0x20000002   Data           1  main.o(.data)
    alarm_sent                               0x20000003   Data           1  main.o(.data)
    dark_sent                                0x20000004   Data           1  main.o(.data)
    bright_sent                              0x20000005   Data           1  main.o(.data)
    .data                                    0x2000000c   Section        3  usart.o(.data)
    .data                                    0x20000010   Section       12  stm32f1xx_hal.o(.data)
    .data                                    0x2000001c   Section        4  system_stm32f1xx.o(.data)
    .bss                                     0x20000020   Section       48  adc.o(.bss)
    .bss                                     0x20000050   Section       72  tim.o(.bss)
    .bss                                     0x20000098   Section      176  usart.o(.bss)
    .bss                                     0x20000148   Section       32  stm32f1xx_hal_flash.o(.bss)
    .bss                                     0x20000168   Section       96  libspace.o(.bss)
    HEAP                                     0x200001c8   Section      512  startup_stm32f103xb.o(HEAP)
    Heap_Mem                                 0x200001c8   Data         512  startup_stm32f103xb.o(HEAP)
    STACK                                    0x200003c8   Section     1024  startup_stm32f103xb.o(STACK)
    Stack_Mem                                0x200003c8   Data        1024  startup_stm32f103xb.o(STACK)
    __initial_sp                             0x200007c8   Data           0  startup_stm32f103xb.o(STACK)

    Global Symbols

    Symbol Name                              Value     Ov Type        Size  Object(Section)

    BuildAttributes$$THM_ISAv4$P$D$K$B$S$PE$A:L22UL41UL21$X:L11$S22US41US21$IEEE1$IW$USESV6$~STKCKD$USESV7$~SHL$OTIME$ROPI$IEEEJ$EBA8$UX$STANDARDLIB$REQ8$PRES8$EABIv2 0x00000000   Number         0  anon$$obj.o ABSOLUTE
    __ARM_use_no_argv                        0x00000000   Number         0  main.o ABSOLUTE
    _printf_flags                            0x00000000   Number         0  printf_stubs.o ABSOLUTE
    _printf_return_value                     0x00000000   Number         0  printf_stubs.o ABSOLUTE
    _printf_sizespec                         0x00000000   Number         0  printf_stubs.o ABSOLUTE
    _printf_widthprec                        0x00000000   Number         0  printf_stubs.o ABSOLUTE
    __ARM_exceptions_init                     - Undefined Weak Reference
    __alloca_initialize                       - Undefined Weak Reference
    __arm_preinit_                            - Undefined Weak Reference
    __cpp_initialize__aeabi_                  - Undefined Weak Reference
    __cxa_finalize                            - Undefined Weak Reference
    __sigvec_lookup                           - Undefined Weak Reference
    _atexit_init                              - Undefined Weak Reference
    _call_atexit_fns                          - Undefined Weak Reference
    _clock_init                               - Undefined Weak Reference
    _fp_trap_init                             - Undefined Weak Reference
    _fp_trap_shutdown                         - Undefined Weak Reference
    _get_lc_collate                           - Undefined Weak Reference
    _get_lc_monetary                          - Undefined Weak Reference
    _get_lc_time                              - Undefined Weak Reference
    _getenv_init                              - Undefined Weak Reference
    _handle_redirection                       - Undefined Weak Reference
    _init_alloc                               - Undefined Weak Reference
    _init_user_alloc                          - Undefined Weak Reference
    _initio                                   - Undefined Weak Reference
    _printf_post_padding                      - Undefined Weak Reference
    _printf_pre_padding                       - Undefined Weak Reference
    _printf_truncate_signed                   - Undefined Weak Reference
    _printf_truncate_unsigned                 - Undefined Weak Reference
    _rand_init                                - Undefined Weak Reference
    _signal_finish                            - Undefined Weak Reference
    _signal_init                              - Undefined Weak Reference
    _terminate_alloc                          - Undefined Weak Reference
    _terminate_user_alloc                     - Undefined Weak Reference
    _terminateio                              - Undefined Weak Reference
    __Vectors_Size                           0x000000ec   Number         0  startup_stm32f103xb.o ABSOLUTE
    __Vectors                                0x08000000   Data           4  startup_stm32f103xb.o(RESET)
    __Vectors_End                            0x080000ec   Data           0  startup_stm32f103xb.o(RESET)
    __main                                   0x080000ed   Thumb Code     8  __main.o(!!!main)
    __scatterload                            0x080000f5   Thumb Code     0  __scatter.o(!!!scatter)
    __scatterload_rt2                        0x080000f5   Thumb Code    44  __scatter.o(!!!scatter)
    __scatterload_rt2_thumb_only             0x080000f5   Thumb Code     0  __scatter.o(!!!scatter)
    __scatterload_null                       0x08000103   Thumb Code     0  __scatter.o(!!!scatter)
    __scatterload_copy                       0x08000129   Thumb Code    26  __scatter_copy.o(!!handler_copy)
    __scatterload_zeroinit                   0x08000145   Thumb Code    28  __scatter_zi.o(!!handler_zi)
    _printf_f                                0x08000161   Thumb Code     0  _printf_f.o(.ARM.Collect$$_printf_percent$$00000003)
    _printf_percent                          0x08000161   Thumb Code     0  _printf_percent.o(.ARM.Collect$$_printf_percent$$00000000)
    _printf_d                                0x08000167   Thumb Code     0  _printf_d.o(.ARM.Collect$$_printf_percent$$00000009)
    _printf_percent_end                      0x0800016d   Thumb Code     0  _printf_percent_end.o(.ARM.Collect$$_printf_percent$$00000017)
    __rt_lib_init                            0x08000171   Thumb Code     0  libinit.o(.ARM.Collect$$libinit$$00000000)
    __rt_lib_init_fp_1                       0x08000173   Thumb Code     0  libinit2.o(.ARM.Collect$$libinit$$00000002)
    __rt_lib_init_heap_1                     0x08000173   Thumb Code     0  libinit2.o(.ARM.Collect$$libinit$$0000000A)
    __rt_lib_init_lc_common                  0x08000173   Thumb Code     0  libinit2.o(.ARM.Collect$$libinit$$0000000F)
    __rt_lib_init_preinit_1                  0x08000173   Thumb Code     0  libinit2.o(.ARM.Collect$$libinit$$00000004)
    __rt_lib_init_rand_1                     0x08000173   Thumb Code     0  libinit2.o(.ARM.Collect$$libinit$$0000000E)
    __rt_lib_init_user_alloc_1               0x08000173   Thumb Code     0  libinit2.o(.ARM.Collect$$libinit$$0000000C)
    __rt_lib_init_lc_collate_1               0x08000179   Thumb Code     0  libinit2.o(.ARM.Collect$$libinit$$00000011)
    __rt_lib_init_lc_ctype_2                 0x08000179   Thumb Code     0  libinit2.o(.ARM.Collect$$libinit$$00000012)
    __rt_lib_init_lc_ctype_1                 0x08000185   Thumb Code     0  libinit2.o(.ARM.Collect$$libinit$$00000013)
    __rt_lib_init_lc_monetary_1              0x08000185   Thumb Code     0  libinit2.o(.ARM.Collect$$libinit$$00000015)
    __rt_lib_init_lc_numeric_2               0x08000185   Thumb Code     0  libinit2.o(.ARM.Collect$$libinit$$00000016)
    __rt_lib_init_alloca_1                   0x0800018f   Thumb Code     0  libinit2.o(.ARM.Collect$$libinit$$0000002E)
    __rt_lib_init_argv_1                     0x0800018f   Thumb Code     0  libinit2.o(.ARM.Collect$$libinit$$0000002C)
    __rt_lib_init_atexit_1                   0x0800018f   Thumb Code     0  libinit2.o(.ARM.Collect$$libinit$$0000001B)
    __rt_lib_init_clock_1                    0x0800018f   Thumb Code     0  libinit2.o(.ARM.Collect$$libinit$$00000021)
    __rt_lib_init_cpp_1                      0x0800018f   Thumb Code     0  libinit2.o(.ARM.Collect$$libinit$$00000032)
    __rt_lib_init_exceptions_1               0x0800018f   Thumb Code     0  libinit2.o(.ARM.Collect$$libinit$$00000030)
    __rt_lib_init_fp_trap_1                  0x0800018f   Thumb Code     0  libinit2.o(.ARM.Collect$$libinit$$0000001F)
    __rt_lib_init_getenv_1                   0x0800018f   Thumb Code     0  libinit2.o(.ARM.Collect$$libinit$$00000023)
    __rt_lib_init_lc_numeric_1               0x0800018f   Thumb Code     0  libinit2.o(.ARM.Collect$$libinit$$00000017)
    __rt_lib_init_lc_time_1                  0x0800018f   Thumb Code     0  libinit2.o(.ARM.Collect$$libinit$$00000019)
    __rt_lib_init_return                     0x0800018f   Thumb Code     0  libinit2.o(.ARM.Collect$$libinit$$00000033)
    __rt_lib_init_signal_1                   0x0800018f   Thumb Code     0  libinit2.o(.ARM.Collect$$libinit$$0000001D)
    __rt_lib_init_stdio_1                    0x0800018f   Thumb Code     0  libinit2.o(.ARM.Collect$$libinit$$00000025)
    __rt_lib_shutdown                        0x08000191   Thumb Code     0  libshutdown.o(.ARM.Collect$$libshutdown$$00000000)
    __rt_lib_shutdown_cpp_1                  0x08000193   Thumb Code     0  libshutdown2.o(.ARM.Collect$$libshutdown$$00000002)
    __rt_lib_shutdown_fp_trap_1              0x08000193   Thumb Code     0  libshutdown2.o(.ARM.Collect$$libshutdown$$00000007)
    __rt_lib_shutdown_heap_1                 0x08000193   Thumb Code     0  libshutdown2.o(.ARM.Collect$$libshutdown$$0000000F)
    __rt_lib_shutdown_return                 0x08000193   Thumb Code     0  libshutdown2.o(.ARM.Collect$$libshutdown$$00000010)
    __rt_lib_shutdown_signal_1               0x08000193   Thumb Code     0  libshutdown2.o(.ARM.Collect$$libshutdown$$0000000A)
    __rt_lib_shutdown_stdio_1                0x08000193   Thumb Code     0  libshutdown2.o(.ARM.Collect$$libshutdown$$00000004)
    __rt_lib_shutdown_user_alloc_1           0x08000193   Thumb Code     0  libshutdown2.o(.ARM.Collect$$libshutdown$$0000000C)
    __rt_entry                               0x08000195   Thumb Code     0  __rtentry.o(.ARM.Collect$$rtentry$$00000000)
    __rt_entry_presh_1                       0x08000195   Thumb Code     0  __rtentry2.o(.ARM.Collect$$rtentry$$00000002)
    __rt_entry_sh                            0x08000195   Thumb Code     0  __rtentry4.o(.ARM.Collect$$rtentry$$00000004)
    __rt_entry_li                            0x0800019b   Thumb Code     0  __rtentry2.o(.ARM.Collect$$rtentry$$0000000A)
    __rt_entry_postsh_1                      0x0800019b   Thumb Code     0  __rtentry2.o(.ARM.Collect$$rtentry$$00000009)
    __rt_entry_main                          0x0800019f   Thumb Code     0  __rtentry2.o(.ARM.Collect$$rtentry$$0000000D)
    __rt_entry_postli_1                      0x0800019f   Thumb Code     0  __rtentry2.o(.ARM.Collect$$rtentry$$0000000C)
    __rt_exit                                0x080001a7   Thumb Code     0  rtexit.o(.ARM.Collect$$rtexit$$00000000)
    __rt_exit_ls                             0x080001a9   Thumb Code     0  rtexit2.o(.ARM.Collect$$rtexit$$00000003)
    __rt_exit_prels_1                        0x080001a9   Thumb Code     0  rtexit2.o(.ARM.Collect$$rtexit$$00000002)
    __rt_exit_exit                           0x080001ad   Thumb Code     0  rtexit2.o(.ARM.Collect$$rtexit$$00000004)
    Reset_Handler                            0x080001b5   Thumb Code     8  startup_stm32f103xb.o(.text)
    ADC1_2_IRQHandler                        0x080001cf   Thumb Code     0  startup_stm32f103xb.o(.text)
    CAN1_RX1_IRQHandler                      0x080001cf   Thumb Code     0  startup_stm32f103xb.o(.text)
    CAN1_SCE_IRQHandler                      0x080001cf   Thumb Code     0  startup_stm32f103xb.o(.text)
    DMA1_Channel1_IRQHandler                 0x080001cf   Thumb Code     0  startup_stm32f103xb.o(.text)
    DMA1_Channel2_IRQHandler                 0x080001cf   Thumb Code     0  startup_stm32f103xb.o(.text)
    DMA1_Channel3_IRQHandler                 0x080001cf   Thumb Code     0  startup_stm32f103xb.o(.text)
    DMA1_Channel4_IRQHandler                 0x080001cf   Thumb Code     0  startup_stm32f103xb.o(.text)
    DMA1_Channel5_IRQHandler                 0x080001cf   Thumb Code     0  startup_stm32f103xb.o(.text)
    DMA1_Channel6_IRQHandler                 0x080001cf   Thumb Code     0  startup_stm32f103xb.o(.text)
    DMA1_Channel7_IRQHandler                 0x080001cf   Thumb Code     0  startup_stm32f103xb.o(.text)
    EXTI0_IRQHandler                         0x080001cf   Thumb Code     0  startup_stm32f103xb.o(.text)
    EXTI15_10_IRQHandler                     0x080001cf   Thumb Code     0  startup_stm32f103xb.o(.text)
    EXTI1_IRQHandler                         0x080001cf   Thumb Code     0  startup_stm32f103xb.o(.text)
    EXTI2_IRQHandler                         0x080001cf   Thumb Code     0  startup_stm32f103xb.o(.text)
    EXTI3_IRQHandler                         0x080001cf   Thumb Code     0  startup_stm32f103xb.o(.text)
    EXTI4_IRQHandler                         0x080001cf   Thumb Code     0  startup_stm32f103xb.o(.text)
    EXTI9_5_IRQHandler                       0x080001cf   Thumb Code     0  startup_stm32f103xb.o(.text)
    FLASH_IRQHandler                         0x080001cf   Thumb Code     0  startup_stm32f103xb.o(.text)
    I2C1_ER_IRQHandler                       0x080001cf   Thumb Code     0  startup_stm32f103xb.o(.text)
    I2C1_EV_IRQHandler                       0x080001cf   Thumb Code     0  startup_stm32f103xb.o(.text)
    I2C2_ER_IRQHandler                       0x080001cf   Thumb Code     0  startup_stm32f103xb.o(.text)
    I2C2_EV_IRQHandler                       0x080001cf   Thumb Code     0  startup_stm32f103xb.o(.text)
    PVD_IRQHandler                           0x080001cf   Thumb Code     0  startup_stm32f103xb.o(.text)
    RCC_IRQHandler                           0x080001cf   Thumb Code     0  startup_stm32f103xb.o(.text)
    RTC_Alarm_IRQHandler                     0x080001cf   Thumb Code     0  startup_stm32f103xb.o(.text)
    RTC_IRQHandler                           0x080001cf   Thumb Code     0  startup_stm32f103xb.o(.text)
    SPI1_IRQHandler                          0x080001cf   Thumb Code     0  startup_stm32f103xb.o(.text)
    SPI2_IRQHandler                          0x080001cf   Thumb Code     0  startup_stm32f103xb.o(.text)
    TAMPER_IRQHandler                        0x080001cf   Thumb Code     0  startup_stm32f103xb.o(.text)
    TIM1_BRK_IRQHandler                      0x080001cf   Thumb Code     0  startup_stm32f103xb.o(.text)
    TIM1_CC_IRQHandler                       0x080001cf   Thumb Code     0  startup_stm32f103xb.o(.text)
    TIM1_TRG_COM_IRQHandler                  0x080001cf   Thumb Code     0  startup_stm32f103xb.o(.text)
    TIM1_UP_IRQHandler                       0x080001cf   Thumb Code     0  startup_stm32f103xb.o(.text)
    TIM3_IRQHandler                          0x080001cf   Thumb Code     0  startup_stm32f103xb.o(.text)
    TIM4_IRQHandler                          0x080001cf   Thumb Code     0  startup_stm32f103xb.o(.text)
    USART2_IRQHandler                        0x080001cf   Thumb Code     0  startup_stm32f103xb.o(.text)
    USART3_IRQHandler                        0x080001cf   Thumb Code     0  startup_stm32f103xb.o(.text)
    USBWakeUp_IRQHandler                     0x080001cf   Thumb Code     0  startup_stm32f103xb.o(.text)
    USB_HP_CAN1_TX_IRQHandler                0x080001cf   Thumb Code     0  startup_stm32f103xb.o(.text)
    USB_LP_CAN1_RX0_IRQHandler               0x080001cf   Thumb Code     0  startup_stm32f103xb.o(.text)
    WWDG_IRQHandler                          0x080001cf   Thumb Code     0  startup_stm32f103xb.o(.text)
    __user_initial_stackheap                 0x080001d1   Thumb Code     0  startup_stm32f103xb.o(.text)
    __aeabi_llsr                             0x080001f5   Thumb Code     0  llushr.o(.text)
    _ll_ushift_r                             0x080001f5   Thumb Code    38  llushr.o(.text)
    __2snprintf                              0x0800021d   Thumb Code    50  __2snprintf.o(.text)
    _printf_int_dec                          0x08000255   Thumb Code   104  _printf_dec.o(.text)
    __printf                                 0x080002cd   Thumb Code   270  __printf_wp.o(.text)
    atoi                                     0x080003db   Thumb Code    26  atoi.o(.text)
    strstr                                   0x080003f5   Thumb Code    36  strstr.o(.text)
    strncmp                                  0x08000419   Thumb Code   150  strncmp.o(.text)
    __aeabi_memcpy4                          0x080004af   Thumb Code     0  rt_memcpy_w.o(.text)
    __aeabi_memcpy8                          0x080004af   Thumb Code     0  rt_memcpy_w.o(.text)
    __rt_memcpy_w                            0x080004af   Thumb Code   100  rt_memcpy_w.o(.text)
    _memcpy_lastbytes_aligned                0x080004f7   Thumb Code     0  rt_memcpy_w.o(.text)
    __aeabi_memclr4                          0x08000513   Thumb Code     0  rt_memclr_w.o(.text)
    __aeabi_memclr8                          0x08000513   Thumb Code     0  rt_memclr_w.o(.text)
    __rt_memclr_w                            0x08000513   Thumb Code    78  rt_memclr_w.o(.text)
    _memset_w                                0x08000517   Thumb Code     0  rt_memclr_w.o(.text)
    __use_two_region_memory                  0x08000561   Thumb Code     2  heapauxi.o(.text)
    __rt_heap_escrow$2region                 0x08000563   Thumb Code     2  heapauxi.o(.text)
    __rt_heap_expand$2region                 0x08000565   Thumb Code     2  heapauxi.o(.text)
    __aeabi_errno_addr                       0x08000569   Thumb Code     8  rt_errno_addr_intlibspace.o(.text)
    __errno$intlibspace                      0x08000569   Thumb Code     0  rt_errno_addr_intlibspace.o(.text)
    __rt_errno_addr$intlibspace              0x08000569   Thumb Code     0  rt_errno_addr_intlibspace.o(.text)
    _printf_int_common                       0x08000571   Thumb Code   178  _printf_intcommon.o(.text)
    __lib_sel_fp_printf                      0x08000623   Thumb Code     2  _printf_fp_dec.o(.text)
    _printf_fp_dec_real                      0x080007d5   Thumb Code   620  _printf_fp_dec.o(.text)
    _printf_char_common                      0x08000a4b   Thumb Code    32  _printf_char_common.o(.text)
    _sputc                                   0x08000a71   Thumb Code    10  _sputc.o(.text)
    _snputc                                  0x08000a7b   Thumb Code    16  _snputc.o(.text)
    strtol                                   0x08000a8b   Thumb Code   112  strtol.o(.text)
    __user_libspace                          0x08000afd   Thumb Code     8  libspace.o(.text)
    __user_perproc_libspace                  0x08000afd   Thumb Code     0  libspace.o(.text)
    __user_perthread_libspace                0x08000afd   Thumb Code     0  libspace.o(.text)
    __rt_ctype_table                         0x08000b05   Thumb Code    16  rt_ctype_table.o(.text)
    __rt_locale                              0x08000b15   Thumb Code     8  rt_locale_intlibspace.o(.text)
    _ll_udiv10                               0x08000b1d   Thumb Code   138  lludiv10.o(.text)
    _printf_fp_infnan                        0x08000ba9   Thumb Code   112  _printf_fp_infnan.o(.text)
    _strtoul                                 0x08000c29   Thumb Code   158  _strtoul.o(.text)
    _btod_etento                             0x08000cc9   Thumb Code   224  bigflt0.o(.text)
    __user_setup_stackheap                   0x08000dad   Thumb Code    74  sys_stackheap_outer.o(.text)
    _chval                                   0x08000df7   Thumb Code    28  _chval.o(.text)
    exit                                     0x08000e13   Thumb Code    18  exit.o(.text)
    strcmp                                   0x08000e25   Thumb Code   128  strcmpv7m.o(.text)
    _sys_exit                                0x08000ea5   Thumb Code     8  sys_exit.o(.text)
    __I$use$semihosting                      0x08000eb1   Thumb Code     0  use_no_semi.o(.text)
    __use_no_semihosting_swi                 0x08000eb1   Thumb Code     2  use_no_semi.o(.text)
    __semihosting_library_function           0x08000eb3   Thumb Code     0  indicate_semi.o(.text)
    _btod_d2e                                0x08000eb3   Thumb Code    62  btod.o(CL$$btod_d2e)
    _d2e_denorm_low                          0x08000ef1   Thumb Code    70  btod.o(CL$$btod_d2e_denorm_low)
    _d2e_norm_op1                            0x08000f37   Thumb Code    96  btod.o(CL$$btod_d2e_norm_op1)
    __btod_div_common                        0x08000f97   Thumb Code   696  btod.o(CL$$btod_div_common)
    _e2e                                     0x080012cf   Thumb Code   220  btod.o(CL$$btod_e2e)
    _btod_ediv                               0x080013ab   Thumb Code    42  btod.o(CL$$btod_ediv)
    _btod_emul                               0x080013d5   Thumb Code    42  btod.o(CL$$btod_emul)
    __btod_mult_common                       0x080013ff   Thumb Code   580  btod.o(CL$$btod_mult_common)
    ADC_ConversionStop_Disable               0x08001645   Thumb Code    86  stm32f1xx_hal_adc.o(i.ADC_ConversionStop_Disable)
    ADC_Enable                               0x0800169d   Thumb Code   114  stm32f1xx_hal_adc.o(i.ADC_Enable)
    ADC_Read                                 0x08001719   Thumb Code    32  main.o(i.ADC_Read)
    BusFault_Handler                         0x0800173d   Thumb Code     2  stm32f1xx_it.o(i.BusFault_Handler)
    DebugMon_Handler                         0x0800173f   Thumb Code     2  stm32f1xx_it.o(i.DebugMon_Handler)
    DistanceThreshold_Init                   0x08001741   Thumb Code    62  main.o(i.DistanceThreshold_Init)
    DistanceThreshold_Set                    0x08001789   Thumb Code    40  main.o(i.DistanceThreshold_Set)
    Error_Handler                            0x080017b9   Thumb Code     4  main.o(i.Error_Handler)
    FLASH_PageErase                          0x080017e1   Thumb Code    28  stm32f1xx_hal_flash_ex.o(i.FLASH_PageErase)
    FLASH_WaitForLastOperation               0x0800187d   Thumb Code    80  stm32f1xx_hal_flash.o(i.FLASH_WaitForLastOperation)
    Flash_ReadData                           0x080018d1   Thumb Code    12  main.o(i.Flash_ReadData)
    Flash_WriteData                          0x080018e1   Thumb Code    68  main.o(i.Flash_WriteData)
    HAL_ADC_ConfigChannel                    0x08001929   Thumb Code   240  stm32f1xx_hal_adc.o(i.HAL_ADC_ConfigChannel)
    HAL_ADC_GetValue                         0x08001a25   Thumb Code     6  stm32f1xx_hal_adc.o(i.HAL_ADC_GetValue)
    HAL_ADC_Init                             0x08001a2d   Thumb Code   272  stm32f1xx_hal_adc.o(i.HAL_ADC_Init)
    HAL_ADC_MspInit                          0x08001b49   Thumb Code    76  adc.o(i.HAL_ADC_MspInit)
    HAL_ADC_PollForConversion                0x08001ba1   Thumb Code   304  stm32f1xx_hal_adc.o(i.HAL_ADC_PollForConversion)
    HAL_ADC_Start                            0x08001cdd   Thumb Code   184  stm32f1xx_hal_adc.o(i.HAL_ADC_Start)
    HAL_DMA_Abort                            0x08001d9d   Thumb Code    70  stm32f1xx_hal_dma.o(i.HAL_DMA_Abort)
    HAL_DMA_Abort_IT                         0x08001de5   Thumb Code   148  stm32f1xx_hal_dma.o(i.HAL_DMA_Abort_IT)
    HAL_Delay                                0x08001e7d   Thumb Code    32  stm32f1xx_hal.o(i.HAL_Delay)
    HAL_FLASHEx_Erase                        0x08001ea1   Thumb Code   160  stm32f1xx_hal_flash_ex.o(i.HAL_FLASHEx_Erase)
    HAL_FLASH_Lock                           0x08001f49   Thumb Code    14  stm32f1xx_hal_flash.o(i.HAL_FLASH_Lock)
    HAL_FLASH_Program                        0x08001f5d   Thumb Code   120  stm32f1xx_hal_flash.o(i.HAL_FLASH_Program)
    HAL_FLASH_Unlock                         0x08001fdd   Thumb Code    28  stm32f1xx_hal_flash.o(i.HAL_FLASH_Unlock)
    HAL_GPIO_Init                            0x08002005   Thumb Code   446  stm32f1xx_hal_gpio.o(i.HAL_GPIO_Init)
    HAL_GPIO_ReadPin                         0x080021e5   Thumb Code    10  stm32f1xx_hal_gpio.o(i.HAL_GPIO_ReadPin)
    HAL_GPIO_WritePin                        0x080021ef   Thumb Code    10  stm32f1xx_hal_gpio.o(i.HAL_GPIO_WritePin)
    HAL_GetTick                              0x080021f9   Thumb Code     6  stm32f1xx_hal.o(i.HAL_GetTick)
    HAL_IncTick                              0x08002205   Thumb Code    12  stm32f1xx_hal.o(i.HAL_IncTick)
    HAL_Init                                 0x08002215   Thumb Code    32  stm32f1xx_hal.o(i.HAL_Init)
    HAL_InitTick                             0x08002239   Thumb Code    54  stm32f1xx_hal.o(i.HAL_InitTick)
    HAL_MspInit                              0x08002279   Thumb Code    52  stm32f1xx_hal_msp.o(i.HAL_MspInit)
    HAL_NVIC_EnableIRQ                       0x080022b5   Thumb Code    26  stm32f1xx_hal_cortex.o(i.HAL_NVIC_EnableIRQ)
    HAL_NVIC_SetPriority                     0x080022d1   Thumb Code    60  stm32f1xx_hal_cortex.o(i.HAL_NVIC_SetPriority)
    HAL_NVIC_SetPriorityGrouping             0x08002311   Thumb Code    26  stm32f1xx_hal_cortex.o(i.HAL_NVIC_SetPriorityGrouping)
    HAL_RCCEx_GetPeriphCLKFreq               0x08002335   Thumb Code   148  stm32f1xx_hal_rcc_ex.o(i.HAL_RCCEx_GetPeriphCLKFreq)
    HAL_RCCEx_PeriphCLKConfig                0x080023d9   Thumb Code   224  stm32f1xx_hal_rcc_ex.o(i.HAL_RCCEx_PeriphCLKConfig)
    HAL_RCC_ClockConfig                      0x080024c5   Thumb Code   280  stm32f1xx_hal_rcc.o(i.HAL_RCC_ClockConfig)
    HAL_RCC_GetPCLK1Freq                     0x080025f1   Thumb Code    20  stm32f1xx_hal_rcc.o(i.HAL_RCC_GetPCLK1Freq)
    HAL_RCC_GetPCLK2Freq                     0x08002611   Thumb Code    20  stm32f1xx_hal_rcc.o(i.HAL_RCC_GetPCLK2Freq)
    HAL_RCC_GetSysClockFreq                  0x08002631   Thumb Code    58  stm32f1xx_hal_rcc.o(i.HAL_RCC_GetSysClockFreq)
    HAL_RCC_OscConfig                        0x0800267d   Thumb Code   778  stm32f1xx_hal_rcc.o(i.HAL_RCC_OscConfig)
    HAL_SYSTICK_Config                       0x0800299d   Thumb Code    40  stm32f1xx_hal_cortex.o(i.HAL_SYSTICK_Config)
    HAL_TIMEx_BreakCallback                  0x080029c5   Thumb Code     2  stm32f1xx_hal_tim_ex.o(i.HAL_TIMEx_BreakCallback)
    HAL_TIMEx_CommutCallback                 0x080029c7   Thumb Code     2  stm32f1xx_hal_tim_ex.o(i.HAL_TIMEx_CommutCallback)
    HAL_TIMEx_MasterConfigSynchronization    0x080029c9   Thumb Code    92  stm32f1xx_hal_tim_ex.o(i.HAL_TIMEx_MasterConfigSynchronization)
    HAL_TIM_Base_Init                        0x08002a31   Thumb Code    90  stm32f1xx_hal_tim.o(i.HAL_TIM_Base_Init)
    HAL_TIM_Base_MspInit                     0x08002a8d   Thumb Code    50  tim.o(i.HAL_TIM_Base_MspInit)
    HAL_TIM_ConfigClockSource                0x08002ac5   Thumb Code   220  stm32f1xx_hal_tim.o(i.HAL_TIM_ConfigClockSource)
    HAL_TIM_IC_CaptureCallback               0x08002ba1   Thumb Code     2  stm32f1xx_hal_tim.o(i.HAL_TIM_IC_CaptureCallback)
    HAL_TIM_IRQHandler                       0x08002ba3   Thumb Code   304  stm32f1xx_hal_tim.o(i.HAL_TIM_IRQHandler)
    HAL_TIM_MspPostInit                      0x08002cd5   Thumb Code    82  tim.o(i.HAL_TIM_MspPostInit)
    HAL_TIM_OC_DelayElapsedCallback          0x08002d35   Thumb Code     2  stm32f1xx_hal_tim.o(i.HAL_TIM_OC_DelayElapsedCallback)
    HAL_TIM_PWM_ConfigChannel                0x08002d37   Thumb Code   204  stm32f1xx_hal_tim.o(i.HAL_TIM_PWM_ConfigChannel)
    HAL_TIM_PWM_Init                         0x08002e03   Thumb Code    90  stm32f1xx_hal_tim.o(i.HAL_TIM_PWM_Init)
    HAL_TIM_PWM_MspInit                      0x08002e5d   Thumb Code     2  stm32f1xx_hal_tim.o(i.HAL_TIM_PWM_MspInit)
    HAL_TIM_PWM_PulseFinishedCallback        0x08002e5f   Thumb Code     2  stm32f1xx_hal_tim.o(i.HAL_TIM_PWM_PulseFinishedCallback)
    HAL_TIM_PWM_Start                        0x08002e61   Thumb Code   144  stm32f1xx_hal_tim.o(i.HAL_TIM_PWM_Start)
    HAL_TIM_PeriodElapsedCallback            0x08002efd   Thumb Code     2  stm32f1xx_hal_tim.o(i.HAL_TIM_PeriodElapsedCallback)
    HAL_TIM_TriggerCallback                  0x08002eff   Thumb Code     2  stm32f1xx_hal_tim.o(i.HAL_TIM_TriggerCallback)
    HAL_UARTEx_RxEventCallback               0x08002f01   Thumb Code     2  stm32f1xx_hal_uart.o(i.HAL_UARTEx_RxEventCallback)
    HAL_UART_ErrorCallback                   0x08002f03   Thumb Code     2  stm32f1xx_hal_uart.o(i.HAL_UART_ErrorCallback)
    HAL_UART_IRQHandler                      0x08002f05   Thumb Code   616  stm32f1xx_hal_uart.o(i.HAL_UART_IRQHandler)
    HAL_UART_Init                            0x08003171   Thumb Code   100  stm32f1xx_hal_uart.o(i.HAL_UART_Init)
    HAL_UART_MspInit                         0x080031d5   Thumb Code   186  usart.o(i.HAL_UART_MspInit)
    HAL_UART_Receive_IT                      0x080032a1   Thumb Code    28  stm32f1xx_hal_uart.o(i.HAL_UART_Receive_IT)
    HAL_UART_RxCpltCallback                  0x080032bd   Thumb Code    60  usart.o(i.HAL_UART_RxCpltCallback)
    HAL_UART_Transmit                        0x08003305   Thumb Code   160  stm32f1xx_hal_uart.o(i.HAL_UART_Transmit)
    HAL_UART_TxCpltCallback                  0x080033a5   Thumb Code     2  stm32f1xx_hal_uart.o(i.HAL_UART_TxCpltCallback)
    HCSR04_Measure                           0x080033a9   Thumb Code   154  tim.o(i.HCSR04_Measure)
    HC_SR04_DelayUs                          0x08003451   Thumb Code    46  tim.o(i.HC_SR04_DelayUs)
    HardFault_Handler                        0x08003489   Thumb Code     2  stm32f1xx_it.o(i.HardFault_Handler)
    LED_ManualOff                            0x0800348d   Thumb Code    24  main.o(i.LED_ManualOff)
    LED_ManualOn                             0x080034a9   Thumb Code    10  main.o(i.LED_ManualOn)
    MX_ADC1_Init                             0x080034b9   Thumb Code    70  adc.o(i.MX_ADC1_Init)
    MX_GPIO_Init                             0x08003509   Thumb Code   118  gpio.o(i.MX_GPIO_Init)
    MX_TIM2_Init                             0x08003589   Thumb Code   148  tim.o(i.MX_TIM2_Init)
    MX_USART1_UART_Init                      0x08003621   Thumb Code    48  usart.o(i.MX_USART1_UART_Init)
    MX_USART2_UART_Init                      0x08003659   Thumb Code    48  usart.o(i.MX_USART2_UART_Init)
    MemManage_Handler                        0x08003691   Thumb Code     2  stm32f1xx_it.o(i.MemManage_Handler)
    NMI_Handler                              0x08003693   Thumb Code     2  stm32f1xx_it.o(i.NMI_Handler)
    PWM_SetDutyCycle                         0x08003695   Thumb Code     8  tim.o(i.PWM_SetDutyCycle)
    PendSV_Handler                           0x080036a1   Thumb Code     2  stm32f1xx_it.o(i.PendSV_Handler)
    SVC_Handler                              0x080036a3   Thumb Code     2  stm32f1xx_it.o(i.SVC_Handler)
    SysTick_Handler                          0x080036a5   Thumb Code     4  stm32f1xx_it.o(i.SysTick_Handler)
    SystemClock_Config                       0x080036a9   Thumb Code   120  main.o(i.SystemClock_Config)
    SystemInit                               0x08003721   Thumb Code     2  system_stm32f1xx.o(i.SystemInit)
    TIM2_IRQHandler                          0x08003725   Thumb Code     6  stm32f1xx_it.o(i.TIM2_IRQHandler)
    TIM_Base_SetConfig                       0x08003731   Thumb Code   108  stm32f1xx_hal_tim.o(i.TIM_Base_SetConfig)
    TIM_CCxChannelCmd                        0x080037a9   Thumb Code    26  stm32f1xx_hal_tim.o(i.TIM_CCxChannelCmd)
    TIM_ETR_SetConfig                        0x080037c3   Thumb Code    20  stm32f1xx_hal_tim.o(i.TIM_ETR_SetConfig)
    TIM_OC2_SetConfig                        0x08003839   Thumb Code    84  stm32f1xx_hal_tim.o(i.TIM_OC2_SetConfig)
    UART_Start_Receive_IT                    0x08003b4d   Thumb Code    54  stm32f1xx_hal_uart.o(i.UART_Start_Receive_IT)
    USART1_IRQHandler                        0x08003bf5   Thumb Code     6  stm32f1xx_it.o(i.USART1_IRQHandler)
    USART1_ProcessCommand                    0x08003c01   Thumb Code    92  usart.o(i.USART1_ProcessCommand)
    USART1_SendDistance                      0x08003c7d   Thumb Code    40  usart.o(i.USART1_SendDistance)
    USART1_SendLight                         0x08003cb1   Thumb Code    34  usart.o(i.USART1_SendLight)
    USART1_SendThresholdSet                  0x08003ce5   Thumb Code    34  usart.o(i.USART1_SendThresholdSet)
    USART1_StartRx                           0x08003d1d   Thumb Code    10  usart.o(i.USART1_StartRx)
    USART2_SendBright                        0x08003d31   Thumb Code    32  usart.o(i.USART2_SendBright)
    USART2_SendDark                          0x08003d69   Thumb Code    32  usart.o(i.USART2_SendDark)
    USART2_SendWarning                       0x08003da1   Thumb Code    32  usart.o(i.USART2_SendWarning)
    UsageFault_Handler                       0x08003dd9   Thumb Code     2  stm32f1xx_it.o(i.UsageFault_Handler)
    __ARM_fpclassify                         0x08003ddb   Thumb Code    40  fpclassify.o(i.__ARM_fpclassify)
    _is_digit                                0x08003e23   Thumb Code    14  __printf_wp.o(i._is_digit)
    main                                     0x08003e31   Thumb Code   350  main.o(i.main)
    _get_lc_numeric                          0x08003f9d   Thumb Code    44  lc_numeric_c.o(locale$$code)
    _get_lc_ctype                            0x08003fc9   Thumb Code    44  lc_ctype_c.o(locale$$code)
    __fpl_dretinf                            0x08003ff5   Thumb Code    12  dretinf.o(x$fpl$dretinf)
    __aeabi_f2d                              0x08004001   Thumb Code     0  f2d.o(x$fpl$f2d)
    _f2d                                     0x08004001   Thumb Code    86  f2d.o(x$fpl$f2d)
    __fpl_fcheck_NaN1                        0x08004059   Thumb Code     6  fcheck1.o(x$fpl$fcheck1)
    __fpl_fcmp_Inf                           0x08004065   Thumb Code    24  fcmpi.o(x$fpl$fcmpinf)
    __aeabi_ui2f                             0x0800407d   Thumb Code     0  fflt_clz.o(x$fpl$ffltu)
    _ffltu                                   0x0800407d   Thumb Code    38  fflt_clz.o(x$fpl$ffltu)
    __aeabi_cfcmple                          0x080040a5   Thumb Code     0  fleqf.o(x$fpl$fleqf)
    _fcmple                                  0x080040a5   Thumb Code   104  fleqf.o(x$fpl$fleqf)
    __fpl_fcmple_InfNaN                      0x080040f7   Thumb Code     0  fleqf.o(x$fpl$fleqf)
    __aeabi_fmul                             0x0800410d   Thumb Code     0  fmul.o(x$fpl$fmul)
    _fmul                                    0x0800410d   Thumb Code   258  fmul.o(x$fpl$fmul)
    __fpl_fnaninf                            0x0800420f   Thumb Code   140  fnaninf.o(x$fpl$fnaninf)
    __fpl_fretinf                            0x0800429b   Thumb Code    10  fretinf.o(x$fpl$fretinf)
    __aeabi_cfrcmple                         0x080042a5   Thumb Code     0  frleqf.o(x$fpl$frleqf)
    _frcmple                                 0x080042a5   Thumb Code    98  frleqf.o(x$fpl$frleqf)
    _printf_fp_dec                           0x08004307   Thumb Code     4  printf1.o(x$fpl$printf1)
    __fpl_return_NaN                         0x0800430b   Thumb Code   100  retnan.o(x$fpl$retnan)
    __ARM_scalbnf                            0x0800436f   Thumb Code    76  scalbnf.o(x$fpl$scalbnf)
    __fpl_cmpreturn                          0x080043bb   Thumb Code    48  trapv.o(x$fpl$trapveneer)
    __I$use$fp                               0x080043ea   Number         0  usenofp.o(x$fpl$usenofp)
    AHBPrescTable                            0x0800441a   Data          16  system_stm32f1xx.o(.constdata)
    APBPrescTable                            0x0800442a   Data           8  system_stm32f1xx.o(.constdata)
    Region$$Table$$Base                      0x080044c8   Number         0  anon$$obj.o(Region$$Table)
    Region$$Table$$Limit                     0x080044e8   Number         0  anon$$obj.o(Region$$Table)
    __ctype                                  0x08004511   Data           0  lc_ctype_c.o(locale$$data)
    led_auto_control                         0x20000000   Data           1  main.o(.data)
    distance_threshold                       0x20000001   Data           1  main.o(.data)
    led_off_timer                            0x20000008   Data           4  main.o(.data)
    rx_index                                 0x2000000c   Data           1  usart.o(.data)
    rx_complete                              0x2000000d   Data           1  usart.o(.data)
    rx_data                                  0x2000000e   Data           1  usart.o(.data)
    uwTickFreq                               0x20000010   Data           1  stm32f1xx_hal.o(.data)
    uwTickPrio                               0x20000014   Data           4  stm32f1xx_hal.o(.data)
    uwTick                                   0x20000018   Data           4  stm32f1xx_hal.o(.data)
    SystemCoreClock                          0x2000001c   Data           4  system_stm32f1xx.o(.data)
    hadc1                                    0x20000020   Data          48  adc.o(.bss)
    htim2                                    0x20000050   Data          72  tim.o(.bss)
    rx_buffer                                0x20000098   Data          32  usart.o(.bss)
    huart1                                   0x200000b8   Data          72  usart.o(.bss)
    huart2                                   0x20000100   Data          72  usart.o(.bss)
    pFlash                                   0x20000148   Data          32  stm32f1xx_hal_flash.o(.bss)
    __libspace_start                         0x20000168   Data          96  libspace.o(.bss)
    __temporary_stack_top$libspace           0x200001c8   Data           0  libspace.o(.bss)



==============================================================================

Memory Map of the image

  Image Entry point : 0x080000ed

  Load Region LR_IROM1 (Base: 0x08000000, Size: 0x00004634, Max: 0x00010000, ABSOLUTE)

    Execution Region ER_IROM1 (Exec base: 0x08000000, Load base: 0x08000000, Size: 0x00004614, Max: 0x00010000, ABSOLUTE)

    Exec Addr    Load Addr    Size         Type   Attr      Idx    E Section Name        Object

    0x08000000   0x08000000   0x000000ec   Data   RO            3    RESET               startup_stm32f103xb.o
    0x080000ec   0x080000ec   0x00000008   Code   RO         3276  * !!!main             c_w.l(__main.o)
    0x080000f4   0x080000f4   0x00000034   Code   RO         3538    !!!scatter          c_w.l(__scatter.o)
    0x08000128   0x08000128   0x0000001a   Code   RO         3540    !!handler_copy      c_w.l(__scatter_copy.o)
    0x08000142   0x08000142   0x00000002   PAD
    0x08000144   0x08000144   0x0000001c   Code   RO         3542    !!handler_zi        c_w.l(__scatter_zi.o)
    0x08000160   0x08000160   0x00000000   Code   RO         3263    .ARM.Collect$$_printf_percent$$00000000  c_w.l(_printf_percent.o)
    0x08000160   0x08000160   0x00000006   Code   RO         3262    .ARM.Collect$$_printf_percent$$00000003  c_w.l(_printf_f.o)
    0x08000166   0x08000166   0x00000006   Code   RO         3261    .ARM.Collect$$_printf_percent$$00000009  c_w.l(_printf_d.o)
    0x0800016c   0x0800016c   0x00000004   Code   RO         3312    .ARM.Collect$$_printf_percent$$00000017  c_w.l(_printf_percent_end.o)
    0x08000170   0x08000170   0x00000002   Code   RO         3409    .ARM.Collect$$libinit$$00000000  c_w.l(libinit.o)
    0x08000172   0x08000172   0x00000000   Code   RO         3411    .ARM.Collect$$libinit$$00000002  c_w.l(libinit2.o)
    0x08000172   0x08000172   0x00000000   Code   RO         3413    .ARM.Collect$$libinit$$00000004  c_w.l(libinit2.o)
    0x08000172   0x08000172   0x00000000   Code   RO         3416    .ARM.Collect$$libinit$$0000000A  c_w.l(libinit2.o)
    0x08000172   0x08000172   0x00000000   Code   RO         3418    .ARM.Collect$$libinit$$0000000C  c_w.l(libinit2.o)
    0x08000172   0x08000172   0x00000000   Code   RO         3420    .ARM.Collect$$libinit$$0000000E  c_w.l(libinit2.o)
    0x08000172   0x08000172   0x00000006   Code   RO         3421    .ARM.Collect$$libinit$$0000000F  c_w.l(libinit2.o)
    0x08000178   0x08000178   0x00000000   Code   RO         3423    .ARM.Collect$$libinit$$00000011  c_w.l(libinit2.o)
    0x08000178   0x08000178   0x0000000c   Code   RO         3424    .ARM.Collect$$libinit$$00000012  c_w.l(libinit2.o)
    0x08000184   0x08000184   0x00000000   Code   RO         3425    .ARM.Collect$$libinit$$00000013  c_w.l(libinit2.o)
    0x08000184   0x08000184   0x00000000   Code   RO         3427    .ARM.Collect$$libinit$$00000015  c_w.l(libinit2.o)
    0x08000184   0x08000184   0x0000000a   Code   RO         3428    .ARM.Collect$$libinit$$00000016  c_w.l(libinit2.o)
    0x0800018e   0x0800018e   0x00000000   Code   RO         3429    .ARM.Collect$$libinit$$00000017  c_w.l(libinit2.o)
    0x0800018e   0x0800018e   0x00000000   Code   RO         3431    .ARM.Collect$$libinit$$00000019  c_w.l(libinit2.o)
    0x0800018e   0x0800018e   0x00000000   Code   RO         3433    .ARM.Collect$$libinit$$0000001B  c_w.l(libinit2.o)
    0x0800018e   0x0800018e   0x00000000   Code   RO         3435    .ARM.Collect$$libinit$$0000001D  c_w.l(libinit2.o)
    0x0800018e   0x0800018e   0x00000000   Code   RO         3437    .ARM.Collect$$libinit$$0000001F  c_w.l(libinit2.o)
    0x0800018e   0x0800018e   0x00000000   Code   RO         3439    .ARM.Collect$$libinit$$00000021  c_w.l(libinit2.o)
    0x0800018e   0x0800018e   0x00000000   Code   RO         3441    .ARM.Collect$$libinit$$00000023  c_w.l(libinit2.o)
    0x0800018e   0x0800018e   0x00000000   Code   RO         3443    .ARM.Collect$$libinit$$00000025  c_w.l(libinit2.o)
    0x0800018e   0x0800018e   0x00000000   Code   RO         3447    .ARM.Collect$$libinit$$0000002C  c_w.l(libinit2.o)
    0x0800018e   0x0800018e   0x00000000   Code   RO         3449    .ARM.Collect$$libinit$$0000002E  c_w.l(libinit2.o)
    0x0800018e   0x0800018e   0x00000000   Code   RO         3451    .ARM.Collect$$libinit$$00000030  c_w.l(libinit2.o)
    0x0800018e   0x0800018e   0x00000000   Code   RO         3453    .ARM.Collect$$libinit$$00000032  c_w.l(libinit2.o)
    0x0800018e   0x0800018e   0x00000002   Code   RO         3454    .ARM.Collect$$libinit$$00000033  c_w.l(libinit2.o)
    0x08000190   0x08000190   0x00000002   Code   RO         3486    .ARM.Collect$$libshutdown$$00000000  c_w.l(libshutdown.o)
    0x08000192   0x08000192   0x00000000   Code   RO         3497    .ARM.Collect$$libshutdown$$00000002  c_w.l(libshutdown2.o)
    0x08000192   0x08000192   0x00000000   Code   RO         3499    .ARM.Collect$$libshutdown$$00000004  c_w.l(libshutdown2.o)
    0x08000192   0x08000192   0x00000000   Code   RO         3502    .ARM.Collect$$libshutdown$$00000007  c_w.l(libshutdown2.o)
    0x08000192   0x08000192   0x00000000   Code   RO         3505    .ARM.Collect$$libshutdown$$0000000A  c_w.l(libshutdown2.o)
    0x08000192   0x08000192   0x00000000   Code   RO         3507    .ARM.Collect$$libshutdown$$0000000C  c_w.l(libshutdown2.o)
    0x08000192   0x08000192   0x00000000   Code   RO         3510    .ARM.Collect$$libshutdown$$0000000F  c_w.l(libshutdown2.o)
    0x08000192   0x08000192   0x00000002   Code   RO         3511    .ARM.Collect$$libshutdown$$00000010  c_w.l(libshutdown2.o)
    0x08000194   0x08000194   0x00000000   Code   RO         3296    .ARM.Collect$$rtentry$$00000000  c_w.l(__rtentry.o)
    0x08000194   0x08000194   0x00000000   Code   RO         3330    .ARM.Collect$$rtentry$$00000002  c_w.l(__rtentry2.o)
    0x08000194   0x08000194   0x00000006   Code   RO         3342    .ARM.Collect$$rtentry$$00000004  c_w.l(__rtentry4.o)
    0x0800019a   0x0800019a   0x00000000   Code   RO         3332    .ARM.Collect$$rtentry$$00000009  c_w.l(__rtentry2.o)
    0x0800019a   0x0800019a   0x00000004   Code   RO         3333    .ARM.Collect$$rtentry$$0000000A  c_w.l(__rtentry2.o)
    0x0800019e   0x0800019e   0x00000000   Code   RO         3335    .ARM.Collect$$rtentry$$0000000C  c_w.l(__rtentry2.o)
    0x0800019e   0x0800019e   0x00000008   Code   RO         3336    .ARM.Collect$$rtentry$$0000000D  c_w.l(__rtentry2.o)
    0x080001a6   0x080001a6   0x00000002   Code   RO         3457    .ARM.Collect$$rtexit$$00000000  c_w.l(rtexit.o)
    0x080001a8   0x080001a8   0x00000000   Code   RO         3464    .ARM.Collect$$rtexit$$00000002  c_w.l(rtexit2.o)
    0x080001a8   0x080001a8   0x00000004   Code   RO         3465    .ARM.Collect$$rtexit$$00000003  c_w.l(rtexit2.o)
    0x080001ac   0x080001ac   0x00000006   Code   RO         3466    .ARM.Collect$$rtexit$$00000004  c_w.l(rtexit2.o)
    0x080001b2   0x080001b2   0x00000002   PAD
    0x080001b4   0x080001b4   0x00000040   Code   RO            4    .text               startup_stm32f103xb.o
    0x080001f4   0x080001f4   0x00000026   Code   RO         3231    .text               c_w.l(llushr.o)
    0x0800021a   0x0800021a   0x00000002   PAD
    0x0800021c   0x0800021c   0x00000038   Code   RO         3233    .text               c_w.l(__2snprintf.o)
    0x08000254   0x08000254   0x00000078   Code   RO         3239    .text               c_w.l(_printf_dec.o)
    0x080002cc   0x080002cc   0x0000010e   Code   RO         3249    .text               c_w.l(__printf_wp.o)
    0x080003da   0x080003da   0x0000001a   Code   RO         3264    .text               c_w.l(atoi.o)
    0x080003f4   0x080003f4   0x00000024   Code   RO         3266    .text               c_w.l(strstr.o)
    0x08000418   0x08000418   0x00000096   Code   RO         3268    .text               c_w.l(strncmp.o)
    0x080004ae   0x080004ae   0x00000064   Code   RO         3270    .text               c_w.l(rt_memcpy_w.o)
    0x08000512   0x08000512   0x0000004e   Code   RO         3272    .text               c_w.l(rt_memclr_w.o)
    0x08000560   0x08000560   0x00000006   Code   RO         3274    .text               c_w.l(heapauxi.o)
    0x08000566   0x08000566   0x00000002   PAD
    0x08000568   0x08000568   0x00000008   Code   RO         3300    .text               c_w.l(rt_errno_addr_intlibspace.o)
    0x08000570   0x08000570   0x000000b2   Code   RO         3302    .text               c_w.l(_printf_intcommon.o)
    0x08000622   0x08000622   0x0000041e   Code   RO         3304    .text               c_w.l(_printf_fp_dec.o)
    0x08000a40   0x08000a40   0x00000030   Code   RO         3306    .text               c_w.l(_printf_char_common.o)
    0x08000a70   0x08000a70   0x0000000a   Code   RO         3308    .text               c_w.l(_sputc.o)
    0x08000a7a   0x08000a7a   0x00000010   Code   RO         3310    .text               c_w.l(_snputc.o)
    0x08000a8a   0x08000a8a   0x00000070   Code   RO         3313    .text               c_w.l(strtol.o)
    0x08000afa   0x08000afa   0x00000002   PAD
    0x08000afc   0x08000afc   0x00000008   Code   RO         3326    .text               c_w.l(libspace.o)
    0x08000b04   0x08000b04   0x00000010   Code   RO         3344    .text               c_w.l(rt_ctype_table.o)
    0x08000b14   0x08000b14   0x00000008   Code   RO         3349    .text               c_w.l(rt_locale_intlibspace.o)
    0x08000b1c   0x08000b1c   0x0000008a   Code   RO         3351    .text               c_w.l(lludiv10.o)
    0x08000ba6   0x08000ba6   0x00000002   PAD
    0x08000ba8   0x08000ba8   0x00000080   Code   RO         3353    .text               c_w.l(_printf_fp_infnan.o)
    0x08000c28   0x08000c28   0x0000009e   Code   RO         3357    .text               c_w.l(_strtoul.o)
    0x08000cc6   0x08000cc6   0x00000002   PAD
    0x08000cc8   0x08000cc8   0x000000e4   Code   RO         3359    .text               c_w.l(bigflt0.o)
    0x08000dac   0x08000dac   0x0000004a   Code   RO         3393    .text               c_w.l(sys_stackheap_outer.o)
    0x08000df6   0x08000df6   0x0000001c   Code   RO         3395    .text               c_w.l(_chval.o)
    0x08000e12   0x08000e12   0x00000012   Code   RO         3400    .text               c_w.l(exit.o)
    0x08000e24   0x08000e24   0x00000080   Code   RO         3402    .text               c_w.l(strcmpv7m.o)
    0x08000ea4   0x08000ea4   0x0000000c   Code   RO         3476    .text               c_w.l(sys_exit.o)
    0x08000eb0   0x08000eb0   0x00000002   Code   RO         3487    .text               c_w.l(use_no_semi.o)
    0x08000eb2   0x08000eb2   0x00000000   Code   RO         3489    .text               c_w.l(indicate_semi.o)
    0x08000eb2   0x08000eb2   0x0000003e   Code   RO         3362    CL$$btod_d2e        c_w.l(btod.o)
    0x08000ef0   0x08000ef0   0x00000046   Code   RO         3364    CL$$btod_d2e_denorm_low  c_w.l(btod.o)
    0x08000f36   0x08000f36   0x00000060   Code   RO         3363    CL$$btod_d2e_norm_op1  c_w.l(btod.o)
    0x08000f96   0x08000f96   0x00000338   Code   RO         3372    CL$$btod_div_common  c_w.l(btod.o)
    0x080012ce   0x080012ce   0x000000dc   Code   RO         3369    CL$$btod_e2e        c_w.l(btod.o)
    0x080013aa   0x080013aa   0x0000002a   Code   RO         3366    CL$$btod_ediv       c_w.l(btod.o)
    0x080013d4   0x080013d4   0x0000002a   Code   RO         3365    CL$$btod_emul       c_w.l(btod.o)
    0x080013fe   0x080013fe   0x00000244   Code   RO         3371    CL$$btod_mult_common  c_w.l(btod.o)
    0x08001642   0x08001642   0x00000002   PAD
    0x08001644   0x08001644   0x00000056   Code   RO          605    i.ADC_ConversionStop_Disable  stm32f1xx_hal_adc.o
    0x0800169a   0x0800169a   0x00000002   PAD
    0x0800169c   0x0800169c   0x0000007c   Code   RO          609    i.ADC_Enable        stm32f1xx_hal_adc.o
    0x08001718   0x08001718   0x00000024   Code   RO           13    i.ADC_Read          main.o
    0x0800173c   0x0800173c   0x00000002   Code   RO          457    i.BusFault_Handler  stm32f1xx_it.o
    0x0800173e   0x0800173e   0x00000002   Code   RO          458    i.DebugMon_Handler  stm32f1xx_it.o
    0x08001740   0x08001740   0x00000048   Code   RO           14    i.DistanceThreshold_Init  main.o
    0x08001788   0x08001788   0x00000030   Code   RO           15    i.DistanceThreshold_Set  main.o
    0x080017b8   0x080017b8   0x00000004   Code   RO           16    i.Error_Handler     main.o
    0x080017bc   0x080017bc   0x00000024   Code   RO         1701    i.FLASH_MassErase   stm32f1xx_hal_flash_ex.o
    0x080017e0   0x080017e0   0x00000024   Code   RO         1706    i.FLASH_PageErase   stm32f1xx_hal_flash_ex.o
    0x08001804   0x08001804   0x0000001c   Code   RO         1598    i.FLASH_Program_HalfWord  stm32f1xx_hal_flash.o
    0x08001820   0x08001820   0x0000005c   Code   RO         1599    i.FLASH_SetErrorCode  stm32f1xx_hal_flash.o
    0x0800187c   0x0800187c   0x00000054   Code   RO         1600    i.FLASH_WaitForLastOperation  stm32f1xx_hal_flash.o
    0x080018d0   0x080018d0   0x00000010   Code   RO           17    i.Flash_ReadData    main.o
    0x080018e0   0x080018e0   0x00000048   Code   RO           18    i.Flash_WriteData   main.o
    0x08001928   0x08001928   0x000000fc   Code   RO          611    i.HAL_ADC_ConfigChannel  stm32f1xx_hal_adc.o
    0x08001a24   0x08001a24   0x00000006   Code   RO          618    i.HAL_ADC_GetValue  stm32f1xx_hal_adc.o
    0x08001a2a   0x08001a2a   0x00000002   PAD
    0x08001a2c   0x08001a2c   0x0000011c   Code   RO          620    i.HAL_ADC_Init      stm32f1xx_hal_adc.o
    0x08001b48   0x08001b48   0x00000058   Code   RO          244    i.HAL_ADC_MspInit   adc.o
    0x08001ba0   0x08001ba0   0x0000013c   Code   RO          624    i.HAL_ADC_PollForConversion  stm32f1xx_hal_adc.o
    0x08001cdc   0x08001cdc   0x000000c0   Code   RO          626    i.HAL_ADC_Start     stm32f1xx_hal_adc.o
    0x08001d9c   0x08001d9c   0x00000046   Code   RO         1262    i.HAL_DMA_Abort     stm32f1xx_hal_dma.o
    0x08001de2   0x08001de2   0x00000002   PAD
    0x08001de4   0x08001de4   0x00000098   Code   RO         1263    i.HAL_DMA_Abort_IT  stm32f1xx_hal_dma.o
    0x08001e7c   0x08001e7c   0x00000024   Code   RO          888    i.HAL_Delay         stm32f1xx_hal.o
    0x08001ea0   0x08001ea0   0x000000a8   Code   RO         1707    i.HAL_FLASHEx_Erase  stm32f1xx_hal_flash_ex.o
    0x08001f48   0x08001f48   0x00000014   Code   RO         1604    i.HAL_FLASH_Lock    stm32f1xx_hal_flash.o
    0x08001f5c   0x08001f5c   0x00000080   Code   RO         1609    i.HAL_FLASH_Program  stm32f1xx_hal_flash.o
    0x08001fdc   0x08001fdc   0x00000028   Code   RO         1611    i.HAL_FLASH_Unlock  stm32f1xx_hal_flash.o
    0x08002004   0x08002004   0x000001e0   Code   RO         1198    i.HAL_GPIO_Init     stm32f1xx_hal_gpio.o
    0x080021e4   0x080021e4   0x0000000a   Code   RO         1200    i.HAL_GPIO_ReadPin  stm32f1xx_hal_gpio.o
    0x080021ee   0x080021ee   0x0000000a   Code   RO         1202    i.HAL_GPIO_WritePin  stm32f1xx_hal_gpio.o
    0x080021f8   0x080021f8   0x0000000c   Code   RO          892    i.HAL_GetTick       stm32f1xx_hal.o
    0x08002204   0x08002204   0x00000010   Code   RO          898    i.HAL_IncTick       stm32f1xx_hal.o
    0x08002214   0x08002214   0x00000024   Code   RO          899    i.HAL_Init          stm32f1xx_hal.o
    0x08002238   0x08002238   0x00000040   Code   RO          900    i.HAL_InitTick      stm32f1xx_hal.o
    0x08002278   0x08002278   0x0000003c   Code   RO          545    i.HAL_MspInit       stm32f1xx_hal_msp.o
    0x080022b4   0x080022b4   0x0000001a   Code   RO         1358    i.HAL_NVIC_EnableIRQ  stm32f1xx_hal_cortex.o
    0x080022ce   0x080022ce   0x00000002   PAD
    0x080022d0   0x080022d0   0x00000040   Code   RO         1364    i.HAL_NVIC_SetPriority  stm32f1xx_hal_cortex.o
    0x08002310   0x08002310   0x00000024   Code   RO         1365    i.HAL_NVIC_SetPriorityGrouping  stm32f1xx_hal_cortex.o
    0x08002334   0x08002334   0x000000a4   Code   RO         1159    i.HAL_RCCEx_GetPeriphCLKFreq  stm32f1xx_hal_rcc_ex.o
    0x080023d8   0x080023d8   0x000000ec   Code   RO         1160    i.HAL_RCCEx_PeriphCLKConfig  stm32f1xx_hal_rcc_ex.o
    0x080024c4   0x080024c4   0x0000012c   Code   RO         1056    i.HAL_RCC_ClockConfig  stm32f1xx_hal_rcc.o
    0x080025f0   0x080025f0   0x00000020   Code   RO         1063    i.HAL_RCC_GetPCLK1Freq  stm32f1xx_hal_rcc.o
    0x08002610   0x08002610   0x00000020   Code   RO         1064    i.HAL_RCC_GetPCLK2Freq  stm32f1xx_hal_rcc.o
    0x08002630   0x08002630   0x0000004c   Code   RO         1065    i.HAL_RCC_GetSysClockFreq  stm32f1xx_hal_rcc.o
    0x0800267c   0x0800267c   0x00000320   Code   RO         1068    i.HAL_RCC_OscConfig  stm32f1xx_hal_rcc.o
    0x0800299c   0x0800299c   0x00000028   Code   RO         1369    i.HAL_SYSTICK_Config  stm32f1xx_hal_cortex.o
    0x080029c4   0x080029c4   0x00000002   Code   RO         2564    i.HAL_TIMEx_BreakCallback  stm32f1xx_hal_tim_ex.o
    0x080029c6   0x080029c6   0x00000002   Code   RO         2565    i.HAL_TIMEx_CommutCallback  stm32f1xx_hal_tim_ex.o
    0x080029c8   0x080029c8   0x00000068   Code   RO         2583    i.HAL_TIMEx_MasterConfigSynchronization  stm32f1xx_hal_tim_ex.o
    0x08002a30   0x08002a30   0x0000005a   Code   RO         1860    i.HAL_TIM_Base_Init  stm32f1xx_hal_tim.o
    0x08002a8a   0x08002a8a   0x00000002   PAD
    0x08002a8c   0x08002a8c   0x00000038   Code   RO          286    i.HAL_TIM_Base_MspInit  tim.o
    0x08002ac4   0x08002ac4   0x000000dc   Code   RO         1869    i.HAL_TIM_ConfigClockSource  stm32f1xx_hal_tim.o
    0x08002ba0   0x08002ba0   0x00000002   Code   RO         1894    i.HAL_TIM_IC_CaptureCallback  stm32f1xx_hal_tim.o
    0x08002ba2   0x08002ba2   0x00000130   Code   RO         1908    i.HAL_TIM_IRQHandler  stm32f1xx_hal_tim.o
    0x08002cd2   0x08002cd2   0x00000002   PAD
    0x08002cd4   0x08002cd4   0x00000060   Code   RO          287    i.HAL_TIM_MspPostInit  tim.o
    0x08002d34   0x08002d34   0x00000002   Code   RO         1911    i.HAL_TIM_OC_DelayElapsedCallback  stm32f1xx_hal_tim.o
    0x08002d36   0x08002d36   0x000000cc   Code   RO         1932    i.HAL_TIM_PWM_ConfigChannel  stm32f1xx_hal_tim.o
    0x08002e02   0x08002e02   0x0000005a   Code   RO         1935    i.HAL_TIM_PWM_Init  stm32f1xx_hal_tim.o
    0x08002e5c   0x08002e5c   0x00000002   Code   RO         1937    i.HAL_TIM_PWM_MspInit  stm32f1xx_hal_tim.o
    0x08002e5e   0x08002e5e   0x00000002   Code   RO         1938    i.HAL_TIM_PWM_PulseFinishedCallback  stm32f1xx_hal_tim.o
    0x08002e60   0x08002e60   0x0000009c   Code   RO         1940    i.HAL_TIM_PWM_Start  stm32f1xx_hal_tim.o
    0x08002efc   0x08002efc   0x00000002   Code   RO         1946    i.HAL_TIM_PeriodElapsedCallback  stm32f1xx_hal_tim.o
    0x08002efe   0x08002efe   0x00000002   Code   RO         1951    i.HAL_TIM_TriggerCallback  stm32f1xx_hal_tim.o
    0x08002f00   0x08002f00   0x00000002   Code   RO         2843    i.HAL_UARTEx_RxEventCallback  stm32f1xx_hal_uart.o
    0x08002f02   0x08002f02   0x00000002   Code   RO         2857    i.HAL_UART_ErrorCallback  stm32f1xx_hal_uart.o
    0x08002f04   0x08002f04   0x0000026c   Code   RO         2860    i.HAL_UART_IRQHandler  stm32f1xx_hal_uart.o
    0x08003170   0x08003170   0x00000064   Code   RO         2861    i.HAL_UART_Init     stm32f1xx_hal_uart.o
    0x080031d4   0x080031d4   0x000000cc   Code   RO          352    i.HAL_UART_MspInit  usart.o
    0x080032a0   0x080032a0   0x0000001c   Code   RO         2866    i.HAL_UART_Receive_IT  stm32f1xx_hal_uart.o
    0x080032bc   0x080032bc   0x00000048   Code   RO          353    i.HAL_UART_RxCpltCallback  usart.o
    0x08003304   0x08003304   0x000000a0   Code   RO         2869    i.HAL_UART_Transmit  stm32f1xx_hal_uart.o
    0x080033a4   0x080033a4   0x00000002   Code   RO         2872    i.HAL_UART_TxCpltCallback  stm32f1xx_hal_uart.o
    0x080033a6   0x080033a6   0x00000002   PAD
    0x080033a8   0x080033a8   0x000000a8   Code   RO          288    i.HCSR04_Measure    tim.o
    0x08003450   0x08003450   0x00000038   Code   RO          289    i.HC_SR04_DelayUs   tim.o
    0x08003488   0x08003488   0x00000002   Code   RO          459    i.HardFault_Handler  stm32f1xx_it.o
    0x0800348a   0x0800348a   0x00000002   PAD
    0x0800348c   0x0800348c   0x0000001c   Code   RO           20    i.LED_ManualOff     main.o
    0x080034a8   0x080034a8   0x00000010   Code   RO           21    i.LED_ManualOn      main.o
    0x080034b8   0x080034b8   0x00000050   Code   RO          245    i.MX_ADC1_Init      adc.o
    0x08003508   0x08003508   0x00000080   Code   RO          215    i.MX_GPIO_Init      gpio.o
    0x08003588   0x08003588   0x00000098   Code   RO          290    i.MX_TIM2_Init      tim.o
    0x08003620   0x08003620   0x00000038   Code   RO          354    i.MX_USART1_UART_Init  usart.o
    0x08003658   0x08003658   0x00000038   Code   RO          355    i.MX_USART2_UART_Init  usart.o
    0x08003690   0x08003690   0x00000002   Code   RO          460    i.MemManage_Handler  stm32f1xx_it.o
    0x08003692   0x08003692   0x00000002   Code   RO          461    i.NMI_Handler       stm32f1xx_it.o
    0x08003694   0x08003694   0x0000000c   Code   RO          291    i.PWM_SetDutyCycle  tim.o
    0x080036a0   0x080036a0   0x00000002   Code   RO          462    i.PendSV_Handler    stm32f1xx_it.o
    0x080036a2   0x080036a2   0x00000002   Code   RO          463    i.SVC_Handler       stm32f1xx_it.o
    0x080036a4   0x080036a4   0x00000004   Code   RO          464    i.SysTick_Handler   stm32f1xx_it.o
    0x080036a8   0x080036a8   0x00000078   Code   RO           22    i.SystemClock_Config  main.o
    0x08003720   0x08003720   0x00000002   Code   RO         3195    i.SystemInit        system_stm32f1xx.o
    0x08003722   0x08003722   0x00000002   PAD
    0x08003724   0x08003724   0x0000000c   Code   RO          465    i.TIM2_IRQHandler   stm32f1xx_it.o
    0x08003730   0x08003730   0x00000078   Code   RO         1953    i.TIM_Base_SetConfig  stm32f1xx_hal_tim.o
    0x080037a8   0x080037a8   0x0000001a   Code   RO         1954    i.TIM_CCxChannelCmd  stm32f1xx_hal_tim.o
    0x080037c2   0x080037c2   0x00000014   Code   RO         1964    i.TIM_ETR_SetConfig  stm32f1xx_hal_tim.o
    0x080037d6   0x080037d6   0x00000010   Code   RO         1965    i.TIM_ITRx_SetConfig  stm32f1xx_hal_tim.o
    0x080037e6   0x080037e6   0x00000002   PAD
    0x080037e8   0x080037e8   0x00000050   Code   RO         1966    i.TIM_OC1_SetConfig  stm32f1xx_hal_tim.o
    0x08003838   0x08003838   0x00000058   Code   RO         1967    i.TIM_OC2_SetConfig  stm32f1xx_hal_tim.o
    0x08003890   0x08003890   0x00000058   Code   RO         1968    i.TIM_OC3_SetConfig  stm32f1xx_hal_tim.o
    0x080038e8   0x080038e8   0x00000044   Code   RO         1969    i.TIM_OC4_SetConfig  stm32f1xx_hal_tim.o
    0x0800392c   0x0800392c   0x00000022   Code   RO         1971    i.TIM_TI1_ConfigInputStage  stm32f1xx_hal_tim.o
    0x0800394e   0x0800394e   0x00000024   Code   RO         1973    i.TIM_TI2_ConfigInputStage  stm32f1xx_hal_tim.o
    0x08003972   0x08003972   0x00000010   Code   RO         2874    i.UART_DMAAbortOnError  stm32f1xx_hal_uart.o
    0x08003982   0x08003982   0x0000004e   Code   RO         2884    i.UART_EndRxTransfer  stm32f1xx_hal_uart.o
    0x080039d0   0x080039d0   0x000000c2   Code   RO         2886    i.UART_Receive_IT   stm32f1xx_hal_uart.o
    0x08003a92   0x08003a92   0x00000002   PAD
    0x08003a94   0x08003a94   0x000000b8   Code   RO         2887    i.UART_SetConfig    stm32f1xx_hal_uart.o
    0x08003b4c   0x08003b4c   0x00000036   Code   RO         2889    i.UART_Start_Receive_IT  stm32f1xx_hal_uart.o
    0x08003b82   0x08003b82   0x00000072   Code   RO         2890    i.UART_WaitOnFlagUntilTimeout  stm32f1xx_hal_uart.o
    0x08003bf4   0x08003bf4   0x0000000c   Code   RO          466    i.USART1_IRQHandler  stm32f1xx_it.o
    0x08003c00   0x08003c00   0x0000007c   Code   RO          356    i.USART1_ProcessCommand  usart.o
    0x08003c7c   0x08003c7c   0x00000034   Code   RO          357    i.USART1_SendDistance  usart.o
    0x08003cb0   0x08003cb0   0x00000034   Code   RO          358    i.USART1_SendLight  usart.o
    0x08003ce4   0x08003ce4   0x00000038   Code   RO          359    i.USART1_SendThresholdSet  usart.o
    0x08003d1c   0x08003d1c   0x00000014   Code   RO          360    i.USART1_StartRx    usart.o
    0x08003d30   0x08003d30   0x00000038   Code   RO          361    i.USART2_SendBright  usart.o
    0x08003d68   0x08003d68   0x00000038   Code   RO          362    i.USART2_SendDark   usart.o
    0x08003da0   0x08003da0   0x00000038   Code   RO          363    i.USART2_SendWarning  usart.o
    0x08003dd8   0x08003dd8   0x00000002   Code   RO          467    i.UsageFault_Handler  stm32f1xx_it.o
    0x08003dda   0x08003dda   0x00000028   Code   RO         3391    i.__ARM_fpclassify  m_ws.l(fpclassify.o)
    0x08003e02   0x08003e02   0x00000020   Code   RO         1371    i.__NVIC_SetPriority  stm32f1xx_hal_cortex.o
    0x08003e22   0x08003e22   0x0000000e   Code   RO         3251    i._is_digit         c_w.l(__printf_wp.o)
    0x08003e30   0x08003e30   0x0000016c   Code   RO           23    i.main              main.o
    0x08003f9c   0x08003f9c   0x0000002c   Code   RO         3385    locale$$code        c_w.l(lc_numeric_c.o)
    0x08003fc8   0x08003fc8   0x0000002c   Code   RO         3398    locale$$code        c_w.l(lc_ctype_c.o)
    0x08003ff4   0x08003ff4   0x0000000c   Code   RO         3315    x$fpl$dretinf       fz_ws.l(dretinf.o)
    0x08004000   0x08004000   0x00000056   Code   RO         3278    x$fpl$f2d           fz_ws.l(f2d.o)
    0x08004056   0x08004056   0x00000002   PAD
    0x08004058   0x08004058   0x0000000c   Code   RO         3317    x$fpl$fcheck1       fz_ws.l(fcheck1.o)
    0x08004064   0x08004064   0x00000018   Code   RO         3319    x$fpl$fcmpinf       fz_ws.l(fcmpi.o)
    0x0800407c   0x0800407c   0x00000026   Code   RO         3280    x$fpl$ffltu         fz_ws.l(fflt_clz.o)
    0x080040a2   0x080040a2   0x00000002   PAD
    0x080040a4   0x080040a4   0x00000068   Code   RO         3286    x$fpl$fleqf         fz_ws.l(fleqf.o)
    0x0800410c   0x0800410c   0x00000102   Code   RO         3288    x$fpl$fmul          fz_ws.l(fmul.o)
    0x0800420e   0x0800420e   0x0000008c   Code   RO         3321    x$fpl$fnaninf       fz_ws.l(fnaninf.o)
    0x0800429a   0x0800429a   0x0000000a   Code   RO         3323    x$fpl$fretinf       fz_ws.l(fretinf.o)
    0x080042a4   0x080042a4   0x00000062   Code   RO         3290    x$fpl$frleqf        fz_ws.l(frleqf.o)
    0x08004306   0x08004306   0x00000004   Code   RO         3292    x$fpl$printf1       fz_ws.l(printf1.o)
    0x0800430a   0x0800430a   0x00000064   Code   RO         3389    x$fpl$retnan        fz_ws.l(retnan.o)
    0x0800436e   0x0800436e   0x0000004c   Code   RO         3294    x$fpl$scalbnf       fz_ws.l(scalbnf.o)
    0x080043ba   0x080043ba   0x00000030   Code   RO         3455    x$fpl$trapveneer    fz_ws.l(trapv.o)
    0x080043ea   0x080043ea   0x00000000   Code   RO         3325    x$fpl$usenofp       fz_ws.l(usenofp.o)
    0x080043ea   0x080043ea   0x00000002   PAD
    0x080043ec   0x080043ec   0x0000000a   Data   RO           24    .constdata          main.o
    0x080043f6   0x080043f6   0x00000012   Data   RO         1069    .constdata          stm32f1xx_hal_rcc.o
    0x08004408   0x08004408   0x00000012   Data   RO         1161    .constdata          stm32f1xx_hal_rcc_ex.o
    0x0800441a   0x0800441a   0x00000010   Data   RO         3196    .constdata          system_stm32f1xx.o
    0x0800442a   0x0800442a   0x00000008   Data   RO         3197    .constdata          system_stm32f1xx.o
    0x08004432   0x08004432   0x00000002   PAD
    0x08004434   0x08004434   0x00000094   Data   RO         3360    .constdata          c_w.l(bigflt0.o)
    0x080044c8   0x080044c8   0x00000020   Data   RO         3536    Region$$Table       anon$$obj.o
    0x080044e8   0x080044e8   0x0000001c   Data   RO         3384    locale$$data        c_w.l(lc_numeric_c.o)
    0x08004504   0x08004504   0x00000110   Data   RO         3397    locale$$data        c_w.l(lc_ctype_c.o)


    Execution Region RW_IRAM1 (Exec base: 0x20000000, Load base: 0x08004614, Size: 0x000007c8, Max: 0x00005000, ABSOLUTE)

    Exec Addr    Load Addr    Size         Type   Attr      Idx    E Section Name        Object

    0x20000000   0x08004614   0x0000000c   Data   RW           25    .data               main.o
    0x2000000c   0x08004620   0x00000003   Data   RW          365    .data               usart.o
    0x2000000f   0x08004623   0x00000001   PAD
    0x20000010   0x08004624   0x0000000c   Data   RW          906    .data               stm32f1xx_hal.o
    0x2000001c   0x08004630   0x00000004   Data   RW         3198    .data               system_stm32f1xx.o
    0x20000020        -       0x00000030   Zero   RW          246    .bss                adc.o
    0x20000050        -       0x00000048   Zero   RW          292    .bss                tim.o
    0x20000098        -       0x000000b0   Zero   RW          364    .bss                usart.o
    0x20000148        -       0x00000020   Zero   RW         1612    .bss                stm32f1xx_hal_flash.o
    0x20000168        -       0x00000060   Zero   RW         3327    .bss                c_w.l(libspace.o)
    0x200001c8        -       0x00000200   Zero   RW            2    HEAP                startup_stm32f103xb.o
    0x200003c8        -       0x00000400   Zero   RW            1    STACK               startup_stm32f103xb.o


==============================================================================

Image component sizes


      Code (inc. data)   RO Data    RW Data    ZI Data      Debug   Object Name

       168         22          0          0         48       1613   adc.o
       128         10          0          0          0        907   gpio.o
       776         60         10         12          0     454166   main.o
        64         26        236          0       1536        804   startup_stm32f103xb.o
       164         28          0         12          0       5845   stm32f1xx_hal.o
      1260         54          0          0          0       6468   stm32f1xx_hal_adc.o
       198         14          0          0          0      28899   stm32f1xx_hal_cortex.o
       222          4          0          0          0       1747   stm32f1xx_hal_dma.o
       392         46          0          0         32       4674   stm32f1xx_hal_flash.o
       240         26          0          0          0       3221   stm32f1xx_hal_flash_ex.o
       500         34          0          0          0       3487   stm32f1xx_hal_gpio.o
        60          8          0          0          0        862   stm32f1xx_hal_msp.o
      1240         84         18          0          0       5068   stm32f1xx_hal_rcc.o
       400         28         18          0          0       2449   stm32f1xx_hal_rcc_ex.o
      1652         44          0          0          0      15798   stm32f1xx_hal_tim.o
       108         12          0          0          0       2373   stm32f1xx_hal_tim_ex.o
      1554         10          0          0          0      10864   stm32f1xx_hal_uart.o
        44         12          0          0          0       4656   stm32f1xx_it.o
         2          0         24          4          0       1095   system_stm32f1xx.o
       540         52          0          0         72       4050   tim.o
       860        212          0          3        176       7387   usart.o

    ----------------------------------------------------------------------
     10594        786        340         32       1864     566433   Object Totals
         0          0         32          0          0          0   (incl. Generated)
        22          0          2          1          0          0   (incl. Padding)

    ----------------------------------------------------------------------

      Code (inc. data)   RO Data    RW Data    ZI Data      Debug   Library Member Name

        56          6          0          0          0         88   __2snprintf.o
         8          0          0          0          0         68   __main.o
       284          0          0          0          0        156   __printf_wp.o
         0          0          0          0          0          0   __rtentry.o
        12          0          0          0          0          0   __rtentry2.o
         6          0          0          0          0          0   __rtentry4.o
        52          8          0          0          0          0   __scatter.o
        26          0          0          0          0          0   __scatter_copy.o
        28          0          0          0          0          0   __scatter_zi.o
        28          0          0          0          0         68   _chval.o
        48          6          0          0          0         96   _printf_char_common.o
         6          0          0          0          0          0   _printf_d.o
       120         16          0          0          0         92   _printf_dec.o
         6          0          0          0          0          0   _printf_f.o
      1054          0          0          0          0        216   _printf_fp_dec.o
       128         16          0          0          0         84   _printf_fp_infnan.o
       178          0          0          0          0         88   _printf_intcommon.o
         0          0          0          0          0          0   _printf_percent.o
         4          0          0          0          0          0   _printf_percent_end.o
        16          0          0          0          0         68   _snputc.o
        10          0          0          0          0         68   _sputc.o
       158          0          0          0          0         92   _strtoul.o
        26          0          0          0          0         80   atoi.o
       228          4        148          0          0         96   bigflt0.o
      1936        128          0          0          0        672   btod.o
        18          0          0          0          0         80   exit.o
         6          0          0          0          0        152   heapauxi.o
         0          0          0          0          0          0   indicate_semi.o
        44         10        272          0          0         76   lc_ctype_c.o
        44         10         28          0          0         76   lc_numeric_c.o
         2          0          0          0          0          0   libinit.o
        30          0          0          0          0          0   libinit2.o
         2          0          0          0          0          0   libshutdown.o
         2          0          0          0          0          0   libshutdown2.o
         8          4          0          0         96         68   libspace.o
       138          0          0          0          0         80   lludiv10.o
        38          0          0          0          0         68   llushr.o
        16          4          0          0          0         76   rt_ctype_table.o
         8          4          0          0          0         68   rt_errno_addr_intlibspace.o
         8          4          0          0          0         68   rt_locale_intlibspace.o
        78          0          0          0          0         80   rt_memclr_w.o
       100          0          0          0          0         80   rt_memcpy_w.o
         2          0          0          0          0          0   rtexit.o
        10          0          0          0          0          0   rtexit2.o
       128          0          0          0          0         68   strcmpv7m.o
       150          0          0          0          0         80   strncmp.o
        36          0          0          0          0         80   strstr.o
       112          0          0          0          0         88   strtol.o
        12          4          0          0          0         68   sys_exit.o
        74          0          0          0          0         80   sys_stackheap_outer.o
         2          0          0          0          0         68   use_no_semi.o
        12          0          0          0          0         68   dretinf.o
        86          4          0          0          0         84   f2d.o
        12          4          0          0          0         68   fcheck1.o
        24          0          0          0          0         68   fcmpi.o
        38          0          0          0          0         68   fflt_clz.o
       104          4          0          0          0         84   fleqf.o
       258          4          0          0          0         84   fmul.o
       140          4          0          0          0         84   fnaninf.o
        10          0          0          0          0         68   fretinf.o
        98          0          0          0          0         68   frleqf.o
         4          0          0          0          0         68   printf1.o
       100          0          0          0          0         68   retnan.o
        76          0          0          0          0         68   scalbnf.o
        48          0          0          0          0         68   trapv.o
         0          0          0          0          0          0   usenofp.o
        40          0          0          0          0         68   fpclassify.o

    ----------------------------------------------------------------------
      6558        244        448          0         96       4620   Library Totals
        22          0          0          0          0          0   (incl. Padding)

    ----------------------------------------------------------------------

      Code (inc. data)   RO Data    RW Data    ZI Data      Debug   Library Name

      5486        224        448          0         96       3536   c_w.l
      1010         20          0          0          0       1016   fz_ws.l
        40          0          0          0          0         68   m_ws.l

    ----------------------------------------------------------------------
      6558        244        448          0         96       4620   Library Totals

    ----------------------------------------------------------------------

==============================================================================


      Code (inc. data)   RO Data    RW Data    ZI Data      Debug   

     17152       1030        788         32       1960     562313   Grand Totals
     17152       1030        788         32       1960     562313   ELF Image Totals
     17152       1030        788         32          0          0   ROM Totals

==============================================================================

    Total RO  Size (Code + RO Data)                17940 (  17.52kB)
    Total RW  Size (RW Data + ZI Data)              1992 (   1.95kB)
    Total ROM Size (Code + RO Data + RW Data)      17972 (  17.55kB)

==============================================================================

